0:0:0:0:0:0:0:1 - - [23/Sep/2014:16:41:18 +0530] "GET /portal/gadgets/gii-2013-creative-outputs/banner.jpg HTTP/1.1" 200 116418 "-" "Mozilla/5.0 (Windows NT 6.2; WOW64; rv:32.0) Gecko/20100101 Firefox/32.0"
0:0:0:0:0:0:0:1 - - [23/Sep/2014:16:41:18 +0530] "GET /portal/gadgets/gii-2013-business-sophistication/banner.jpg HTTP/1.1" 200 126354 "-" "Mozilla/5.0 (Windows NT 6.2; WOW64; rv:32.0) Gecko/20100101 Firefox/32.0"
0:0:0:0:0:0:0:1 - - [23/Sep/2014:16:41:18 +0530] "GET /portal/gadgets/gii-2013-human-capital-research/thumbnail.jpg HTTP/1.1" 200 59032 "-" "Mozilla/5.0 (Windows NT 6.2; WOW64; rv:32.0) Gecko/20100101 Firefox/32.0"
0:0:0:0:0:0:0:1 - - [23/Sep/2014:16:41:18 +0530] "GET /portal/gadgets/gii-2013-creative-outputs/thumbnail.jpg HTTP/1.1" 200 58116 "-" "Mozilla/5.0 (Windows NT 6.2; WOW64; rv:32.0) Gecko/20100101 Firefox/32.0"
0:0:0:0:0:0:0:1 - - [23/Sep/2014:16:41:18 +0530] "GET /portal/gadgets/gii-2013-infrastructure/banner.jpg HTTP/1.1" 200 111297 "-" "Mozilla/5.0 (Windows NT 6.2; WOW64; rv:32.0) Gecko/20100101 Firefox/32.0"
0:0:0:0:0:0:0:1 - - [23/Sep/2014:16:41:18 +0530] "GET /portal/gadgets/gii-2013-human-capital-research/banner.jpg HTTP/1.1" 200 118438 "-" "Mozilla/5.0 (Windows NT 6.2; WOW64; rv:32.0) Gecko/20100101 Firefox/32.0"
0:0:0:0:0:0:0:1 - - [23/Sep/2014:16:41:18 +0530] "GET /portal/gadgets/gii-2013-infrastructure/thumbnail.jpg HTTP/1.1" 200 56681 "-" "Mozilla/5.0 (Windows NT 6.2; WOW64; rv:32.0) Gecko/20100101 Firefox/32.0"
0:0:0:0:0:0:0:1 - - [23/Sep/2014:16:41:18 +0530] "GET /portal/gadgets/gii-2013-institutions/thumbnail.jpg HTTP/1.1" 200 55594 "-" "Mozilla/5.0 (Windows NT 6.2; WOW64; rv:32.0) Gecko/20100101 Firefox/32.0"
0:0:0:0:0:0:0:1 - - [23/Sep/2014:16:41:18 +0530] "GET /portal/gadgets/gii-2013-knowledge-technology-outputs/thumbnail.jpg HTTP/1.1" 200 58699 "-" "Mozilla/5.0 (Windows NT 6.2; WOW64; rv:32.0) Gecko/20100101 Firefox/32.0"
0:0:0:0:0:0:0:1 - - [23/Sep/2014:16:41:18 +0530] "GET /portal/gadgets/gii-2013-institutions/banner.jpg HTTP/1.1" 200 109270 "-" "Mozilla/5.0 (Windows NT 6.2; WOW64; rv:32.0) Gecko/20100101 Firefox/32.0"
0:0:0:0:0:0:0:1 - - [23/Sep/2014:16:41:18 +0530] "GET /portal/gadgets/global-innovation-index-2013/thumbnail.jpg HTTP/1.1" 200 52554 "-" "Mozilla/5.0 (Windows NT 6.2; WOW64; rv:32.0) Gecko/20100101 Firefox/32.0"
0:0:0:0:0:0:0:1 - - [23/Sep/2014:16:41:18 +0530] "GET /portal/gadgets/publication-chart/thumbnail.jpg HTTP/1.1" 200 16278 "-" "Mozilla/5.0 (Windows NT 6.2; WOW64; rv:32.0) Gecko/20100101 Firefox/32.0"
0:0:0:0:0:0:0:1 - - [23/Sep/2014:16:41:18 +0530] "GET /portal/gadgets/gii-2013-market-sophistication/thumbnail.jpg HTTP/1.1" 200 57891 "-" "Mozilla/5.0 (Windows NT 6.2; WOW64; rv:32.0) Gecko/20100101 Firefox/32.0"
0:0:0:0:0:0:0:1 - - [23/Sep/2014:16:41:18 +0530] "GET /store/themes/store/img/logo.png HTTP/1.1" 200 4859 "https://localhost:9443/store/themes/store/css/navigation.css" "Mozilla/5.0 (Windows NT 6.2; WOW64; rv:32.0) Gecko/20100101 Firefox/32.0"
0:0:0:0:0:0:0:1 - - [23/Sep/2014:16:41:18 +0530] "GET /store/themes/store/img/search-bg.png HTTP/1.1" 200 951 "https://localhost:9443/store/themes/store/css/styles.css" "Mozilla/5.0 (Windows NT 6.2; WOW64; rv:32.0) Gecko/20100101 Firefox/32.0"
0:0:0:0:0:0:0:1 - - [23/Sep/2014:16:41:18 +0530] "GET /store/themes/store/img/icon-bar-gadget.png HTTP/1.1" 200 1613 "https://localhost:9443/store/themes/store/css/styles.css" "Mozilla/5.0 (Windows NT 6.2; WOW64; rv:32.0) Gecko/20100101 Firefox/32.0"
0:0:0:0:0:0:0:1 - - [23/Sep/2014:16:41:18 +0530] "GET /store/themes/store/img/store-stars.png HTTP/1.1" 200 5311 "https://localhost:9443/store/themes/store/css/styles.css" "Mozilla/5.0 (Windows NT 6.2; WOW64; rv:32.0) Gecko/20100101 Firefox/32.0"
0:0:0:0:0:0:0:1 - - [23/Sep/2014:16:41:18 +0530] "GET /store/themes/store/img/icon-bar-site.png HTTP/1.1" 200 1691 "https://localhost:9443/store/themes/store/css/styles.css" "Mozilla/5.0 (Windows NT 6.2; WOW64; rv:32.0) Gecko/20100101 Firefox/32.0"
0:0:0:0:0:0:0:1 - - [23/Sep/2014:16:41:18 +0530] "GET /store/themes/store/img/wso2-logo-small.png HTTP/1.1" 200 3000 "https://localhost:9443/store/themes/store/css/styles.css" "Mozilla/5.0 (Windows NT 6.2; WOW64; rv:32.0) Gecko/20100101 Firefox/32.0"
0:0:0:0:0:0:0:1 - - [23/Sep/2014:16:41:18 +0530] "GET /store/themes/store/font/Lato-Bol-webfont.woff HTTP/1.1" 200 19432 "https://localhost:9443/store/themes/store/css/styles.css" "Mozilla/5.0 (Windows NT 6.2; WOW64; rv:32.0) Gecko/20100101 Firefox/32.0"
0:0:0:0:0:0:0:1 - - [23/Sep/2014:16:41:18 +0530] "GET /store/themes/store/font/Lato-Reg-webfont.woff HTTP/1.1" 200 19260 "https://localhost:9443/store/themes/store/css/styles.css" "Mozilla/5.0 (Windows NT 6.2; WOW64; rv:32.0) Gecko/20100101 Firefox/32.0"
0:0:0:0:0:0:0:1 - - [23/Sep/2014:16:41:18 +0530] "GET /store/themes/store/font/fontawesome-webfont.woff?v=3.2.1 HTTP/1.1" 200 43572 "https://localhost:9443/store/themes/store/css/font-awesome.min.css" "Mozilla/5.0 (Windows NT 6.2; WOW64; rv:32.0) Gecko/20100101 Firefox/32.0"
0:0:0:0:0:0:0:1 - - [23/Sep/2014:16:41:18 +0530] "GET /store/themes/store/img/asset_slideshow_controls_left.png HTTP/1.1" 200 1916 "https://localhost:9443/store/themes/store/css/styles.css" "Mozilla/5.0 (Windows NT 6.2; WOW64; rv:32.0) Gecko/20100101 Firefox/32.0"
0:0:0:0:0:0:0:1 - - [23/Sep/2014:16:41:18 +0530] "GET /store/themes/store/img/asset_slideshow_controls_right.png HTTP/1.1" 200 1890 "https://localhost:9443/store/themes/store/css/styles.css" "Mozilla/5.0 (Windows NT 6.2; WOW64; rv:32.0) Gecko/20100101 Firefox/32.0"
0:0:0:0:0:0:0:1 - - [23/Sep/2014:16:41:19 +0530] "GET /store/themes/store/img/asset-slideshow-pag.png HTTP/1.1" 200 1091 "https://localhost:9443/store/themes/store/css/top-assets.css" "Mozilla/5.0 (Windows NT 6.2; WOW64; rv:32.0) Gecko/20100101 Firefox/32.0"
127.0.0.1 - - [23/Sep/2014:16:41:52 +0530] "GET /portal/gadgets/show-assets/font/Lato-Regular.ttf HTTP/1.1" 404 898 "-" "Apache Shindig"
127.0.0.1 - - [23/Sep/2014:16:41:52 +0530] "GET /portal/gadgets/show-assets/css/styles.css HTTP/1.1" 200 2062 "-" "Apache Shindig"
0:0:0:0:0:0:0:1 - - [23/Sep/2014:16:41:52 +0530] "GET //gadgets/proxy?container=default&gadget=http%3A%2F%2Flocalhost%3A9763%2Fportal%2Fgadgets%2Fshow-assets%2Fcss%2Fstyles.css&debug=0&nocache=1&url=http%3A%2F%2Flocalhost%3A9763%2Fportal%2Fgadgets%2Fshow-assets%2Ffont%2FLato-Regular.ttf HTTP/1.1" 304 - "https://localhost:9443//gadgets/concat?container=default&gadget=http%3A%2F%2Flocalhost%3A9763%2Fportal%2Fgadgets%2Fshow-assets%2Fshow-assets.xml&debug=1&nocache=1&type=css&1=http%3A%2F%2Flocalhost%3A9763%2Fportal%2Fgadgets%2Fshow-assets%2Fcss%2Fbootstrap.min.css&2=http%3A%2F%2Flocalhost%3A9763%2Fportal%2Fgadgets%2Fshow-assets%2Fcss%2Fstyles.css" "Mozilla/5.0 (Windows NT 6.2; WOW64; rv:32.0) Gecko/20100101 Firefox/32.0"
0:0:0:0:0:0:0:1 - - [23/Sep/2014:16:42:28 +0530] "GET /portal/themes/portal/img/dummy-grid.png HTTP/1.1" 200 9330 "https://localhost:9443/portal/themes/portal/css/portal-dashboard-designer.css" "Mozilla/5.0 (Windows NT 6.2; WOW64; rv:32.0) Gecko/20100101 Firefox/32.0"
0:0:0:0:0:0:0:1 - - [23/Sep/2014:16:42:28 +0530] "GET /portal/themes/portal/img/ui-icons_222222_256x240.png HTTP/1.1" 200 4369 "https://localhost:9443/portal/themes/portal/css/portal-dashboard-designer.css" "Mozilla/5.0 (Windows NT 6.2; WOW64; rv:32.0) Gecko/20100101 Firefox/32.0"
127.0.0.1 - - [23/Sep/2014:16:42:33 +0530] "GET /portal/gadgets/show-assets/font/Lato-Regular.ttf HTTP/1.1" 404 898 "-" "Apache Shindig"
127.0.0.1 - - [23/Sep/2014:16:42:33 +0530] "GET /portal/gadgets/show-assets/css/styles.css HTTP/1.1" 200 2062 "-" "Apache Shindig"
0:0:0:0:0:0:0:1 - - [23/Sep/2014:16:42:33 +0530] "GET //gadgets/proxy?container=default&gadget=http%3A%2F%2Flocalhost%3A9763%2Fportal%2Fgadgets%2Fshow-assets%2Fcss%2Fstyles.css&debug=0&nocache=1&url=http%3A%2F%2Flocalhost%3A9763%2Fportal%2Fgadgets%2Fshow-assets%2Ffont%2FLato-Regular.ttf HTTP/1.1" 304 - "https://localhost:9443//gadgets/concat?container=default&gadget=http%3A%2F%2Flocalhost%3A9763%2Fportal%2Fgadgets%2Fshow-assets%2Fshow-assets.xml&debug=1&nocache=1&type=css&1=http%3A%2F%2Flocalhost%3A9763%2Fportal%2Fgadgets%2Fshow-assets%2Fcss%2Fbootstrap.min.css&2=http%3A%2F%2Flocalhost%3A9763%2Fportal%2Fgadgets%2Fshow-assets%2Fcss%2Fstyles.css" "Mozilla/5.0 (Windows NT 6.2; WOW64; rv:32.0) Gecko/20100101 Firefox/32.0"
0:0:0:0:0:0:0:1 - - [23/Sep/2014:16:42:35 +0530] "GET /store/apis/asset/gadget HTTP/1.1" 200 8451 "https://localhost:9443//gadgets/ifr?url=http%3A%2F%2Flocalhost%3A9763%2Fportal%2Fgadgets%2Fshow-assets%2Fshow-assets.xml&container=default&view=default&lang=en&country=US&debug=1&nocache=1&sanitize=0&v=d8213105a7083aec18c9bce3596dddd0&testmode=0&parent=https%3A%2F%2Flocalhost%3A9443&mid=0" "Mozilla/5.0 (Windows NT 6.2; WOW64; rv:32.0) Gecko/20100101 Firefox/32.0"
0:0:0:0:0:0:0:1 - - [23/Sep/2014:16:42:35 +0530] "GET /store/apis/asset/gadget?id=%2F_system%2Fgovernance%2Fgadgets%2Fadmin%2FGII+2013+-+Human+Capital+%26+Research%2F1.0.0 HTTP/1.1" 200 926 "https://localhost:9443//gadgets/ifr?url=http%3A%2F%2Flocalhost%3A9763%2Fportal%2Fgadgets%2Fshow-assets%2Fshow-assets.xml&container=default&view=default&lang=en&country=US&debug=1&nocache=1&sanitize=0&v=d8213105a7083aec18c9bce3596dddd0&testmode=0&parent=https%3A%2F%2Flocalhost%3A9443&mid=0" "Mozilla/5.0 (Windows NT 6.2; WOW64; rv:32.0) Gecko/20100101 Firefox/32.0"
0:0:0:0:0:0:0:1 - - [23/Sep/2014:16:42:35 +0530] "GET /store/apis/asset/gadget?id=%2F_system%2Fgovernance%2Fgadgets%2Fadmin%2FGII+2013+-+Knowledge+%26+technology+outputs%2F1.0.0 HTTP/1.1" 200 968 "https://localhost:9443//gadgets/ifr?url=http%3A%2F%2Flocalhost%3A9763%2Fportal%2Fgadgets%2Fshow-assets%2Fshow-assets.xml&container=default&view=default&lang=en&country=US&debug=1&nocache=1&sanitize=0&v=d8213105a7083aec18c9bce3596dddd0&testmode=0&parent=https%3A%2F%2Flocalhost%3A9443&mid=0" "Mozilla/5.0 (Windows NT 6.2; WOW64; rv:32.0) Gecko/20100101 Firefox/32.0"
0:0:0:0:0:0:0:1 - - [23/Sep/2014:16:42:35 +0530] "GET /store/apis/asset/gadget?id=%2F_system%2Fgovernance%2Fgadgets%2Fadmin%2FGII+2013+-+Institutions%2F1.0.0 HTTP/1.1" 200 852 "https://localhost:9443//gadgets/ifr?url=http%3A%2F%2Flocalhost%3A9763%2Fportal%2Fgadgets%2Fshow-assets%2Fshow-assets.xml&container=default&view=default&lang=en&country=US&debug=1&nocache=1&sanitize=0&v=d8213105a7083aec18c9bce3596dddd0&testmode=0&parent=https%3A%2F%2Flocalhost%3A9443&mid=0" "Mozilla/5.0 (Windows NT 6.2; WOW64; rv:32.0) Gecko/20100101 Firefox/32.0"
0:0:0:0:0:0:0:1 - - [23/Sep/2014:16:42:35 +0530] "GET /store/apis/asset/gadget?id=%2F_system%2Fgovernance%2Fgadgets%2Fadmin%2FGlobal+Innovaion+Index+2013%2F1.0.0 HTTP/1.1" 200 865 "https://localhost:9443//gadgets/ifr?url=http%3A%2F%2Flocalhost%3A9763%2Fportal%2Fgadgets%2Fshow-assets%2Fshow-assets.xml&container=default&view=default&lang=en&country=US&debug=1&nocache=1&sanitize=0&v=d8213105a7083aec18c9bce3596dddd0&testmode=0&parent=https%3A%2F%2Flocalhost%3A9443&mid=0" "Mozilla/5.0 (Windows NT 6.2; WOW64; rv:32.0) Gecko/20100101 Firefox/32.0"
0:0:0:0:0:0:0:1 - - [23/Sep/2014:16:42:35 +0530] "GET /store/apis/asset/gadget?id=%2F_system%2Fgovernance%2Fgadgets%2Fadmin%2FGII+2013+-+Infrastructure%2F1.0.0 HTTP/1.1" 200 866 "https://localhost:9443//gadgets/ifr?url=http%3A%2F%2Flocalhost%3A9763%2Fportal%2Fgadgets%2Fshow-assets%2Fshow-assets.xml&container=default&view=default&lang=en&country=US&debug=1&nocache=1&sanitize=0&v=d8213105a7083aec18c9bce3596dddd0&testmode=0&parent=https%3A%2F%2Flocalhost%3A9443&mid=0" "Mozilla/5.0 (Windows NT 6.2; WOW64; rv:32.0) Gecko/20100101 Firefox/32.0"
0:0:0:0:0:0:0:1 - - [23/Sep/2014:16:42:35 +0530] "GET /store/apis/asset/gadget?id=%2F_system%2Fgovernance%2Fgadgets%2Fadmin%2FGII+2013+-+Creative+outputs%2F1.0.0 HTTP/1.1" 200 880 "https://localhost:9443//gadgets/ifr?url=http%3A%2F%2Flocalhost%3A9763%2Fportal%2Fgadgets%2Fshow-assets%2Fshow-assets.xml&container=default&view=default&lang=en&country=US&debug=1&nocache=1&sanitize=0&v=d8213105a7083aec18c9bce3596dddd0&testmode=0&parent=https%3A%2F%2Flocalhost%3A9443&mid=0" "Mozilla/5.0 (Windows NT 6.2; WOW64; rv:32.0) Gecko/20100101 Firefox/32.0"
0:0:0:0:0:0:0:1 - - [23/Sep/2014:16:42:35 +0530] "GET /store/apis/asset/gadget?id=%2F_system%2Fgovernance%2Fgadgets%2Fadmin%2FGII+2013+-+Market+sophistication%2F1.0.0 HTTP/1.1" 200 915 "https://localhost:9443//gadgets/ifr?url=http%3A%2F%2Flocalhost%3A9763%2Fportal%2Fgadgets%2Fshow-assets%2Fshow-assets.xml&container=default&view=default&lang=en&country=US&debug=1&nocache=1&sanitize=0&v=d8213105a7083aec18c9bce3596dddd0&testmode=0&parent=https%3A%2F%2Flocalhost%3A9443&mid=0" "Mozilla/5.0 (Windows NT 6.2; WOW64; rv:32.0) Gecko/20100101 Firefox/32.0"
0:0:0:0:0:0:0:1 - - [23/Sep/2014:16:42:35 +0530] "GET /store/apis/asset/gadget?id=%2F_system%2Fgovernance%2Fgadgets%2Fadmin%2FPublications%2F1.0.0 HTTP/1.1" 200 1006 "https://localhost:9443//gadgets/ifr?url=http%3A%2F%2Flocalhost%3A9763%2Fportal%2Fgadgets%2Fshow-assets%2Fshow-assets.xml&container=default&view=default&lang=en&country=US&debug=1&nocache=1&sanitize=0&v=d8213105a7083aec18c9bce3596dddd0&testmode=0&parent=https%3A%2F%2Flocalhost%3A9443&mid=0" "Mozilla/5.0 (Windows NT 6.2; WOW64; rv:32.0) Gecko/20100101 Firefox/32.0"
0:0:0:0:0:0:0:1 - - [23/Sep/2014:16:42:35 +0530] "GET /store/apis/asset/gadget?id=%2F_system%2Fgovernance%2Fgadgets%2Fadmin%2FGII+2013+-+Business+sophistication%2F1.0.0 HTTP/1.1" 200 929 "https://localhost:9443//gadgets/ifr?url=http%3A%2F%2Flocalhost%3A9763%2Fportal%2Fgadgets%2Fshow-assets%2Fshow-assets.xml&container=default&view=default&lang=en&country=US&debug=1&nocache=1&sanitize=0&v=d8213105a7083aec18c9bce3596dddd0&testmode=0&parent=https%3A%2F%2Flocalhost%3A9443&mid=0" "Mozilla/5.0 (Windows NT 6.2; WOW64; rv:32.0) Gecko/20100101 Firefox/32.0"
127.0.0.1 - - [23/Sep/2014:16:42:40 +0530] "GET /portal/gadgets/global-innovation-index-2013/global-innovation-index-2013.xml HTTP/1.1" 200 923 "-" "Apache Shindig"
0:0:0:0:0:0:0:1 - - [23/Sep/2014:16:42:40 +0530] "POST //rpc?st=-1%3A-1%3A*%3A*%3A*%3A0%3Adefault HTTP/1.1" 200 1626 "https://localhost:9443/portal/designer.jag?dashboard=innovation-dashboard&layout=grid" "Mozilla/5.0 (Windows NT 6.2; WOW64; rv:32.0) Gecko/20100101 Firefox/32.0"
127.0.0.1 - - [23/Sep/2014:16:42:40 +0530] "GET /portal/gadgets/global-innovation-index-2013/global-innovation-index-2013.xml HTTP/1.1" 200 923 "-" "Apache Shindig"
0:0:0:0:0:0:0:1 - - [23/Sep/2014:16:42:40 +0530] "GET //gadgets/ifr?url=http%3A%2F%2Flocalhost%3A9763%2Fportal%2Fgadgets%2Fglobal-innovation-index-2013%2Fglobal-innovation-index-2013.xml&container=default&view=default&lang=en&country=US&debug=1&nocache=1&sanitize=0&v=d8213105a7083aec18c9bce3596dddd0&testmode=0&parent=https%3A%2F%2Flocalhost%3A9443&mid=0 HTTP/1.1" 200 1453 "https://localhost:9443/portal/designer.jag?dashboard=innovation-dashboard&layout=grid" "Mozilla/5.0 (Windows NT 6.2; WOW64; rv:32.0) Gecko/20100101 Firefox/32.0"
0:0:0:0:0:0:0:1 - - [23/Sep/2014:16:42:40 +0530] "GET //gadgets/js/setprefs:core!core:rpc.js?container=default&nocache=0&debug=1&c=0&v=6efc1002b527b14edcbc6ffebf5962e2&jsload=0 HTTP/1.1" 200 1404 "https://localhost:9443//gadgets/ifr?url=http%3A%2F%2Flocalhost%3A9763%2Fportal%2Fgadgets%2Fglobal-innovation-index-2013%2Fglobal-innovation-index-2013.xml&container=default&view=default&lang=en&country=US&debug=1&nocache=1&sanitize=0&v=d8213105a7083aec18c9bce3596dddd0&testmode=0&parent=https%3A%2F%2Flocalhost%3A9443&mid=0" "Mozilla/5.0 (Windows NT 6.2; WOW64; rv:32.0) Gecko/20100101 Firefox/32.0"
127.0.0.1 - - [23/Sep/2014:16:42:40 +0530] "GET /portal/gadgets/global-innovation-index-2013/css/global-innovation-index-2013.css HTTP/1.1" 200 279 "-" "Apache Shindig"
127.0.0.1 - - [23/Sep/2014:16:42:40 +0530] "GET /portal/themes/portal/css/bootstrap.min.css HTTP/1.1" 200 18754 "-" "Apache Shindig"
127.0.0.1 - - [23/Sep/2014:16:42:40 +0530] "GET /portal/themes/portal/css/flot-graph.css HTTP/1.1" 200 1294 "-" "Apache Shindig"
127.0.0.1 - - [23/Sep/2014:16:42:40 +0530] "GET /portal/gadgets/global-innovation-index-2013/global-innovation-index-2013.xml HTTP/1.1" 200 923 "-" "Apache Shindig"
127.0.0.1 - - [23/Sep/2014:16:42:40 +0530] "GET /portal/gadgets/global-innovation-index-2013/global-innovation-index-2013.xml HTTP/1.1" 200 923 "-" "Apache Shindig"
127.0.0.1 - - [23/Sep/2014:16:42:40 +0530] "GET /portal/gadgets/global-innovation-index-2013/global-innovation-index-2013.xml HTTP/1.1" 200 923 "-" "Apache Shindig"
0:0:0:0:0:0:0:1 - - [23/Sep/2014:16:42:40 +0530] "GET //gadgets/concat?container=default&gadget=http%3A%2F%2Flocalhost%3A9763%2Fportal%2Fgadgets%2Fglobal-innovation-index-2013%2Fglobal-innovation-index-2013.xml&debug=1&nocache=1&type=css&1=http%3A%2F%2Flocalhost%3A9763%2Fportal%2Fthemes%2Fportal%2Fcss%2Fflot-graph.css&2=http%3A%2F%2Flocalhost%3A9763%2Fportal%2Fthemes%2Fportal%2Fcss%2Fbootstrap.min.css&3=http%3A%2F%2Flocalhost%3A9763%2Fportal%2Fgadgets%2Fglobal-innovation-index-2013%2Fcss%2Fglobal-innovation-index-2013.css HTTP/1.1" 200 16373 "https://localhost:9443//gadgets/ifr?url=http%3A%2F%2Flocalhost%3A9763%2Fportal%2Fgadgets%2Fglobal-innovation-index-2013%2Fglobal-innovation-index-2013.xml&container=default&view=default&lang=en&country=US&debug=1&nocache=1&sanitize=0&v=d8213105a7083aec18c9bce3596dddd0&testmode=0&parent=https%3A%2F%2Flocalhost%3A9443&mid=0" "Mozilla/5.0 (Windows NT 6.2; WOW64; rv:32.0) Gecko/20100101 Firefox/32.0"
127.0.0.1 - - [23/Sep/2014:16:42:40 +0530] "GET /portal/gadgets/global-innovation-index-2013/js/jquery-1.11.1.min.js HTTP/1.1" 200 33737 "-" "Apache Shindig"
127.0.0.1 - - [23/Sep/2014:16:42:40 +0530] "GET /portal/gadgets/global-innovation-index-2013/global-innovation-index-2013.xml HTTP/1.1" 200 923 "-" "Apache Shindig"
127.0.0.1 - - [23/Sep/2014:16:42:40 +0530] "GET /portal/gadgets/global-innovation-index-2013/js/global-innovation-index-2013-core.js HTTP/1.1" 200 2062 "-" "Apache Shindig"
127.0.0.1 - - [23/Sep/2014:16:42:40 +0530] "GET /portal/gadgets/global-innovation-index-2013/js/NormRadarChart.js HTTP/1.1" 200 3763 "-" "Apache Shindig"
127.0.0.1 - - [23/Sep/2014:16:42:40 +0530] "GET /portal/gadgets/global-innovation-index-2013/js/d3-options-radar.js HTTP/1.1" 404 898 "-" "Apache Shindig"
127.0.0.1 - - [23/Sep/2014:16:42:40 +0530] "GET /portal/gadgets/global-innovation-index-2013/js/GroupedBarChart.js HTTP/1.1" 200 4084 "-" "Apache Shindig"
127.0.0.1 - - [23/Sep/2014:16:42:40 +0530] "GET /portal/gadgets/global-innovation-index-2013/js/d3.min.js HTTP/1.1" 200 52005 "-" "Apache Shindig"
127.0.0.1 - - [23/Sep/2014:16:42:40 +0530] "GET /portal/gadgets/global-innovation-index-2013/global-innovation-index-2013.xml HTTP/1.1" 200 923 "-" "Apache Shindig"
127.0.0.1 - - [23/Sep/2014:16:42:40 +0530] "GET /portal/gadgets/global-innovation-index-2013/global-innovation-index-2013.xml HTTP/1.1" 200 923 "-" "Apache Shindig"
127.0.0.1 - - [23/Sep/2014:16:42:40 +0530] "GET /portal/gadgets/global-innovation-index-2013/global-innovation-index-2013.xml HTTP/1.1" 200 923 "-" "Apache Shindig"
127.0.0.1 - - [23/Sep/2014:16:42:40 +0530] "GET /portal/gadgets/global-innovation-index-2013/global-innovation-index-2013.xml HTTP/1.1" 200 923 "-" "Apache Shindig"
127.0.0.1 - - [23/Sep/2014:16:42:40 +0530] "GET /portal/gadgets/global-innovation-index-2013/global-innovation-index-2013.xml HTTP/1.1" 200 923 "-" "Apache Shindig"
0:0:0:0:0:0:0:1 - - [23/Sep/2014:16:42:40 +0530] "GET //gadgets/concat?container=default&gadget=http%3A%2F%2Flocalhost%3A9763%2Fportal%2Fgadgets%2Fglobal-innovation-index-2013%2Fglobal-innovation-index-2013.xml&debug=1&nocache=1&type=js&1=http%3A%2F%2Flocalhost%3A9763%2Fportal%2Fgadgets%2Fglobal-innovation-index-2013%2Fjs%2Fjquery-1.11.1.min.js&2=http%3A%2F%2Flocalhost%3A9763%2Fportal%2Fgadgets%2Fglobal-innovation-index-2013%2Fjs%2Fd3.min.js&3=http%3A%2F%2Flocalhost%3A9763%2Fportal%2Fgadgets%2Fglobal-innovation-index-2013%2Fjs%2FNormRadarChart.js&4=http%3A%2F%2Flocalhost%3A9763%2Fportal%2Fgadgets%2Fglobal-innovation-index-2013%2Fjs%2FGroupedBarChart.js&5=http%3A%2F%2Flocalhost%3A9763%2Fportal%2Fgadgets%2Fglobal-innovation-index-2013%2Fjs%2Fd3-options-radar.js&6=http%3A%2F%2Flocalhost%3A9763%2Fportal%2Fgadgets%2Fglobal-innovation-index-2013%2Fjs%2Fglobal-innovation-index-2013-core.js HTTP/1.1" 200 94854 "https://localhost:9443//gadgets/ifr?url=http%3A%2F%2Flocalhost%3A9763%2Fportal%2Fgadgets%2Fglobal-innovation-index-2013%2Fglobal-innovation-index-2013.xml&container=default&view=default&lang=en&country=US&debug=1&nocache=1&sanitize=0&v=d8213105a7083aec18c9bce3596dddd0&testmode=0&parent=https%3A%2F%2Flocalhost%3A9443&mid=0" "Mozilla/5.0 (Windows NT 6.2; WOW64; rv:32.0) Gecko/20100101 Firefox/32.0"
0:0:0:0:0:0:0:1 - - [23/Sep/2014:16:42:41 +0530] "GET /portal/gadgets/global-innovation-index-2013/data-files/global-innovation-index-2013-data.jag?giId=2 HTTP/1.1" 200 656 "https://localhost:9443//gadgets/ifr?url=http%3A%2F%2Flocalhost%3A9763%2Fportal%2Fgadgets%2Fglobal-innovation-index-2013%2Fglobal-innovation-index-2013.xml&container=default&view=default&lang=en&country=US&debug=1&nocache=1&sanitize=0&v=d8213105a7083aec18c9bce3596dddd0&testmode=0&parent=https%3A%2F%2Flocalhost%3A9443&mid=0" "Mozilla/5.0 (Windows NT 6.2; WOW64; rv:32.0) Gecko/20100101 Firefox/32.0"
127.0.0.1 - - [23/Sep/2014:16:42:52 +0530] "GET /portal/gadgets/show-assets/font/Lato-Regular.ttf HTTP/1.1" 404 898 "-" "Apache Shindig"
127.0.0.1 - - [23/Sep/2014:16:42:52 +0530] "GET /portal/gadgets/show-assets/css/styles.css HTTP/1.1" 200 2062 "-" "Apache Shindig"
0:0:0:0:0:0:0:1 - - [23/Sep/2014:16:42:52 +0530] "GET //gadgets/proxy?container=default&gadget=http%3A%2F%2Flocalhost%3A9763%2Fportal%2Fgadgets%2Fshow-assets%2Fcss%2Fstyles.css&debug=0&nocache=1&url=http%3A%2F%2Flocalhost%3A9763%2Fportal%2Fgadgets%2Fshow-assets%2Ffont%2FLato-Regular.ttf HTTP/1.1" 304 - "https://localhost:9443//gadgets/concat?container=default&gadget=http%3A%2F%2Flocalhost%3A9763%2Fportal%2Fgadgets%2Fshow-assets%2Fshow-assets.xml&debug=1&nocache=1&type=css&1=http%3A%2F%2Flocalhost%3A9763%2Fportal%2Fgadgets%2Fshow-assets%2Fcss%2Fbootstrap.min.css&2=http%3A%2F%2Flocalhost%3A9763%2Fportal%2Fgadgets%2Fshow-assets%2Fcss%2Fstyles.css" "Mozilla/5.0 (Windows NT 6.2; WOW64; rv:32.0) Gecko/20100101 Firefox/32.0"
127.0.0.1 - - [23/Sep/2014:16:42:53 +0530] "GET /portal/gadgets/global-innovation-index-2013/global-innovation-index-2013.xml HTTP/1.1" 200 923 "-" "Apache Shindig"
0:0:0:0:0:0:0:1 - - [23/Sep/2014:16:42:53 +0530] "GET //gadgets/ifr?url=http%3A%2F%2Flocalhost%3A9763%2Fportal%2Fgadgets%2Fglobal-innovation-index-2013%2Fglobal-innovation-index-2013.xml&container=default&view=default&lang=en&country=US&debug=1&nocache=1&sanitize=0&v=d8213105a7083aec18c9bce3596dddd0&testmode=0&parent=https%3A%2F%2Flocalhost%3A9443&mid=0 HTTP/1.1" 304 - "https://localhost:9443/portal/designer.jag?dashboard=innovation-dashboard&layout=grid" "Mozilla/5.0 (Windows NT 6.2; WOW64; rv:32.0) Gecko/20100101 Firefox/32.0"
127.0.0.1 - - [23/Sep/2014:16:42:53 +0530] "GET /portal/themes/portal/css/flot-graph.css HTTP/1.1" 200 1294 "-" "Apache Shindig"
127.0.0.1 - - [23/Sep/2014:16:42:53 +0530] "GET /portal/gadgets/global-innovation-index-2013/css/global-innovation-index-2013.css HTTP/1.1" 200 279 "-" "Apache Shindig"
127.0.0.1 - - [23/Sep/2014:16:42:53 +0530] "GET /portal/gadgets/global-innovation-index-2013/global-innovation-index-2013.xml HTTP/1.1" 200 923 "-" "Apache Shindig"
127.0.0.1 - - [23/Sep/2014:16:42:53 +0530] "GET /portal/themes/portal/css/bootstrap.min.css HTTP/1.1" 200 18754 "-" "Apache Shindig"
127.0.0.1 - - [23/Sep/2014:16:42:53 +0530] "GET /portal/gadgets/global-innovation-index-2013/global-innovation-index-2013.xml HTTP/1.1" 200 923 "-" "Apache Shindig"
127.0.0.1 - - [23/Sep/2014:16:42:53 +0530] "GET /portal/gadgets/global-innovation-index-2013/global-innovation-index-2013.xml HTTP/1.1" 200 923 "-" "Apache Shindig"
0:0:0:0:0:0:0:1 - - [23/Sep/2014:16:42:53 +0530] "GET //gadgets/concat?container=default&gadget=http%3A%2F%2Flocalhost%3A9763%2Fportal%2Fgadgets%2Fglobal-innovation-index-2013%2Fglobal-innovation-index-2013.xml&debug=1&nocache=1&type=css&1=http%3A%2F%2Flocalhost%3A9763%2Fportal%2Fthemes%2Fportal%2Fcss%2Fflot-graph.css&2=http%3A%2F%2Flocalhost%3A9763%2Fportal%2Fthemes%2Fportal%2Fcss%2Fbootstrap.min.css&3=http%3A%2F%2Flocalhost%3A9763%2Fportal%2Fgadgets%2Fglobal-innovation-index-2013%2Fcss%2Fglobal-innovation-index-2013.css HTTP/1.1" 304 - "https://localhost:9443//gadgets/ifr?url=http%3A%2F%2Flocalhost%3A9763%2Fportal%2Fgadgets%2Fglobal-innovation-index-2013%2Fglobal-innovation-index-2013.xml&container=default&view=default&lang=en&country=US&debug=1&nocache=1&sanitize=0&v=d8213105a7083aec18c9bce3596dddd0&testmode=0&parent=https%3A%2F%2Flocalhost%3A9443&mid=0" "Mozilla/5.0 (Windows NT 6.2; WOW64; rv:32.0) Gecko/20100101 Firefox/32.0"
127.0.0.1 - - [23/Sep/2014:16:42:53 +0530] "GET /portal/gadgets/global-innovation-index-2013/js/d3-options-radar.js HTTP/1.1" 404 898 "-" "Apache Shindig"
127.0.0.1 - - [23/Sep/2014:16:42:53 +0530] "GET /portal/gadgets/global-innovation-index-2013/js/GroupedBarChart.js HTTP/1.1" 200 4084 "-" "Apache Shindig"
127.0.0.1 - - [23/Sep/2014:16:42:53 +0530] "GET /portal/gadgets/global-innovation-index-2013/js/global-innovation-index-2013-core.js HTTP/1.1" 200 2062 "-" "Apache Shindig"
127.0.0.1 - - [23/Sep/2014:16:42:53 +0530] "GET /portal/gadgets/global-innovation-index-2013/js/NormRadarChart.js HTTP/1.1" 200 3763 "-" "Apache Shindig"
127.0.0.1 - - [23/Sep/2014:16:42:53 +0530] "GET /portal/gadgets/global-innovation-index-2013/js/jquery-1.11.1.min.js HTTP/1.1" 200 33737 "-" "Apache Shindig"
127.0.0.1 - - [23/Sep/2014:16:42:53 +0530] "GET /portal/gadgets/global-innovation-index-2013/js/d3.min.js HTTP/1.1" 200 52005 "-" "Apache Shindig"
127.0.0.1 - - [23/Sep/2014:16:42:53 +0530] "GET /portal/gadgets/global-innovation-index-2013/global-innovation-index-2013.xml HTTP/1.1" 200 923 "-" "Apache Shindig"
127.0.0.1 - - [23/Sep/2014:16:42:53 +0530] "GET /portal/gadgets/global-innovation-index-2013/global-innovation-index-2013.xml HTTP/1.1" 200 923 "-" "Apache Shindig"
127.0.0.1 - - [23/Sep/2014:16:42:53 +0530] "GET /portal/gadgets/global-innovation-index-2013/global-innovation-index-2013.xml HTTP/1.1" 200 923 "-" "Apache Shindig"
127.0.0.1 - - [23/Sep/2014:16:42:53 +0530] "GET /portal/gadgets/global-innovation-index-2013/global-innovation-index-2013.xml HTTP/1.1" 200 923 "-" "Apache Shindig"
127.0.0.1 - - [23/Sep/2014:16:42:53 +0530] "GET /portal/gadgets/global-innovation-index-2013/global-innovation-index-2013.xml HTTP/1.1" 200 923 "-" "Apache Shindig"
127.0.0.1 - - [23/Sep/2014:16:42:53 +0530] "GET /portal/gadgets/global-innovation-index-2013/global-innovation-index-2013.xml HTTP/1.1" 200 923 "-" "Apache Shindig"
0:0:0:0:0:0:0:1 - - [23/Sep/2014:16:42:53 +0530] "GET //gadgets/concat?container=default&gadget=http%3A%2F%2Flocalhost%3A9763%2Fportal%2Fgadgets%2Fglobal-innovation-index-2013%2Fglobal-innovation-index-2013.xml&debug=1&nocache=1&type=js&1=http%3A%2F%2Flocalhost%3A9763%2Fportal%2Fgadgets%2Fglobal-innovation-index-2013%2Fjs%2Fjquery-1.11.1.min.js&2=http%3A%2F%2Flocalhost%3A9763%2Fportal%2Fgadgets%2Fglobal-innovation-index-2013%2Fjs%2Fd3.min.js&3=http%3A%2F%2Flocalhost%3A9763%2Fportal%2Fgadgets%2Fglobal-innovation-index-2013%2Fjs%2FNormRadarChart.js&4=http%3A%2F%2Flocalhost%3A9763%2Fportal%2Fgadgets%2Fglobal-innovation-index-2013%2Fjs%2FGroupedBarChart.js&5=http%3A%2F%2Flocalhost%3A9763%2Fportal%2Fgadgets%2Fglobal-innovation-index-2013%2Fjs%2Fd3-options-radar.js&6=http%3A%2F%2Flocalhost%3A9763%2Fportal%2Fgadgets%2Fglobal-innovation-index-2013%2Fjs%2Fglobal-innovation-index-2013-core.js HTTP/1.1" 304 - "https://localhost:9443//gadgets/ifr?url=http%3A%2F%2Flocalhost%3A9763%2Fportal%2Fgadgets%2Fglobal-innovation-index-2013%2Fglobal-innovation-index-2013.xml&container=default&view=default&lang=en&country=US&debug=1&nocache=1&sanitize=0&v=d8213105a7083aec18c9bce3596dddd0&testmode=0&parent=https%3A%2F%2Flocalhost%3A9443&mid=0" "Mozilla/5.0 (Windows NT 6.2; WOW64; rv:32.0) Gecko/20100101 Firefox/32.0"
0:0:0:0:0:0:0:1 - - [23/Sep/2014:16:42:53 +0530] "GET /portal/gadgets/global-innovation-index-2013/data-files/global-innovation-index-2013-data.jag?giId=2 HTTP/1.1" 200 656 "https://localhost:9443//gadgets/ifr?url=http%3A%2F%2Flocalhost%3A9763%2Fportal%2Fgadgets%2Fglobal-innovation-index-2013%2Fglobal-innovation-index-2013.xml&container=default&view=default&lang=en&country=US&debug=1&nocache=1&sanitize=0&v=d8213105a7083aec18c9bce3596dddd0&testmode=0&parent=https%3A%2F%2Flocalhost%3A9443&mid=0" "Mozilla/5.0 (Windows NT 6.2; WOW64; rv:32.0) Gecko/20100101 Firefox/32.0"
0:0:0:0:0:0:0:1 - - [23/Sep/2014:16:42:58 +0530] "POST /portal/apis/dashboard/innovation-dashboard HTTP/1.1" 200 4 "https://localhost:9443/portal/designer.jag?dashboard=innovation-dashboard&layout=grid" "Mozilla/5.0 (Windows NT 6.2; WOW64; rv:32.0) Gecko/20100101 Firefox/32.0"
0:0:0:0:0:0:0:1 - - [23/Sep/2014:16:43:06 +0530] "POST /portal/apis/dashboard/innovation-dashboard HTTP/1.1" 200 4 "https://localhost:9443/portal/designer.jag?dashboard=innovation-dashboard&layout=grid" "Mozilla/5.0 (Windows NT 6.2; WOW64; rv:32.0) Gecko/20100101 Firefox/32.0"
0:0:0:0:0:0:0:1 - - [23/Sep/2014:16:43:14 +0530] "GET /innovation-dashboard HTTP/1.1" 302 - "https://localhost:9443/portal/designer.jag?dashboard=innovation-dashboard&layout=grid" "Mozilla/5.0 (Windows NT 6.2; WOW64; rv:32.0) Gecko/20100101 Firefox/32.0"
0:0:0:0:0:0:0:1 - - [23/Sep/2014:16:43:14 +0530] "GET /innovation-dashboard/ HTTP/1.1" 302 - "https://localhost:9443/portal/designer.jag?dashboard=innovation-dashboard&layout=grid" "Mozilla/5.0 (Windows NT 6.2; WOW64; rv:32.0) Gecko/20100101 Firefox/32.0"
0:0:0:0:0:0:0:1 - - [23/Sep/2014:16:43:14 +0530] "GET /innovation-dashboard/login HTTP/1.1" 200 1390 "https://localhost:9443/portal/designer.jag?dashboard=innovation-dashboard&layout=grid" "Mozilla/5.0 (Windows NT 6.2; WOW64; rv:32.0) Gecko/20100101 Firefox/32.0"
0:0:0:0:0:0:0:1 - - [23/Sep/2014:16:43:14 +0530] "POST /sso/samlsso.jag HTTP/1.1" 200 2024 "https://localhost:9443/innovation-dashboard/login" "Mozilla/5.0 (Windows NT 6.2; WOW64; rv:32.0) Gecko/20100101 Firefox/32.0"
0:0:0:0:0:0:0:1 - - [23/Sep/2014:16:43:14 +0530] "POST /innovation-dashboard/sso HTTP/1.1" 302 - "https://localhost:9443/sso/samlsso.jag" "Mozilla/5.0 (Windows NT 6.2; WOW64; rv:32.0) Gecko/20100101 Firefox/32.0"
0:0:0:0:0:0:0:1 - - [23/Sep/2014:16:43:14 +0530] "GET /innovation-dashboard HTTP/1.1" 302 - "https://localhost:9443/sso/samlsso.jag" "Mozilla/5.0 (Windows NT 6.2; WOW64; rv:32.0) Gecko/20100101 Firefox/32.0"
0:0:0:0:0:0:0:1 - - [23/Sep/2014:16:43:14 +0530] "GET /innovation-dashboard/ HTTP/1.1" 200 2542 "https://localhost:9443/sso/samlsso.jag" "Mozilla/5.0 (Windows NT 6.2; WOW64; rv:32.0) Gecko/20100101 Firefox/32.0"
0:0:0:0:0:0:0:1 - - [23/Sep/2014:16:43:14 +0530] "GET /innovation-dashboard/css/bootstrap-responsive.min.css HTTP/1.1" 200 4003 "https://localhost:9443/innovation-dashboard/" "Mozilla/5.0 (Windows NT 6.2; WOW64; rv:32.0) Gecko/20100101 Firefox/32.0"
0:0:0:0:0:0:0:1 - - [23/Sep/2014:16:43:14 +0530] "GET /innovation-dashboard/css/font-awesome.min.css HTTP/1.1" 200 4456 "https://localhost:9443/innovation-dashboard/" "Mozilla/5.0 (Windows NT 6.2; WOW64; rv:32.0) Gecko/20100101 Firefox/32.0"
0:0:0:0:0:0:0:1 - - [23/Sep/2014:16:43:14 +0530] "GET /innovation-dashboard/css/font-awesome-ie7.min.css HTTP/1.1" 200 3385 "https://localhost:9443/innovation-dashboard/" "Mozilla/5.0 (Windows NT 6.2; WOW64; rv:32.0) Gecko/20100101 Firefox/32.0"
0:0:0:0:0:0:0:1 - - [23/Sep/2014:16:43:14 +0530] "GET /innovation-dashboard/css/bootstrap.min.css HTTP/1.1" 200 18754 "https://localhost:9443/innovation-dashboard/" "Mozilla/5.0 (Windows NT 6.2; WOW64; rv:32.0) Gecko/20100101 Firefox/32.0"
0:0:0:0:0:0:0:1 - - [23/Sep/2014:16:43:14 +0530] "GET /innovation-dashboard/css/jquery.gridster.min.css HTTP/1.1" 200 1220 "https://localhost:9443/innovation-dashboard/" "Mozilla/5.0 (Windows NT 6.2; WOW64; rv:32.0) Gecko/20100101 Firefox/32.0"
0:0:0:0:0:0:0:1 - - [23/Sep/2014:16:43:14 +0530] "GET /innovation-dashboard/css/navigation.css HTTP/1.1" 200 1095 "https://localhost:9443/innovation-dashboard/" "Mozilla/5.0 (Windows NT 6.2; WOW64; rv:32.0) Gecko/20100101 Firefox/32.0"
0:0:0:0:0:0:0:1 - - [23/Sep/2014:16:43:14 +0530] "GET /innovation-dashboard/css/portal-dashboard-designer.css HTTP/1.1" 200 3076 "https://localhost:9443/innovation-dashboard/" "Mozilla/5.0 (Windows NT 6.2; WOW64; rv:32.0) Gecko/20100101 Firefox/32.0"
0:0:0:0:0:0:0:1 - - [23/Sep/2014:16:43:14 +0530] "GET /innovation-dashboard/css/styles.css HTTP/1.1" 200 2323 "https://localhost:9443/innovation-dashboard/" "Mozilla/5.0 (Windows NT 6.2; WOW64; rv:32.0) Gecko/20100101 Firefox/32.0"
0:0:0:0:0:0:0:1 - - [23/Sep/2014:16:43:14 +0530] "GET /innovation-dashboard/js/navigation.js HTTP/1.1" 200 1030 "https://localhost:9443/innovation-dashboard/" "Mozilla/5.0 (Windows NT 6.2; WOW64; rv:32.0) Gecko/20100101 Firefox/32.0"
0:0:0:0:0:0:0:1 - - [23/Sep/2014:16:43:14 +0530] "GET /innovation-dashboard/js/bootstrap.min.js HTTP/1.1" 200 7004 "https://localhost:9443/innovation-dashboard/" "Mozilla/5.0 (Windows NT 6.2; WOW64; rv:32.0) Gecko/20100101 Firefox/32.0"
0:0:0:0:0:0:0:1 - - [23/Sep/2014:16:43:14 +0530] "GET /innovation-dashboard/js/handlebars.js HTTP/1.1" 200 12827 "https://localhost:9443/innovation-dashboard/" "Mozilla/5.0 (Windows NT 6.2; WOW64; rv:32.0) Gecko/20100101 Firefox/32.0"
0:0:0:0:0:0:0:1 - - [23/Sep/2014:16:43:14 +0530] "GET /innovation-dashboard/js/jquery.gridster.with-extras.min.js HTTP/1.1" 200 22017 "https://localhost:9443/innovation-dashboard/" "Mozilla/5.0 (Windows NT 6.2; WOW64; rv:32.0) Gecko/20100101 Firefox/32.0"
0:0:0:0:0:0:0:1 - - [23/Sep/2014:16:43:14 +0530] "GET /innovation-dashboard/js/jquery-ui-1.10.1.custom.min.js HTTP/1.1" 200 24620 "https://localhost:9443/innovation-dashboard/" "Mozilla/5.0 (Windows NT 6.2; WOW64; rv:32.0) Gecko/20100101 Firefox/32.0"
0:0:0:0:0:0:0:1 - - [23/Sep/2014:16:43:14 +0530] "GET /innovation-dashboard/js/UESContainer.js HTTP/1.1" 200 972 "https://localhost:9443/innovation-dashboard/" "Mozilla/5.0 (Windows NT 6.2; WOW64; rv:32.0) Gecko/20100101 Firefox/32.0"
0:0:0:0:0:0:0:1 - - [23/Sep/2014:16:43:14 +0530] "GET /innovation-dashboard/js/portal-dashboard-designer.js HTTP/1.1" 200 4855 "https://localhost:9443/innovation-dashboard/" "Mozilla/5.0 (Windows NT 6.2; WOW64; rv:32.0) Gecko/20100101 Firefox/32.0"
0:0:0:0:0:0:0:1 - - [23/Sep/2014:16:43:14 +0530] "GET /innovation-dashboard/js/shindig.js HTTP/1.1" 200 34461 "https://localhost:9443/innovation-dashboard/" "Mozilla/5.0 (Windows NT 6.2; WOW64; rv:32.0) Gecko/20100101 Firefox/32.0"
0:0:0:0:0:0:0:1 - - [23/Sep/2014:16:43:14 +0530] "GET /innovation-dashboard/js/jquery-1.8.3.min.js HTTP/1.1" 200 33942 "https://localhost:9443/innovation-dashboard/" "Mozilla/5.0 (Windows NT 6.2; WOW64; rv:32.0) Gecko/20100101 Firefox/32.0"
0:0:0:0:0:0:0:1 - - [23/Sep/2014:16:43:14 +0530] "GET /innovation-dashboard/img/logo.png HTTP/1.1" 200 4331 "https://localhost:9443/innovation-dashboard/css/navigation.css" "Mozilla/5.0 (Windows NT 6.2; WOW64; rv:32.0) Gecko/20100101 Firefox/32.0"
0:0:0:0:0:0:0:1 - - [23/Sep/2014:16:43:14 +0530] "GET /innovation-dashboard/font/Lato-Bol-webfont.woff HTTP/1.1" 200 19432 "https://localhost:9443/innovation-dashboard/css/styles.css" "Mozilla/5.0 (Windows NT 6.2; WOW64; rv:32.0) Gecko/20100101 Firefox/32.0"
0:0:0:0:0:0:0:1 - - [23/Sep/2014:16:43:14 +0530] "GET /innovation-dashboard/font/fontawesome-webfont.woff?v=3.2.1 HTTP/1.1" 200 43572 "https://localhost:9443/innovation-dashboard/css/font-awesome.min.css" "Mozilla/5.0 (Windows NT 6.2; WOW64; rv:32.0) Gecko/20100101 Firefox/32.0"
0:0:0:0:0:0:0:1 - - [23/Sep/2014:16:43:14 +0530] "GET /innovation-dashboard/img/designer-sprite.png HTTP/1.1" 200 10674 "https://localhost:9443/innovation-dashboard/css/portal-dashboard-designer.css" "Mozilla/5.0 (Windows NT 6.2; WOW64; rv:32.0) Gecko/20100101 Firefox/32.0"
0:0:0:0:0:0:0:1 - - [23/Sep/2014:16:43:14 +0530] "GET /innovation-dashboard/font/Lato-Reg-webfont.woff HTTP/1.1" 200 19260 "https://localhost:9443/innovation-dashboard/css/styles.css" "Mozilla/5.0 (Windows NT 6.2; WOW64; rv:32.0) Gecko/20100101 Firefox/32.0"
0:0:0:0:0:0:0:1 - - [23/Sep/2014:16:43:14 +0530] "POST //rpc?st=-1%3A-1%3A*%3A*%3A*%3A0%3Adefault HTTP/1.1" 200 1473 "https://localhost:9443/innovation-dashboard/" "Mozilla/5.0 (Windows NT 6.2; WOW64; rv:32.0) Gecko/20100101 Firefox/32.0"
0:0:0:0:0:0:0:1 - - [23/Sep/2014:16:43:14 +0530] "GET /innovation-dashboard/apis/ues/layout/ HTTP/1.1" 200 4 "https://localhost:9443/innovation-dashboard/" "Mozilla/5.0 (Windows NT 6.2; WOW64; rv:32.0) Gecko/20100101 Firefox/32.0"
0:0:0:0:0:0:0:1 - - [23/Sep/2014:16:43:14 +0530] "POST //rpc?st=-1%3A-1%3A*%3A*%3A*%3A0%3Adefault HTTP/1.1" 200 1626 "https://localhost:9443/innovation-dashboard/" "Mozilla/5.0 (Windows NT 6.2; WOW64; rv:32.0) Gecko/20100101 Firefox/32.0"
127.0.0.1 - - [23/Sep/2014:16:43:15 +0530] "GET /portal/gadgets/global-innovation-index-2013/global-innovation-index-2013.xml HTTP/1.1" 200 923 "-" "Apache Shindig"
127.0.0.1 - - [23/Sep/2014:16:43:15 +0530] "GET /portal/gadgets/show-assets/show-assets.xml HTTP/1.1" 200 1769 "-" "Apache Shindig"
0:0:0:0:0:0:0:1 - - [23/Sep/2014:16:43:15 +0530] "GET //gadgets/ifr?url=http%3A%2F%2Flocalhost%3A9763%2Fportal%2Fgadgets%2Fglobal-innovation-index-2013%2Fglobal-innovation-index-2013.xml&container=default&view=default&lang=en&country=US&debug=1&nocache=1&sanitize=0&v=d8213105a7083aec18c9bce3596dddd0&testmode=0&parent=https%3A%2F%2Flocalhost%3A9443&mid=0 HTTP/1.1" 304 - "https://localhost:9443/innovation-dashboard/" "Mozilla/5.0 (Windows NT 6.2; WOW64; rv:32.0) Gecko/20100101 Firefox/32.0"
0:0:0:0:0:0:0:1 - - [23/Sep/2014:16:43:15 +0530] "GET //gadgets/ifr?url=http%3A%2F%2Flocalhost%3A9763%2Fportal%2Fgadgets%2Fshow-assets%2Fshow-assets.xml&container=default&view=default&lang=en&country=US&debug=1&nocache=1&sanitize=0&v=d8213105a7083aec18c9bce3596dddd0&testmode=0&parent=https%3A%2F%2Flocalhost%3A9443&mid=0 HTTP/1.1" 304 - "https://localhost:9443/innovation-dashboard/" "Mozilla/5.0 (Windows NT 6.2; WOW64; rv:32.0) Gecko/20100101 Firefox/32.0"
127.0.0.1 - - [23/Sep/2014:16:43:15 +0530] "GET /portal/gadgets/show-assets/css/styles.css HTTP/1.1" 200 2062 "-" "Apache Shindig"
127.0.0.1 - - [23/Sep/2014:16:43:15 +0530] "GET /portal/themes/portal/css/flot-graph.css HTTP/1.1" 200 1294 "-" "Apache Shindig"
127.0.0.1 - - [23/Sep/2014:16:43:15 +0530] "GET /portal/gadgets/show-assets/css/bootstrap.min.css HTTP/1.1" 200 15959 "-" "Apache Shindig"
127.0.0.1 - - [23/Sep/2014:16:43:15 +0530] "GET /portal/gadgets/global-innovation-index-2013/global-innovation-index-2013.xml HTTP/1.1" 200 923 "-" "Apache Shindig"
127.0.0.1 - - [23/Sep/2014:16:43:15 +0530] "GET /portal/gadgets/show-assets/show-assets.xml HTTP/1.1" 200 1769 "-" "Apache Shindig"
127.0.0.1 - - [23/Sep/2014:16:43:15 +0530] "GET /portal/gadgets/global-innovation-index-2013/css/global-innovation-index-2013.css HTTP/1.1" 200 279 "-" "Apache Shindig"
127.0.0.1 - - [23/Sep/2014:16:43:15 +0530] "GET /portal/themes/portal/css/bootstrap.min.css HTTP/1.1" 200 18754 "-" "Apache Shindig"
127.0.0.1 - - [23/Sep/2014:16:43:15 +0530] "GET /portal/gadgets/global-innovation-index-2013/global-innovation-index-2013.xml HTTP/1.1" 200 923 "-" "Apache Shindig"
127.0.0.1 - - [23/Sep/2014:16:43:15 +0530] "GET /portal/gadgets/show-assets/show-assets.xml HTTP/1.1" 200 1769 "-" "Apache Shindig"
0:0:0:0:0:0:0:1 - - [23/Sep/2014:16:43:15 +0530] "GET //gadgets/concat?container=default&gadget=http%3A%2F%2Flocalhost%3A9763%2Fportal%2Fgadgets%2Fshow-assets%2Fshow-assets.xml&debug=1&nocache=1&type=css&1=http%3A%2F%2Flocalhost%3A9763%2Fportal%2Fgadgets%2Fshow-assets%2Fcss%2Fbootstrap.min.css&2=http%3A%2F%2Flocalhost%3A9763%2Fportal%2Fgadgets%2Fshow-assets%2Fcss%2Fstyles.css HTTP/1.1" 304 - "https://localhost:9443//gadgets/ifr?url=http%3A%2F%2Flocalhost%3A9763%2Fportal%2Fgadgets%2Fshow-assets%2Fshow-assets.xml&container=default&view=default&lang=en&country=US&debug=1&nocache=1&sanitize=0&v=d8213105a7083aec18c9bce3596dddd0&testmode=0&parent=https%3A%2F%2Flocalhost%3A9443&mid=0" "Mozilla/5.0 (Windows NT 6.2; WOW64; rv:32.0) Gecko/20100101 Firefox/32.0"
127.0.0.1 - - [23/Sep/2014:16:43:15 +0530] "GET /portal/gadgets/show-assets/js/bootstrap.min.js HTTP/1.1" 200 4218 "-" "Apache Shindig"
127.0.0.1 - - [23/Sep/2014:16:43:15 +0530] "GET /portal/gadgets/show-assets/js/jquery.validate.js HTTP/1.1" 200 10011 "-" "Apache Shindig"
127.0.0.1 - - [23/Sep/2014:16:43:15 +0530] "GET /portal/gadgets/show-assets/js/jquery-1.8.3.min.js HTTP/1.1" 200 33942 "-" "Apache Shindig"
127.0.0.1 - - [23/Sep/2014:16:43:15 +0530] "GET /portal/gadgets/show-assets/js/jquery.nicescroll.min.js HTTP/1.1" 200 14017 "-" "Apache Shindig"
127.0.0.1 - - [23/Sep/2014:16:43:15 +0530] "GET /portal/gadgets/show-assets/js/load-assets.js HTTP/1.1" 200 2901 "-" "Apache Shindig"
127.0.0.1 - - [23/Sep/2014:16:43:15 +0530] "GET /portal/gadgets/show-assets/show-assets.xml HTTP/1.1" 200 1769 "-" "Apache Shindig"
127.0.0.1 - - [23/Sep/2014:16:43:15 +0530] "GET /portal/gadgets/show-assets/js/handlebars.js HTTP/1.1" 200 18303 "-" "Apache Shindig"
127.0.0.1 - - [23/Sep/2014:16:43:15 +0530] "GET /portal/gadgets/global-innovation-index-2013/global-innovation-index-2013.xml HTTP/1.1" 200 923 "-" "Apache Shindig"
127.0.0.1 - - [23/Sep/2014:16:43:15 +0530] "GET /portal/gadgets/show-assets/show-assets.xml HTTP/1.1" 200 1769 "-" "Apache Shindig"
127.0.0.1 - - [23/Sep/2014:16:43:15 +0530] "GET /portal/gadgets/show-assets/show-assets.xml HTTP/1.1" 200 1769 "-" "Apache Shindig"
0:0:0:0:0:0:0:1 - - [23/Sep/2014:16:43:15 +0530] "GET //gadgets/concat?container=default&gadget=http%3A%2F%2Flocalhost%3A9763%2Fportal%2Fgadgets%2Fglobal-innovation-index-2013%2Fglobal-innovation-index-2013.xml&debug=1&nocache=1&type=css&1=http%3A%2F%2Flocalhost%3A9763%2Fportal%2Fthemes%2Fportal%2Fcss%2Fflot-graph.css&2=http%3A%2F%2Flocalhost%3A9763%2Fportal%2Fthemes%2Fportal%2Fcss%2Fbootstrap.min.css&3=http%3A%2F%2Flocalhost%3A9763%2Fportal%2Fgadgets%2Fglobal-innovation-index-2013%2Fcss%2Fglobal-innovation-index-2013.css HTTP/1.1" 304 - "https://localhost:9443//gadgets/ifr?url=http%3A%2F%2Flocalhost%3A9763%2Fportal%2Fgadgets%2Fglobal-innovation-index-2013%2Fglobal-innovation-index-2013.xml&container=default&view=default&lang=en&country=US&debug=1&nocache=1&sanitize=0&v=d8213105a7083aec18c9bce3596dddd0&testmode=0&parent=https%3A%2F%2Flocalhost%3A9443&mid=0" "Mozilla/5.0 (Windows NT 6.2; WOW64; rv:32.0) Gecko/20100101 Firefox/32.0"
127.0.0.1 - - [23/Sep/2014:16:43:15 +0530] "GET /portal/gadgets/show-assets/show-assets.xml HTTP/1.1" 200 1769 "-" "Apache Shindig"
127.0.0.1 - - [23/Sep/2014:16:43:15 +0530] "GET /portal/gadgets/global-innovation-index-2013/js/d3-options-radar.js HTTP/1.1" 404 898 "-" "Apache Shindig"
127.0.0.1 - - [23/Sep/2014:16:43:15 +0530] "GET /portal/gadgets/global-innovation-index-2013/js/NormRadarChart.js HTTP/1.1" 200 3763 "-" "Apache Shindig"
127.0.0.1 - - [23/Sep/2014:16:43:15 +0530] "GET /portal/gadgets/show-assets/show-assets.xml HTTP/1.1" 200 1769 "-" "Apache Shindig"
127.0.0.1 - - [23/Sep/2014:16:43:15 +0530] "GET /portal/gadgets/global-innovation-index-2013/js/GroupedBarChart.js HTTP/1.1" 200 4084 "-" "Apache Shindig"
127.0.0.1 - - [23/Sep/2014:16:43:15 +0530] "GET /portal/gadgets/global-innovation-index-2013/js/jquery-1.11.1.min.js HTTP/1.1" 200 33737 "-" "Apache Shindig"
127.0.0.1 - - [23/Sep/2014:16:43:15 +0530] "GET /portal/gadgets/global-innovation-index-2013/js/global-innovation-index-2013-core.js HTTP/1.1" 200 2062 "-" "Apache Shindig"
127.0.0.1 - - [23/Sep/2014:16:43:15 +0530] "GET /portal/gadgets/show-assets/show-assets.xml HTTP/1.1" 200 1769 "-" "Apache Shindig"
127.0.0.1 - - [23/Sep/2014:16:43:15 +0530] "GET /portal/gadgets/global-innovation-index-2013/global-innovation-index-2013.xml HTTP/1.1" 200 923 "-" "Apache Shindig"
127.0.0.1 - - [23/Sep/2014:16:43:15 +0530] "GET /portal/gadgets/global-innovation-index-2013/js/d3.min.js HTTP/1.1" 200 52005 "-" "Apache Shindig"
127.0.0.1 - - [23/Sep/2014:16:43:15 +0530] "GET /portal/gadgets/global-innovation-index-2013/global-innovation-index-2013.xml HTTP/1.1" 200 923 "-" "Apache Shindig"
0:0:0:0:0:0:0:1 - - [23/Sep/2014:16:43:15 +0530] "GET //gadgets/concat?container=default&gadget=http%3A%2F%2Flocalhost%3A9763%2Fportal%2Fgadgets%2Fshow-assets%2Fshow-assets.xml&debug=1&nocache=1&type=js&1=http%3A%2F%2Flocalhost%3A9763%2Fportal%2Fgadgets%2Fshow-assets%2Fjs%2Fjquery-1.8.3.min.js&2=http%3A%2F%2Flocalhost%3A9763%2Fportal%2Fgadgets%2Fshow-assets%2Fjs%2Fjquery.validate.js&3=http%3A%2F%2Flocalhost%3A9763%2Fportal%2Fgadgets%2Fshow-assets%2Fjs%2Fhandlebars.js&4=http%3A%2F%2Flocalhost%3A9763%2Fportal%2Fgadgets%2Fshow-assets%2Fjs%2Fbootstrap.min.js&5=http%3A%2F%2Flocalhost%3A9763%2Fportal%2Fgadgets%2Fshow-assets%2Fjs%2Fload-assets.js&6=http%3A%2F%2Flocalhost%3A9763%2Fportal%2Fgadgets%2Fshow-assets%2Fjs%2Fjquery.nicescroll.min.js HTTP/1.1" 304 - "https://localhost:9443//gadgets/ifr?url=http%3A%2F%2Flocalhost%3A9763%2Fportal%2Fgadgets%2Fshow-assets%2Fshow-assets.xml&container=default&view=default&lang=en&country=US&debug=1&nocache=1&sanitize=0&v=d8213105a7083aec18c9bce3596dddd0&testmode=0&parent=https%3A%2F%2Flocalhost%3A9443&mid=0" "Mozilla/5.0 (Windows NT 6.2; WOW64; rv:32.0) Gecko/20100101 Firefox/32.0"
127.0.0.1 - - [23/Sep/2014:16:43:15 +0530] "GET /portal/gadgets/global-innovation-index-2013/global-innovation-index-2013.xml HTTP/1.1" 200 923 "-" "Apache Shindig"
127.0.0.1 - - [23/Sep/2014:16:43:15 +0530] "GET /portal/gadgets/global-innovation-index-2013/global-innovation-index-2013.xml HTTP/1.1" 200 923 "-" "Apache Shindig"
127.0.0.1 - - [23/Sep/2014:16:43:15 +0530] "GET /portal/gadgets/global-innovation-index-2013/global-innovation-index-2013.xml HTTP/1.1" 200 923 "-" "Apache Shindig"
127.0.0.1 - - [23/Sep/2014:16:43:15 +0530] "GET /portal/gadgets/global-innovation-index-2013/global-innovation-index-2013.xml HTTP/1.1" 200 923 "-" "Apache Shindig"
0:0:0:0:0:0:0:1 - - [23/Sep/2014:16:43:15 +0530] "GET //gadgets/concat?container=default&gadget=http%3A%2F%2Flocalhost%3A9763%2Fportal%2Fgadgets%2Fglobal-innovation-index-2013%2Fglobal-innovation-index-2013.xml&debug=1&nocache=1&type=js&1=http%3A%2F%2Flocalhost%3A9763%2Fportal%2Fgadgets%2Fglobal-innovation-index-2013%2Fjs%2Fjquery-1.11.1.min.js&2=http%3A%2F%2Flocalhost%3A9763%2Fportal%2Fgadgets%2Fglobal-innovation-index-2013%2Fjs%2Fd3.min.js&3=http%3A%2F%2Flocalhost%3A9763%2Fportal%2Fgadgets%2Fglobal-innovation-index-2013%2Fjs%2FNormRadarChart.js&4=http%3A%2F%2Flocalhost%3A9763%2Fportal%2Fgadgets%2Fglobal-innovation-index-2013%2Fjs%2FGroupedBarChart.js&5=http%3A%2F%2Flocalhost%3A9763%2Fportal%2Fgadgets%2Fglobal-innovation-index-2013%2Fjs%2Fd3-options-radar.js&6=http%3A%2F%2Flocalhost%3A9763%2Fportal%2Fgadgets%2Fglobal-innovation-index-2013%2Fjs%2Fglobal-innovation-index-2013-core.js HTTP/1.1" 304 - "https://localhost:9443//gadgets/ifr?url=http%3A%2F%2Flocalhost%3A9763%2Fportal%2Fgadgets%2Fglobal-innovation-index-2013%2Fglobal-innovation-index-2013.xml&container=default&view=default&lang=en&country=US&debug=1&nocache=1&sanitize=0&v=d8213105a7083aec18c9bce3596dddd0&testmode=0&parent=https%3A%2F%2Flocalhost%3A9443&mid=0" "Mozilla/5.0 (Windows NT 6.2; WOW64; rv:32.0) Gecko/20100101 Firefox/32.0"
0:0:0:0:0:0:0:1 - - [23/Sep/2014:16:43:15 +0530] "GET /store/apis/myAsset/ HTTP/1.1" 200 2 "https://localhost:9443//gadgets/ifr?url=http%3A%2F%2Flocalhost%3A9763%2Fportal%2Fgadgets%2Fshow-assets%2Fshow-assets.xml&container=default&view=default&lang=en&country=US&debug=1&nocache=1&sanitize=0&v=d8213105a7083aec18c9bce3596dddd0&testmode=0&parent=https%3A%2F%2Flocalhost%3A9443&mid=0" "Mozilla/5.0 (Windows NT 6.2; WOW64; rv:32.0) Gecko/20100101 Firefox/32.0"
0:0:0:0:0:0:0:1 - - [23/Sep/2014:16:43:15 +0530] "GET /portal/gadgets/global-innovation-index-2013/data-files/global-innovation-index-2013-data.jag?giId=2 HTTP/1.1" 200 656 "https://localhost:9443//gadgets/ifr?url=http%3A%2F%2Flocalhost%3A9763%2Fportal%2Fgadgets%2Fglobal-innovation-index-2013%2Fglobal-innovation-index-2013.xml&container=default&view=default&lang=en&country=US&debug=1&nocache=1&sanitize=0&v=d8213105a7083aec18c9bce3596dddd0&testmode=0&parent=https%3A%2F%2Flocalhost%3A9443&mid=0" "Mozilla/5.0 (Windows NT 6.2; WOW64; rv:32.0) Gecko/20100101 Firefox/32.0"
0:0:0:0:0:0:0:1 - - [23/Sep/2014:16:43:15 +0530] "GET /store/apis/tag/gadget HTTP/1.1" 200 211 "https://localhost:9443//gadgets/ifr?url=http%3A%2F%2Flocalhost%3A9763%2Fportal%2Fgadgets%2Fshow-assets%2Fshow-assets.xml&container=default&view=default&lang=en&country=US&debug=1&nocache=1&sanitize=0&v=d8213105a7083aec18c9bce3596dddd0&testmode=0&parent=https%3A%2F%2Flocalhost%3A9443&mid=0" "Mozilla/5.0 (Windows NT 6.2; WOW64; rv:32.0) Gecko/20100101 Firefox/32.0"
0:0:0:0:0:0:0:1 - - [23/Sep/2014:16:43:38 +0530] "GET /innovation-dashboard HTTP/1.1" 302 - "https://localhost:9443/portal/dashboard.jag" "Mozilla/5.0 (Windows NT 6.2; WOW64; rv:32.0) Gecko/20100101 Firefox/32.0"
0:0:0:0:0:0:0:1 - - [23/Sep/2014:16:43:38 +0530] "GET /innovation-dashboard/ HTTP/1.1" 200 2542 "https://localhost:9443/portal/dashboard.jag" "Mozilla/5.0 (Windows NT 6.2; WOW64; rv:32.0) Gecko/20100101 Firefox/32.0"
0:0:0:0:0:0:0:1 - - [23/Sep/2014:16:43:39 +0530] "GET /innovation-dashboard/css/font-awesome.min.css HTTP/1.1" 304 - "https://localhost:9443/innovation-dashboard/" "Mozilla/5.0 (Windows NT 6.2; WOW64; rv:32.0) Gecko/20100101 Firefox/32.0"
0:0:0:0:0:0:0:1 - - [23/Sep/2014:16:43:39 +0530] "GET /innovation-dashboard/css/jquery.gridster.min.css HTTP/1.1" 304 - "https://localhost:9443/innovation-dashboard/" "Mozilla/5.0 (Windows NT 6.2; WOW64; rv:32.0) Gecko/20100101 Firefox/32.0"
0:0:0:0:0:0:0:1 - - [23/Sep/2014:16:43:39 +0530] "GET /innovation-dashboard/css/navigation.css HTTP/1.1" 304 - "https://localhost:9443/innovation-dashboard/" "Mozilla/5.0 (Windows NT 6.2; WOW64; rv:32.0) Gecko/20100101 Firefox/32.0"
