0:0:0:0:0:0:0:1 - - [24/Sep/2014:12:57:26 +0530] "GET /innovation-dashboard/css/navigation.css HTTP/1.1" 200 1095 "https://localhost:9443/innovation-dashboard/" "Mozilla/5.0 (Windows NT 6.1; WOW64; rv:32.0) Gecko/20100101 Firefox/32.0"
0:0:0:0:0:0:0:1 - - [24/Sep/2014:12:57:26 +0530] "GET /innovation-dashboard/css/jquery.gridster.min.css HTTP/1.1" 200 1220 "https://localhost:9443/innovation-dashboard/" "Mozilla/5.0 (Windows NT 6.1; WOW64; rv:32.0) Gecko/20100101 Firefox/32.0"
0:0:0:0:0:0:0:1 - - [24/Sep/2014:12:57:26 +0530] "GET /innovation-dashboard/css/bootstrap.min.css HTTP/1.1" 200 18754 "https://localhost:9443/innovation-dashboard/" "Mozilla/5.0 (Windows NT 6.1; WOW64; rv:32.0) Gecko/20100101 Firefox/32.0"
0:0:0:0:0:0:0:1 - - [24/Sep/2014:12:57:26 +0530] "GET /innovation-dashboard/css/font-awesome.min.css HTTP/1.1" 200 4456 "https://localhost:9443/innovation-dashboard/" "Mozilla/5.0 (Windows NT 6.1; WOW64; rv:32.0) Gecko/20100101 Firefox/32.0"
0:0:0:0:0:0:0:1 - - [24/Sep/2014:12:57:26 +0530] "GET /innovation-dashboard/css/portal-dashboard-designer.css HTTP/1.1" 200 3076 "https://localhost:9443/innovation-dashboard/" "Mozilla/5.0 (Windows NT 6.1; WOW64; rv:32.0) Gecko/20100101 Firefox/32.0"
0:0:0:0:0:0:0:1 - - [24/Sep/2014:12:57:26 +0530] "GET /innovation-dashboard/css/bootstrap-responsive.min.css HTTP/1.1" 200 4003 "https://localhost:9443/innovation-dashboard/" "Mozilla/5.0 (Windows NT 6.1; WOW64; rv:32.0) Gecko/20100101 Firefox/32.0"
0:0:0:0:0:0:0:1 - - [24/Sep/2014:12:57:26 +0530] "GET /innovation-dashboard/css/font-awesome-ie7.min.css HTTP/1.1" 200 3385 "https://localhost:9443/innovation-dashboard/" "Mozilla/5.0 (Windows NT 6.1; WOW64; rv:32.0) Gecko/20100101 Firefox/32.0"
0:0:0:0:0:0:0:1 - - [24/Sep/2014:12:57:26 +0530] "GET /innovation-dashboard/css/styles.css HTTP/1.1" 200 2323 "https://localhost:9443/innovation-dashboard/" "Mozilla/5.0 (Windows NT 6.1; WOW64; rv:32.0) Gecko/20100101 Firefox/32.0"
0:0:0:0:0:0:0:1 - - [24/Sep/2014:12:57:27 +0530] "GET /innovation-dashboard/js/navigation.js HTTP/1.1" 200 1030 "https://localhost:9443/innovation-dashboard/" "Mozilla/5.0 (Windows NT 6.1; WOW64; rv:32.0) Gecko/20100101 Firefox/32.0"
0:0:0:0:0:0:0:1 - - [24/Sep/2014:12:57:27 +0530] "GET /innovation-dashboard/js/jquery.gridster.with-extras.min.js HTTP/1.1" 200 22017 "https://localhost:9443/innovation-dashboard/" "Mozilla/5.0 (Windows NT 6.1; WOW64; rv:32.0) Gecko/20100101 Firefox/32.0"
0:0:0:0:0:0:0:1 - - [24/Sep/2014:12:57:27 +0530] "GET /innovation-dashboard/js/handlebars.js HTTP/1.1" 200 12827 "https://localhost:9443/innovation-dashboard/" "Mozilla/5.0 (Windows NT 6.1; WOW64; rv:32.0) Gecko/20100101 Firefox/32.0"
0:0:0:0:0:0:0:1 - - [24/Sep/2014:12:57:27 +0530] "GET /innovation-dashboard/js/bootstrap.min.js HTTP/1.1" 200 7004 "https://localhost:9443/innovation-dashboard/" "Mozilla/5.0 (Windows NT 6.1; WOW64; rv:32.0) Gecko/20100101 Firefox/32.0"
0:0:0:0:0:0:0:1 - - [24/Sep/2014:12:57:27 +0530] "GET /innovation-dashboard/js/jquery-ui-1.10.1.custom.min.js HTTP/1.1" 200 24620 "https://localhost:9443/innovation-dashboard/" "Mozilla/5.0 (Windows NT 6.1; WOW64; rv:32.0) Gecko/20100101 Firefox/32.0"
0:0:0:0:0:0:0:1 - - [24/Sep/2014:12:57:27 +0530] "GET /innovation-dashboard/font/fontawesome-webfont.woff?v=3.2.1 HTTP/1.1" 200 43572 "https://localhost:9443/innovation-dashboard/css/font-awesome.min.css" "Mozilla/5.0 (Windows NT 6.1; WOW64; rv:32.0) Gecko/20100101 Firefox/32.0"
0:0:0:0:0:0:0:1 - - [24/Sep/2014:12:57:27 +0530] "GET /innovation-dashboard/font/Lato-Bol-webfont.woff HTTP/1.1" 200 19432 "https://localhost:9443/innovation-dashboard/css/styles.css" "Mozilla/5.0 (Windows NT 6.1; WOW64; rv:32.0) Gecko/20100101 Firefox/32.0"
0:0:0:0:0:0:0:1 - - [24/Sep/2014:12:57:27 +0530] "GET /innovation-dashboard/font/Lato-Reg-webfont.woff HTTP/1.1" 200 19260 "https://localhost:9443/innovation-dashboard/css/styles.css" "Mozilla/5.0 (Windows NT 6.1; WOW64; rv:32.0) Gecko/20100101 Firefox/32.0"
0:0:0:0:0:0:0:1 - - [24/Sep/2014:12:57:27 +0530] "GET /innovation-dashboard/img/logo.png HTTP/1.1" 200 4331 "https://localhost:9443/innovation-dashboard/css/navigation.css" "Mozilla/5.0 (Windows NT 6.1; WOW64; rv:32.0) Gecko/20100101 Firefox/32.0"
0:0:0:0:0:0:0:1 - - [24/Sep/2014:12:57:27 +0530] "GET /innovation-dashboard/img/designer-sprite.png HTTP/1.1" 200 10674 "https://localhost:9443/innovation-dashboard/css/portal-dashboard-designer.css" "Mozilla/5.0 (Windows NT 6.1; WOW64; rv:32.0) Gecko/20100101 Firefox/32.0"
0:0:0:0:0:0:0:1 - - [24/Sep/2014:12:57:27 +0530] "GET /innovation-dashboard/js/UESContainer.js HTTP/1.1" 200 972 "https://localhost:9443/innovation-dashboard/" "Mozilla/5.0 (Windows NT 6.1; WOW64; rv:32.0) Gecko/20100101 Firefox/32.0"
0:0:0:0:0:0:0:1 - - [24/Sep/2014:12:57:27 +0530] "GET /innovation-dashboard/js/jquery-1.8.3.min.js HTTP/1.1" 200 33942 "https://localhost:9443/innovation-dashboard/" "Mozilla/5.0 (Windows NT 6.1; WOW64; rv:32.0) Gecko/20100101 Firefox/32.0"
0:0:0:0:0:0:0:1 - - [24/Sep/2014:12:57:27 +0530] "GET /innovation-dashboard/js/portal-dashboard-designer.js HTTP/1.1" 200 4855 "https://localhost:9443/innovation-dashboard/" "Mozilla/5.0 (Windows NT 6.1; WOW64; rv:32.0) Gecko/20100101 Firefox/32.0"
0:0:0:0:0:0:0:1 - - [24/Sep/2014:12:57:27 +0530] "GET /innovation-dashboard/js/shindig.js HTTP/1.1" 200 34461 "https://localhost:9443/innovation-dashboard/" "Mozilla/5.0 (Windows NT 6.1; WOW64; rv:32.0) Gecko/20100101 Firefox/32.0"
127.0.0.1 - - [24/Sep/2014:12:57:27 +0530] "GET /portal/gadgets/show-assets/show-assets.xml HTTP/1.1" 200 1769 "-" "Apache Shindig"
0:0:0:0:0:0:0:1 - - [24/Sep/2014:12:57:27 +0530] "GET /innovation-dashboard/apis/ues/layout/ HTTP/1.1" 200 1749 "https://localhost:9443/innovation-dashboard/" "Mozilla/5.0 (Windows NT 6.1; WOW64; rv:32.0) Gecko/20100101 Firefox/32.0"
0:0:0:0:0:0:0:1 - - [24/Sep/2014:12:57:27 +0530] "POST //rpc?st=-1%3A-1%3A*%3A*%3A*%3A0%3Adefault HTTP/1.1" 200 1473 "https://localhost:9443/innovation-dashboard/" "Mozilla/5.0 (Windows NT 6.1; WOW64; rv:32.0) Gecko/20100101 Firefox/32.0"
127.0.0.1 - - [24/Sep/2014:12:57:27 +0530] "GET /portal/gadgets/gii-2013-business-sophistication/gii-2013-business-sophistication.xml HTTP/1.1" 200 948 "-" "Apache Shindig"
127.0.0.1 - - [24/Sep/2014:12:57:27 +0530] "GET /portal/gadgets/publication-chart/publication-chart.xml HTTP/1.1" 200 1390 "-" "Apache Shindig"
127.0.0.1 - - [24/Sep/2014:12:57:27 +0530] "GET /portal/gadgets/gii-2013-creative-outputs/gii-2013-creative-outputs.xml HTTP/1.1" 200 944 "-" "Apache Shindig"
127.0.0.1 - - [24/Sep/2014:12:57:27 +0530] "GET /portal/gadgets/global-innovation-index-2013/global-innovation-index-2013.xml HTTP/1.1" 200 923 "-" "Apache Shindig"
127.0.0.1 - - [24/Sep/2014:12:57:27 +0530] "GET /portal/gadgets/organization-map/organization-map.xml HTTP/1.1" 200 1502 "-" "Apache Shindig"
0:0:0:0:0:0:0:1 - - [24/Sep/2014:12:57:27 +0530] "POST //rpc?st=-1%3A-1%3A*%3A*%3A*%3A0%3Adefault HTTP/1.1" 200 1699 "https://localhost:9443/innovation-dashboard/" "Mozilla/5.0 (Windows NT 6.1; WOW64; rv:32.0) Gecko/20100101 Firefox/32.0"
127.0.0.1 - - [24/Sep/2014:12:57:27 +0530] "GET /portal/gadgets/people-chart/people-chart.xml HTTP/1.1" 200 858 "-" "Apache Shindig"
0:0:0:0:0:0:0:1 - - [24/Sep/2014:12:57:27 +0530] "POST //rpc?st=-1%3A-1%3A*%3A*%3A*%3A0%3Adefault HTTP/1.1" 200 1313 "https://localhost:9443/innovation-dashboard/" "Mozilla/5.0 (Windows NT 6.1; WOW64; rv:32.0) Gecko/20100101 Firefox/32.0"
0:0:0:0:0:0:0:1 - - [24/Sep/2014:12:57:27 +0530] "POST //rpc?st=-1%3A-1%3A*%3A*%3A*%3A0%3Adefault HTTP/1.1" 200 1626 "https://localhost:9443/innovation-dashboard/" "Mozilla/5.0 (Windows NT 6.1; WOW64; rv:32.0) Gecko/20100101 Firefox/32.0"
0:0:0:0:0:0:0:1 - - [24/Sep/2014:12:57:27 +0530] "POST //rpc?st=-1%3A-1%3A*%3A*%3A*%3A0%3Adefault HTTP/1.1" 200 1732 "https://localhost:9443/innovation-dashboard/" "Mozilla/5.0 (Windows NT 6.1; WOW64; rv:32.0) Gecko/20100101 Firefox/32.0"
0:0:0:0:0:0:0:1 - - [24/Sep/2014:12:57:27 +0530] "POST //rpc?st=-1%3A-1%3A*%3A*%3A*%3A0%3Adefault HTTP/1.1" 200 1629 "https://localhost:9443/innovation-dashboard/" "Mozilla/5.0 (Windows NT 6.1; WOW64; rv:32.0) Gecko/20100101 Firefox/32.0"
0:0:0:0:0:0:0:1 - - [24/Sep/2014:12:57:27 +0530] "POST //rpc?st=-1%3A-1%3A*%3A*%3A*%3A0%3Adefault HTTP/1.1" 200 1245 "https://localhost:9443/innovation-dashboard/" "Mozilla/5.0 (Windows NT 6.1; WOW64; rv:32.0) Gecko/20100101 Firefox/32.0"
127.0.0.1 - - [24/Sep/2014:12:57:27 +0530] "GET /portal/gadgets/publication-chart/publication-chart.xml HTTP/1.1" 200 1390 "-" "Apache Shindig"
127.0.0.1 - - [24/Sep/2014:12:57:27 +0530] "GET /portal/gadgets/global-innovation-index-2013/global-innovation-index-2013.xml HTTP/1.1" 200 923 "-" "Apache Shindig"
127.0.0.1 - - [24/Sep/2014:12:57:27 +0530] "GET /portal/gadgets/show-assets/show-assets.xml HTTP/1.1" 200 1769 "-" "Apache Shindig"
127.0.0.1 - - [24/Sep/2014:12:57:27 +0530] "GET /portal/gadgets/gii-2013-business-sophistication/gii-2013-business-sophistication.xml HTTP/1.1" 200 948 "-" "Apache Shindig"
127.0.0.1 - - [24/Sep/2014:12:57:27 +0530] "GET /portal/gadgets/organization-map/organization-map.xml HTTP/1.1" 200 1502 "-" "Apache Shindig"
127.0.0.1 - - [24/Sep/2014:12:57:27 +0530] "GET /portal/gadgets/gii-2013-creative-outputs/gii-2013-creative-outputs.xml HTTP/1.1" 200 944 "-" "Apache Shindig"
0:0:0:0:0:0:0:1 - - [24/Sep/2014:12:57:27 +0530] "GET //gadgets/ifr?url=http%3A%2F%2Flocalhost%3A9763%2Fportal%2Fgadgets%2Fglobal-innovation-index-2013%2Fglobal-innovation-index-2013.xml&container=default&view=default&lang=en&country=US&debug=1&nocache=1&sanitize=0&v=d8213105a7083aec18c9bce3596dddd0&testmode=0&parent=https%3A%2F%2Flocalhost%3A9443&mid=0 HTTP/1.1" 200 1453 "https://localhost:9443/innovation-dashboard/" "Mozilla/5.0 (Windows NT 6.1; WOW64; rv:32.0) Gecko/20100101 Firefox/32.0"
0:0:0:0:0:0:0:1 - - [24/Sep/2014:12:57:27 +0530] "GET //gadgets/ifr?url=http%3A%2F%2Flocalhost%3A9763%2Fportal%2Fgadgets%2Fgii-2013-business-sophistication%2Fgii-2013-business-sophistication.xml&container=default&view=default&lang=en&country=US&debug=1&nocache=1&sanitize=0&v=d8213105a7083aec18c9bce3596dddd0&testmode=0&parent=https%3A%2F%2Flocalhost%3A9443&mid=0 HTTP/1.1" 200 1456 "https://localhost:9443/innovation-dashboard/" "Mozilla/5.0 (Windows NT 6.1; WOW64; rv:32.0) Gecko/20100101 Firefox/32.0"
0:0:0:0:0:0:0:1 - - [24/Sep/2014:12:57:27 +0530] "GET //gadgets/ifr?url=http%3A%2F%2Flocalhost%3A9763%2Fportal%2Fgadgets%2Fgii-2013-creative-outputs%2Fgii-2013-creative-outputs.xml&container=default&view=default&lang=en&country=US&debug=1&nocache=1&sanitize=0&v=d8213105a7083aec18c9bce3596dddd0&testmode=0&parent=https%3A%2F%2Flocalhost%3A9443&mid=0 HTTP/1.1" 200 1451 "https://localhost:9443/innovation-dashboard/" "Mozilla/5.0 (Windows NT 6.1; WOW64; rv:32.0) Gecko/20100101 Firefox/32.0"
0:0:0:0:0:0:0:1 - - [24/Sep/2014:12:57:27 +0530] "GET //gadgets/ifr?url=http%3A%2F%2Flocalhost%3A9763%2Fportal%2Fgadgets%2Fpublication-chart%2Fpublication-chart.xml&container=default&view=default&lang=en&country=US&debug=1&nocache=1&sanitize=0&v=d8213105a7083aec18c9bce3596dddd0&testmode=0&parent=https%3A%2F%2Flocalhost%3A9443&mid=0 HTTP/1.1" 200 1815 "https://localhost:9443/innovation-dashboard/" "Mozilla/5.0 (Windows NT 6.1; WOW64; rv:32.0) Gecko/20100101 Firefox/32.0"
0:0:0:0:0:0:0:1 - - [24/Sep/2014:12:57:27 +0530] "GET //gadgets/ifr?url=http%3A%2F%2Flocalhost%3A9763%2Fportal%2Fgadgets%2Fshow-assets%2Fshow-assets.xml&container=default&view=default&lang=en&country=US&debug=1&nocache=1&sanitize=0&v=d8213105a7083aec18c9bce3596dddd0&testmode=0&parent=https%3A%2F%2Flocalhost%3A9443&mid=0 HTTP/1.1" 200 2434 "https://localhost:9443/innovation-dashboard/" "Mozilla/5.0 (Windows NT 6.1; WOW64; rv:32.0) Gecko/20100101 Firefox/32.0"
127.0.0.1 - - [24/Sep/2014:12:57:27 +0530] "GET /portal/gadgets/people-chart/people-chart.xml HTTP/1.1" 200 858 "-" "Apache Shindig"
0:0:0:0:0:0:0:1 - - [24/Sep/2014:12:57:27 +0530] "GET //gadgets/ifr?url=http%3A%2F%2Flocalhost%3A9763%2Fportal%2Fgadgets%2Fpeople-chart%2Fpeople-chart.xml&container=default&view=default&lang=en&country=US&debug=1&nocache=1&sanitize=0&v=d8213105a7083aec18c9bce3596dddd0&testmode=0&parent=https%3A%2F%2Flocalhost%3A9443&mid=0 HTTP/1.1" 200 1384 "https://localhost:9443/innovation-dashboard/" "Mozilla/5.0 (Windows NT 6.1; WOW64; rv:32.0) Gecko/20100101 Firefox/32.0"
0:0:0:0:0:0:0:1 - - [24/Sep/2014:12:57:27 +0530] "GET //gadgets/ifr?url=http%3A%2F%2Flocalhost%3A9763%2Fportal%2Fgadgets%2Forganization-map%2Forganization-map.xml&container=default&view=default&lang=en&country=US&debug=1&nocache=1&sanitize=0&v=d8213105a7083aec18c9bce3596dddd0&testmode=0&parent=https%3A%2F%2Flocalhost%3A9443&mid=0 HTTP/1.1" 200 1232 "https://localhost:9443/innovation-dashboard/" "Mozilla/5.0 (Windows NT 6.1; WOW64; rv:32.0) Gecko/20100101 Firefox/32.0"
127.0.0.1 - - [24/Sep/2014:12:57:28 +0530] "GET /portal/gadgets/gii-2013-creative-outputs/css/gii-2013-creative-outputs.css HTTP/1.1" 200 279 "-" "Apache Shindig"
127.0.0.1 - - [24/Sep/2014:12:57:28 +0530] "GET /portal/gadgets/gii-2013-business-sophistication/css/gii-2013-business-sophistication.css HTTP/1.1" 200 279 "-" "Apache Shindig"
127.0.0.1 - - [24/Sep/2014:12:57:28 +0530] "GET /portal/themes/portal/css/flot-graph.css HTTP/1.1" 200 1294 "-" "Apache Shindig"
127.0.0.1 - - [24/Sep/2014:12:57:28 +0530] "GET /portal/themes/portal/css/flot-graph.css HTTP/1.1" 200 1294 "-" "Apache Shindig"
127.0.0.1 - - [24/Sep/2014:12:57:28 +0530] "GET /portal/themes/portal/css/bootstrap.min.css HTTP/1.1" 200 18754 "-" "Apache Shindig"
127.0.0.1 - - [24/Sep/2014:12:57:28 +0530] "GET /portal/themes/portal/css/bootstrap.min.css HTTP/1.1" 200 18754 "-" "Apache Shindig"
127.0.0.1 - - [24/Sep/2014:12:57:28 +0530] "GET /portal/themes/portal/css/flot-graph.css HTTP/1.1" 200 1294 "-" "Apache Shindig"
127.0.0.1 - - [24/Sep/2014:12:57:28 +0530] "GET /portal/gadgets/publication-chart/jslider/css/jslider.plastic.css HTTP/1.1" 200 126 "-" "Apache Shindig"
127.0.0.1 - - [24/Sep/2014:12:57:28 +0530] "GET /portal/gadgets/publication-chart/publication-chart.xml HTTP/1.1" 200 1390 "-" "Apache Shindig"
127.0.0.1 - - [24/Sep/2014:12:57:28 +0530] "GET /portal/gadgets/publication-chart/jslider/css/jslider.round.plastic.css HTTP/1.1" 200 248 "-" "Apache Shindig"
127.0.0.1 - - [24/Sep/2014:12:57:28 +0530] "GET /portal/gadgets/publication-chart/jslider/css/jslider.round.css HTTP/1.1" 200 216 "-" "Apache Shindig"
127.0.0.1 - - [24/Sep/2014:12:57:28 +0530] "GET /portal/themes/portal/css/flot-graph.css HTTP/1.1" 200 1294 "-" "Apache Shindig"
127.0.0.1 - - [24/Sep/2014:12:57:28 +0530] "GET /portal/gadgets/publication-chart/jslider/css/jslider.blue.css HTTP/1.1" 200 119 "-" "Apache Shindig"
127.0.0.1 - - [24/Sep/2014:12:57:28 +0530] "GET /portal/gadgets/gii-2013-business-sophistication/gii-2013-business-sophistication.xml HTTP/1.1" 200 948 "-" "Apache Shindig"
127.0.0.1 - - [24/Sep/2014:12:57:28 +0530] "GET /portal/themes/portal/css/bootstrap.min.css HTTP/1.1" 200 18754 "-" "Apache Shindig"
127.0.0.1 - - [24/Sep/2014:12:57:28 +0530] "GET /portal/gadgets/publication-chart/css/d3-graph.css HTTP/1.1" 200 424 "-" "Apache Shindig"
127.0.0.1 - - [24/Sep/2014:12:57:28 +0530] "GET /portal/gadgets/publication-chart/jslider/css/jslider.css HTTP/1.1" 200 736 "-" "Apache Shindig"
127.0.0.1 - - [24/Sep/2014:12:57:28 +0530] "GET /portal/themes/portal/css/bootstrap.min.css HTTP/1.1" 200 18754 "-" "Apache Shindig"
127.0.0.1 - - [24/Sep/2014:12:57:28 +0530] "GET /portal/gadgets/global-innovation-index-2013/css/global-innovation-index-2013.css HTTP/1.1" 200 279 "-" "Apache Shindig"
127.0.0.1 - - [24/Sep/2014:12:57:28 +0530] "GET /portal/gadgets/global-innovation-index-2013/global-innovation-index-2013.xml HTTP/1.1" 200 923 "-" "Apache Shindig"
127.0.0.1 - - [24/Sep/2014:12:57:28 +0530] "GET /portal/gadgets/gii-2013-creative-outputs/gii-2013-creative-outputs.xml HTTP/1.1" 200 944 "-" "Apache Shindig"
127.0.0.1 - - [24/Sep/2014:12:57:28 +0530] "GET /portal/gadgets/gii-2013-business-sophistication/gii-2013-business-sophistication.xml HTTP/1.1" 200 948 "-" "Apache Shindig"
127.0.0.1 - - [24/Sep/2014:12:57:28 +0530] "GET /portal/gadgets/global-innovation-index-2013/global-innovation-index-2013.xml HTTP/1.1" 200 923 "-" "Apache Shindig"
127.0.0.1 - - [24/Sep/2014:12:57:28 +0530] "GET /portal/gadgets/publication-chart/publication-chart.xml HTTP/1.1" 200 1390 "-" "Apache Shindig"
127.0.0.1 - - [24/Sep/2014:12:57:28 +0530] "GET /portal/gadgets/gii-2013-creative-outputs/gii-2013-creative-outputs.xml HTTP/1.1" 200 944 "-" "Apache Shindig"
0:0:0:0:0:0:0:1 - - [24/Sep/2014:12:57:28 +0530] "GET //gadgets/js/setprefs:core!core:rpc.js?container=default&nocache=0&debug=1&c=0&v=6efc1002b527b14edcbc6ffebf5962e2&jsload=0 HTTP/1.1" 200 1404 "https://localhost:9443//gadgets/ifr?url=http%3A%2F%2Flocalhost%3A9763%2Fportal%2Fgadgets%2Fglobal-innovation-index-2013%2Fglobal-innovation-index-2013.xml&container=default&view=default&lang=en&country=US&debug=1&nocache=1&sanitize=0&v=d8213105a7083aec18c9bce3596dddd0&testmode=0&parent=https%3A%2F%2Flocalhost%3A9443&mid=0" "Mozilla/5.0 (Windows NT 6.1; WOW64; rv:32.0) Gecko/20100101 Firefox/32.0"
0:0:0:0:0:0:0:1 - - [24/Sep/2014:12:57:28 +0530] "GET //gadgets/js/pubsub-2:dynamic-height:core!core:rpc.js?container=default&nocache=0&debug=1&c=0&v=1026902a266299e7832e6c212a82f9fc&jsload=0 HTTP/1.1" 200 23879 "https://localhost:9443//gadgets/ifr?url=http%3A%2F%2Flocalhost%3A9763%2Fportal%2Fgadgets%2Fshow-assets%2Fshow-assets.xml&container=default&view=default&lang=en&country=US&debug=1&nocache=1&sanitize=0&v=d8213105a7083aec18c9bce3596dddd0&testmode=0&parent=https%3A%2F%2Flocalhost%3A9443&mid=0" "Mozilla/5.0 (Windows NT 6.1; WOW64; rv:32.0) Gecko/20100101 Firefox/32.0"
127.0.0.1 - - [24/Sep/2014:12:57:28 +0530] "GET /portal/gadgets/show-assets/css/styles.css HTTP/1.1" 200 2062 "-" "Apache Shindig"
0:0:0:0:0:0:0:1 - - [24/Sep/2014:12:57:28 +0530] "GET //gadgets/js/core:rpc.js?container=default&nocache=0&debug=1&c=0&v=0340451bd365756d7f0c9f9ea168177b&jsload=0 HTTP/1.1" 200 58354 "https://localhost:9443//gadgets/ifr?url=http%3A%2F%2Flocalhost%3A9763%2Fportal%2Fgadgets%2Fglobal-innovation-index-2013%2Fglobal-innovation-index-2013.xml&container=default&view=default&lang=en&country=US&debug=1&nocache=1&sanitize=0&v=d8213105a7083aec18c9bce3596dddd0&testmode=0&parent=https%3A%2F%2Flocalhost%3A9443&mid=0" "Mozilla/5.0 (Windows NT 6.1; WOW64; rv:32.0) Gecko/20100101 Firefox/32.0"
0:0:0:0:0:0:0:1 - - [24/Sep/2014:12:57:28 +0530] "GET //gadgets/js/core!core:rpc.js?container=default&nocache=0&debug=1&c=0&v=10ffc1a5848b6380548a5e2dcd177677&jsload=0 HTTP/1.1" 200 404 "https://localhost:9443//gadgets/ifr?url=http%3A%2F%2Flocalhost%3A9763%2Fportal%2Fgadgets%2Fpeople-chart%2Fpeople-chart.xml&container=default&view=default&lang=en&country=US&debug=1&nocache=1&sanitize=0&v=d8213105a7083aec18c9bce3596dddd0&testmode=0&parent=https%3A%2F%2Flocalhost%3A9443&mid=0" "Mozilla/5.0 (Windows NT 6.1; WOW64; rv:32.0) Gecko/20100101 Firefox/32.0"
127.0.0.1 - - [24/Sep/2014:12:57:28 +0530] "GET /portal/gadgets/people-chart/css/d3-graph.css HTTP/1.1" 200 279 "-" "Apache Shindig"
127.0.0.1 - - [24/Sep/2014:12:57:28 +0530] "GET /portal/themes/portal/css/flot-graph.css HTTP/1.1" 200 1294 "-" "Apache Shindig"
127.0.0.1 - - [24/Sep/2014:12:57:28 +0530] "GET /portal/themes/portal/css/bootstrap.min.css HTTP/1.1" 200 18754 "-" "Apache Shindig"
127.0.0.1 - - [24/Sep/2014:12:57:28 +0530] "GET /portal/gadgets/show-assets/css/bootstrap.min.css HTTP/1.1" 200 15959 "-" "Apache Shindig"
127.0.0.1 - - [24/Sep/2014:12:57:28 +0530] "GET /portal/gadgets/people-chart/people-chart.xml HTTP/1.1" 200 858 "-" "Apache Shindig"
127.0.0.1 - - [24/Sep/2014:12:57:28 +0530] "GET /portal/gadgets/people-chart/people-chart.xml HTTP/1.1" 200 858 "-" "Apache Shindig"
127.0.0.1 - - [24/Sep/2014:12:57:28 +0530] "GET /portal/gadgets/show-assets/show-assets.xml HTTP/1.1" 200 1769 "-" "Apache Shindig"
127.0.0.1 - - [24/Sep/2014:12:57:30 +0530] "GET /portal/gadgets/show-assets/show-assets.xml HTTP/1.1" 200 1769 "-" "Apache Shindig"
127.0.0.1 - - [24/Sep/2014:12:57:30 +0530] "GET /portal/gadgets/people-chart/people-chart.xml HTTP/1.1" 200 858 "-" "Apache Shindig"
127.0.0.1 - - [24/Sep/2014:12:57:30 +0530] "GET /portal/gadgets/gii-2013-business-sophistication/gii-2013-business-sophistication.xml HTTP/1.1" 200 948 "-" "Apache Shindig"
127.0.0.1 - - [24/Sep/2014:12:57:30 +0530] "GET /portal/gadgets/gii-2013-creative-outputs/gii-2013-creative-outputs.xml HTTP/1.1" 200 944 "-" "Apache Shindig"
0:0:0:0:0:0:0:1 - - [24/Sep/2014:12:57:30 +0530] "GET //gadgets/concat?container=default&gadget=http%3A%2F%2Flocalhost%3A9763%2Fportal%2Fgadgets%2Fgii-2013-business-sophistication%2Fgii-2013-business-sophistication.xml&debug=1&nocache=1&type=css&1=http%3A%2F%2Flocalhost%3A9763%2Fportal%2Fthemes%2Fportal%2Fcss%2Fflot-graph.css&2=http%3A%2F%2Flocalhost%3A9763%2Fportal%2Fthemes%2Fportal%2Fcss%2Fbootstrap.min.css&3=http%3A%2F%2Flocalhost%3A9763%2Fportal%2Fgadgets%2Fgii-2013-business-sophistication%2Fcss%2Fgii-2013-business-sophistication.css HTTP/1.1" 200 16379 "https://localhost:9443//gadgets/ifr?url=http%3A%2F%2Flocalhost%3A9763%2Fportal%2Fgadgets%2Fgii-2013-business-sophistication%2Fgii-2013-business-sophistication.xml&container=default&view=default&lang=en&country=US&debug=1&nocache=1&sanitize=0&v=d8213105a7083aec18c9bce3596dddd0&testmode=0&parent=https%3A%2F%2Flocalhost%3A9443&mid=0" "Mozilla/5.0 (Windows NT 6.1; WOW64; rv:32.0) Gecko/20100101 Firefox/32.0"
0:0:0:0:0:0:0:1 - - [24/Sep/2014:12:57:30 +0530] "GET //gadgets/concat?container=default&gadget=http%3A%2F%2Flocalhost%3A9763%2Fportal%2Fgadgets%2Fpeople-chart%2Fpeople-chart.xml&debug=1&nocache=1&type=css&1=http%3A%2F%2Flocalhost%3A9763%2Fportal%2Fthemes%2Fportal%2Fcss%2Fflot-graph.css&2=http%3A%2F%2Flocalhost%3A9763%2Fportal%2Fthemes%2Fportal%2Fcss%2Fbootstrap.min.css&3=http%3A%2F%2Flocalhost%3A9763%2Fportal%2Fgadgets%2Fpeople-chart%2Fcss%2Fd3-graph.css HTTP/1.1" 200 16365 "https://localhost:9443//gadgets/ifr?url=http%3A%2F%2Flocalhost%3A9763%2Fportal%2Fgadgets%2Fpeople-chart%2Fpeople-chart.xml&container=default&view=default&lang=en&country=US&debug=1&nocache=1&sanitize=0&v=d8213105a7083aec18c9bce3596dddd0&testmode=0&parent=https%3A%2F%2Flocalhost%3A9443&mid=0" "Mozilla/5.0 (Windows NT 6.1; WOW64; rv:32.0) Gecko/20100101 Firefox/32.0"
0:0:0:0:0:0:0:1 - - [24/Sep/2014:12:57:30 +0530] "GET //gadgets/concat?container=default&gadget=http%3A%2F%2Flocalhost%3A9763%2Fportal%2Fgadgets%2Fshow-assets%2Fshow-assets.xml&debug=1&nocache=1&type=css&1=http%3A%2F%2Flocalhost%3A9763%2Fportal%2Fgadgets%2Fshow-assets%2Fcss%2Fbootstrap.min.css&2=http%3A%2F%2Flocalhost%3A9763%2Fportal%2Fgadgets%2Fshow-assets%2Fcss%2Fstyles.css HTTP/1.1" 200 14264 "https://localhost:9443//gadgets/ifr?url=http%3A%2F%2Flocalhost%3A9763%2Fportal%2Fgadgets%2Fshow-assets%2Fshow-assets.xml&container=default&view=default&lang=en&country=US&debug=1&nocache=1&sanitize=0&v=d8213105a7083aec18c9bce3596dddd0&testmode=0&parent=https%3A%2F%2Flocalhost%3A9443&mid=0" "Mozilla/5.0 (Windows NT 6.1; WOW64; rv:32.0) Gecko/20100101 Firefox/32.0"
0:0:0:0:0:0:0:1 - - [24/Sep/2014:12:57:30 +0530] "GET //gadgets/concat?container=default&gadget=http%3A%2F%2Flocalhost%3A9763%2Fportal%2Fgadgets%2Fgii-2013-creative-outputs%2Fgii-2013-creative-outputs.xml&debug=1&nocache=1&type=css&1=http%3A%2F%2Flocalhost%3A9763%2Fportal%2Fthemes%2Fportal%2Fcss%2Fflot-graph.css&2=http%3A%2F%2Flocalhost%3A9763%2Fportal%2Fthemes%2Fportal%2Fcss%2Fbootstrap.min.css&3=http%3A%2F%2Flocalhost%3A9763%2Fportal%2Fgadgets%2Fgii-2013-creative-outputs%2Fcss%2Fgii-2013-creative-outputs.css HTTP/1.1" 200 16373 "https://localhost:9443//gadgets/ifr?url=http%3A%2F%2Flocalhost%3A9763%2Fportal%2Fgadgets%2Fgii-2013-creative-outputs%2Fgii-2013-creative-outputs.xml&container=default&view=default&lang=en&country=US&debug=1&nocache=1&sanitize=0&v=d8213105a7083aec18c9bce3596dddd0&testmode=0&parent=https%3A%2F%2Flocalhost%3A9443&mid=0" "Mozilla/5.0 (Windows NT 6.1; WOW64; rv:32.0) Gecko/20100101 Firefox/32.0"
127.0.0.1 - - [24/Sep/2014:12:57:30 +0530] "GET /portal/gadgets/publication-chart/publication-chart.xml HTTP/1.1" 200 1390 "-" "Apache Shindig"
127.0.0.1 - - [24/Sep/2014:12:57:30 +0530] "GET /portal/gadgets/gii-2013-business-sophistication/js/d3-options-radar.js HTTP/1.1" 404 898 "-" "Apache Shindig"
127.0.0.1 - - [24/Sep/2014:12:57:30 +0530] "GET /portal/gadgets/global-innovation-index-2013/global-innovation-index-2013.xml HTTP/1.1" 200 923 "-" "Apache Shindig"
127.0.0.1 - - [24/Sep/2014:12:57:30 +0530] "GET /portal/gadgets/publication-chart/publication-chart.xml HTTP/1.1" 200 1390 "-" "Apache Shindig"
0:0:0:0:0:0:0:1 - - [24/Sep/2014:12:57:30 +0530] "GET //gadgets/concat?container=default&gadget=http%3A%2F%2Flocalhost%3A9763%2Fportal%2Fgadgets%2Fglobal-innovation-index-2013%2Fglobal-innovation-index-2013.xml&debug=1&nocache=1&type=css&1=http%3A%2F%2Flocalhost%3A9763%2Fportal%2Fthemes%2Fportal%2Fcss%2Fflot-graph.css&2=http%3A%2F%2Flocalhost%3A9763%2Fportal%2Fthemes%2Fportal%2Fcss%2Fbootstrap.min.css&3=http%3A%2F%2Flocalhost%3A9763%2Fportal%2Fgadgets%2Fglobal-innovation-index-2013%2Fcss%2Fglobal-innovation-index-2013.css HTTP/1.1" 200 16373 "https://localhost:9443//gadgets/ifr?url=http%3A%2F%2Flocalhost%3A9763%2Fportal%2Fgadgets%2Fglobal-innovation-index-2013%2Fglobal-innovation-index-2013.xml&container=default&view=default&lang=en&country=US&debug=1&nocache=1&sanitize=0&v=d8213105a7083aec18c9bce3596dddd0&testmode=0&parent=https%3A%2F%2Flocalhost%3A9443&mid=0" "Mozilla/5.0 (Windows NT 6.1; WOW64; rv:32.0) Gecko/20100101 Firefox/32.0"
127.0.0.1 - - [24/Sep/2014:12:57:30 +0530] "GET /portal/gadgets/gii-2013-creative-outputs/js/d3-options-radar.js HTTP/1.1" 404 898 "-" "Apache Shindig"
127.0.0.1 - - [24/Sep/2014:12:57:30 +0530] "GET /portal/gadgets/people-chart/js/d3-options-bar.js HTTP/1.1" 200 857 "-" "Apache Shindig"
127.0.0.1 - - [24/Sep/2014:12:57:30 +0530] "GET /portal/gadgets/publication-chart/publication-chart.xml HTTP/1.1" 200 1390 "-" "Apache Shindig"
127.0.0.1 - - [24/Sep/2014:12:57:30 +0530] "GET /portal/gadgets/global-innovation-index-2013/js/d3-options-radar.js HTTP/1.1" 404 898 "-" "Apache Shindig"
127.0.0.1 - - [24/Sep/2014:12:57:30 +0530] "GET /portal/gadgets/publication-chart/publication-chart.xml HTTP/1.1" 200 1390 "-" "Apache Shindig"
127.0.0.1 - - [24/Sep/2014:12:57:30 +0530] "GET /portal/gadgets/publication-chart/publication-chart.xml HTTP/1.1" 200 1390 "-" "Apache Shindig"
127.0.0.1 - - [24/Sep/2014:12:57:30 +0530] "GET /portal/gadgets/publication-chart/publication-chart.xml HTTP/1.1" 200 1390 "-" "Apache Shindig"
127.0.0.1 - - [24/Sep/2014:12:57:30 +0530] "GET /portal/gadgets/show-assets/js/load-assets.js HTTP/1.1" 200 2901 "-" "Apache Shindig"
127.0.0.1 - - [24/Sep/2014:12:57:30 +0530] "GET /portal/gadgets/show-assets/js/bootstrap.min.js HTTP/1.1" 200 4218 "-" "Apache Shindig"
127.0.0.1 - - [24/Sep/2014:12:57:30 +0530] "GET /portal/gadgets/global-innovation-index-2013/js/NormRadarChart.js HTTP/1.1" 200 3763 "-" "Apache Shindig"
127.0.0.1 - - [24/Sep/2014:12:57:30 +0530] "GET /portal/gadgets/show-assets/js/jquery.nicescroll.min.js HTTP/1.1" 200 14017 "-" "Apache Shindig"
127.0.0.1 - - [24/Sep/2014:12:57:30 +0530] "GET /portal/gadgets/show-assets/js/jquery-1.8.3.min.js HTTP/1.1" 200 33942 "-" "Apache Shindig"
0:0:0:0:0:0:0:1 - - [24/Sep/2014:12:57:30 +0530] "GET //gadgets/concat?container=default&gadget=http%3A%2F%2Flocalhost%3A9763%2Fportal%2Fgadgets%2Fpublication-chart%2Fpublication-chart.xml&debug=1&nocache=1&type=css&1=http%3A%2F%2Flocalhost%3A9763%2Fportal%2Fthemes%2Fportal%2Fcss%2Fflot-graph.css&2=http%3A%2F%2Flocalhost%3A9763%2Fportal%2Fthemes%2Fportal%2Fcss%2Fbootstrap.min.css&3=http%3A%2F%2Flocalhost%3A9763%2Fportal%2Fgadgets%2Fpublication-chart%2Fcss%2Fd3-graph.css&4=http%3A%2F%2Flocalhost%3A9763%2Fportal%2Fgadgets%2Fpublication-chart%2Fjslider%2Fcss%2Fjslider.css&5=http%3A%2F%2Flocalhost%3A9763%2Fportal%2Fgadgets%2Fpublication-chart%2Fjslider%2Fcss%2Fjslider.blue.css&6=http%3A%2F%2Flocalhost%3A9763%2Fportal%2Fgadgets%2Fpublication-chart%2Fjslider%2Fcss%2Fjslider.plastic.css&7=http%3A%2F%2Flocalhost%3A9763%2Fportal%2Fgadgets%2Fpublication-chart%2Fjslider%2Fcss%2Fjslider.round.css&8=http%3A%2F%2Flocalhost%3A9763%2Fportal%2Fgadgets%2Fpublication-chart%2Fjslider%2Fcss%2Fjslider.round.plastic.css HTTP/1.1" 200 17162 "https://localhost:9443//gadgets/ifr?url=http%3A%2F%2Flocalhost%3A9763%2Fportal%2Fgadgets%2Fpublication-chart%2Fpublication-chart.xml&container=default&view=default&lang=en&country=US&debug=1&nocache=1&sanitize=0&v=d8213105a7083aec18c9bce3596dddd0&testmode=0&parent=https%3A%2F%2Flocalhost%3A9443&mid=0" "Mozilla/5.0 (Windows NT 6.1; WOW64; rv:32.0) Gecko/20100101 Firefox/32.0"
127.0.0.1 - - [24/Sep/2014:12:57:30 +0530] "GET /portal/gadgets/show-assets/show-assets.xml HTTP/1.1" 200 1769 "-" "Apache Shindig"
127.0.0.1 - - [24/Sep/2014:12:57:30 +0530] "GET /portal/gadgets/people-chart/js/PieChart.js HTTP/1.1" 200 2520 "-" "Apache Shindig"
127.0.0.1 - - [24/Sep/2014:12:57:30 +0530] "GET /portal/gadgets/gii-2013-creative-outputs/js/NormRadarChart.js HTTP/1.1" 200 3766 "-" "Apache Shindig"
127.0.0.1 - - [24/Sep/2014:12:57:30 +0530] "GET /portal/gadgets/gii-2013-business-sophistication/js/gii-2013-business-sophistication-core.js HTTP/1.1" 200 2092 "-" "Apache Shindig"
127.0.0.1 - - [24/Sep/2014:12:57:30 +0530] "GET /portal/gadgets/gii-2013-creative-outputs/js/gii-2013-creative-outputs-core.js HTTP/1.1" 200 2087 "-" "Apache Shindig"
127.0.0.1 - - [24/Sep/2014:12:57:30 +0530] "GET /portal/gadgets/gii-2013-business-sophistication/js/NormRadarChart.js HTTP/1.1" 200 3766 "-" "Apache Shindig"
127.0.0.1 - - [24/Sep/2014:12:57:30 +0530] "GET /portal/gadgets/global-innovation-index-2013/js/GroupedBarChart.js HTTP/1.1" 200 4084 "-" "Apache Shindig"
127.0.0.1 - - [24/Sep/2014:12:57:30 +0530] "GET /portal/gadgets/gii-2013-business-sophistication/js/GroupedBarChart.js HTTP/1.1" 200 4084 "-" "Apache Shindig"
127.0.0.1 - - [24/Sep/2014:12:57:30 +0530] "GET /portal/gadgets/show-assets/js/handlebars.js HTTP/1.1" 200 18303 "-" "Apache Shindig"
127.0.0.1 - - [24/Sep/2014:12:57:30 +0530] "GET /portal/gadgets/global-innovation-index-2013/js/jquery-1.11.1.min.js HTTP/1.1" 200 33737 "-" "Apache Shindig"
127.0.0.1 - - [24/Sep/2014:12:57:30 +0530] "GET /portal/gadgets/show-assets/js/jquery.validate.js HTTP/1.1" 200 10011 "-" "Apache Shindig"
127.0.0.1 - - [24/Sep/2014:12:57:30 +0530] "GET /portal/gadgets/global-innovation-index-2013/js/d3.min.js HTTP/1.1" 200 52005 "-" "Apache Shindig"
127.0.0.1 - - [24/Sep/2014:12:57:30 +0530] "GET /portal/gadgets/global-innovation-index-2013/js/global-innovation-index-2013-core.js HTTP/1.1" 200 2062 "-" "Apache Shindig"
127.0.0.1 - - [24/Sep/2014:12:57:30 +0530] "GET /portal/gadgets/show-assets/show-assets.xml HTTP/1.1" 200 1769 "-" "Apache Shindig"
127.0.0.1 - - [24/Sep/2014:12:57:30 +0530] "GET /portal/gadgets/global-innovation-index-2013/global-innovation-index-2013.xml HTTP/1.1" 200 923 "-" "Apache Shindig"
127.0.0.1 - - [24/Sep/2014:12:57:30 +0530] "GET /portal/gadgets/show-assets/show-assets.xml HTTP/1.1" 200 1769 "-" "Apache Shindig"
127.0.0.1 - - [24/Sep/2014:12:57:30 +0530] "GET /portal/gadgets/publication-chart/js/d3.min.js HTTP/1.1" 200 52005 "-" "Apache Shindig"
127.0.0.1 - - [24/Sep/2014:12:57:31 +0530] "GET /portal/gadgets/global-innovation-index-2013/global-innovation-index-2013.xml HTTP/1.1" 200 923 "-" "Apache Shindig"
127.0.0.1 - - [24/Sep/2014:12:57:31 +0530] "GET /portal/gadgets/people-chart/js/d3.min.js HTTP/1.1" 200 52005 "-" "Apache Shindig"
127.0.0.1 - - [24/Sep/2014:12:57:31 +0530] "GET /portal/gadgets/global-innovation-index-2013/global-innovation-index-2013.xml HTTP/1.1" 200 923 "-" "Apache Shindig"
127.0.0.1 - - [24/Sep/2014:12:57:31 +0530] "GET /portal/gadgets/show-assets/show-assets.xml HTTP/1.1" 200 1769 "-" "Apache Shindig"
127.0.0.1 - - [24/Sep/2014:12:57:31 +0530] "GET /portal/gadgets/publication-chart/js/BarChart.js HTTP/1.1" 200 2859 "-" "Apache Shindig"
127.0.0.1 - - [24/Sep/2014:12:57:31 +0530] "GET /portal/gadgets/publication-chart/js/LineChart.js HTTP/1.1" 200 2878 "-" "Apache Shindig"
127.0.0.1 - - [24/Sep/2014:12:57:31 +0530] "GET /portal/gadgets/gii-2013-business-sophistication/js/jquery-1.11.1.min.js HTTP/1.1" 200 33737 "-" "Apache Shindig"
127.0.0.1 - - [24/Sep/2014:12:57:31 +0530] "GET /portal/gadgets/publication-chart/jslider/js/tmpl.js HTTP/1.1" 200 1195 "-" "Apache Shindig"
127.0.0.1 - - [24/Sep/2014:12:57:31 +0530] "GET /portal/gadgets/people-chart/js/LineChart.js HTTP/1.1" 200 2836 "-" "Apache Shindig"
127.0.0.1 - - [24/Sep/2014:12:57:31 +0530] "GET /portal/gadgets/people-chart/js/people-chart-core.js HTTP/1.1" 200 1650 "-" "Apache Shindig"
127.0.0.1 - - [24/Sep/2014:12:57:31 +0530] "GET /portal/gadgets/publication-chart/jslider/js/jshashtable-2.1_src.js HTTP/1.1" 200 3039 "-" "Apache Shindig"
127.0.0.1 - - [24/Sep/2014:12:57:31 +0530] "GET /portal/gadgets/show-assets/show-assets.xml HTTP/1.1" 200 1769 "-" "Apache Shindig"
127.0.0.1 - - [24/Sep/2014:12:57:31 +0530] "GET /portal/gadgets/publication-chart/js/PieChart.js HTTP/1.1" 200 2569 "-" "Apache Shindig"
127.0.0.1 - - [24/Sep/2014:12:57:31 +0530] "GET /portal/gadgets/gii-2013-business-sophistication/gii-2013-business-sophistication.xml HTTP/1.1" 200 948 "-" "Apache Shindig"
127.0.0.1 - - [24/Sep/2014:12:57:31 +0530] "GET /portal/gadgets/gii-2013-creative-outputs/js/GroupedBarChart.js HTTP/1.1" 200 4084 "-" "Apache Shindig"
127.0.0.1 - - [24/Sep/2014:12:57:31 +0530] "GET /portal/gadgets/global-innovation-index-2013/global-innovation-index-2013.xml HTTP/1.1" 200 923 "-" "Apache Shindig"
127.0.0.1 - - [24/Sep/2014:12:57:31 +0530] "GET /portal/gadgets/gii-2013-creative-outputs/js/jquery-1.11.1.min.js HTTP/1.1" 200 33737 "-" "Apache Shindig"
127.0.0.1 - - [24/Sep/2014:12:57:31 +0530] "GET /portal/gadgets/show-assets/show-assets.xml HTTP/1.1" 200 1769 "-" "Apache Shindig"
127.0.0.1 - - [24/Sep/2014:12:57:31 +0530] "GET /portal/gadgets/publication-chart/jslider/js/jquery.slider.js HTTP/1.1" 200 4851 "-" "Apache Shindig"
127.0.0.1 - - [24/Sep/2014:12:57:31 +0530] "GET /portal/gadgets/gii-2013-business-sophistication/js/d3.min.js HTTP/1.1" 200 52005 "-" "Apache Shindig"
127.0.0.1 - - [24/Sep/2014:12:57:31 +0530] "GET /portal/gadgets/people-chart/js/BarChart.js HTTP/1.1" 200 2717 "-" "Apache Shindig"
127.0.0.1 - - [24/Sep/2014:12:57:31 +0530] "GET /portal/gadgets/gii-2013-creative-outputs/gii-2013-creative-outputs.xml HTTP/1.1" 200 944 "-" "Apache Shindig"
127.0.0.1 - - [24/Sep/2014:12:57:31 +0530] "GET /portal/gadgets/publication-chart/jslider/js/jquery.numberformatter-1.2.3.js HTTP/1.1" 200 4811 "-" "Apache Shindig"
127.0.0.1 - - [24/Sep/2014:12:57:31 +0530] "GET /portal/gadgets/publication-chart/jslider/js/draggable-0.1.js HTTP/1.1" 200 1357 "-" "Apache Shindig"
127.0.0.1 - - [24/Sep/2014:12:57:31 +0530] "GET /portal/gadgets/publication-chart/jslider/js/jquery.dependClass-0.1.js HTTP/1.1" 200 1412 "-" "Apache Shindig"
127.0.0.1 - - [24/Sep/2014:12:57:31 +0530] "GET /portal/gadgets/global-innovation-index-2013/global-innovation-index-2013.xml HTTP/1.1" 200 923 "-" "Apache Shindig"
127.0.0.1 - - [24/Sep/2014:12:57:31 +0530] "GET /portal/gadgets/gii-2013-creative-outputs/js/d3.min.js HTTP/1.1" 200 52005 "-" "Apache Shindig"
0:0:0:0:0:0:0:1 - - [24/Sep/2014:12:57:31 +0530] "GET //gadgets/concat?container=default&gadget=http%3A%2F%2Flocalhost%3A9763%2Fportal%2Fgadgets%2Fshow-assets%2Fshow-assets.xml&debug=1&nocache=1&type=js&1=http%3A%2F%2Flocalhost%3A9763%2Fportal%2Fgadgets%2Fshow-assets%2Fjs%2Fjquery-1.8.3.min.js&2=http%3A%2F%2Flocalhost%3A9763%2Fportal%2Fgadgets%2Fshow-assets%2Fjs%2Fjquery.validate.js&3=http%3A%2F%2Flocalhost%3A9763%2Fportal%2Fgadgets%2Fshow-assets%2Fjs%2Fhandlebars.js&4=http%3A%2F%2Flocalhost%3A9763%2Fportal%2Fgadgets%2Fshow-assets%2Fjs%2Fbootstrap.min.js&5=http%3A%2F%2Flocalhost%3A9763%2Fportal%2Fgadgets%2Fshow-assets%2Fjs%2Fload-assets.js&6=http%3A%2F%2Flocalhost%3A9763%2Fportal%2Fgadgets%2Fshow-assets%2Fjs%2Fjquery.nicescroll.min.js HTTP/1.1" 200 82651 "https://localhost:9443//gadgets/ifr?url=http%3A%2F%2Flocalhost%3A9763%2Fportal%2Fgadgets%2Fshow-assets%2Fshow-assets.xml&container=default&view=default&lang=en&country=US&debug=1&nocache=1&sanitize=0&v=d8213105a7083aec18c9bce3596dddd0&testmode=0&parent=https%3A%2F%2Flocalhost%3A9443&mid=0" "Mozilla/5.0 (Windows NT 6.1; WOW64; rv:32.0) Gecko/20100101 Firefox/32.0"
127.0.0.1 - - [24/Sep/2014:12:57:31 +0530] "GET /portal/gadgets/global-innovation-index-2013/global-innovation-index-2013.xml HTTP/1.1" 200 923 "-" "Apache Shindig"
127.0.0.1 - - [24/Sep/2014:12:57:31 +0530] "GET /portal/js/flot/jquery.js HTTP/1.1" 200 81076 "-" "Apache Shindig"
127.0.0.1 - - [24/Sep/2014:12:57:31 +0530] "GET /portal/themes/portal/css/flot-graph.css HTTP/1.1" 200 1294 "-" "Apache Shindig"
127.0.0.1 - - [24/Sep/2014:12:57:31 +0530] "GET /portal/gadgets/gii-2013-creative-outputs/gii-2013-creative-outputs.xml HTTP/1.1" 200 944 "-" "Apache Shindig"
127.0.0.1 - - [24/Sep/2014:12:57:31 +0530] "GET /portal/gadgets/gii-2013-business-sophistication/gii-2013-business-sophistication.xml HTTP/1.1" 200 948 "-" "Apache Shindig"
127.0.0.1 - - [24/Sep/2014:12:57:31 +0530] "GET /portal/js/flot/jquery.js HTTP/1.1" 200 81076 "-" "Apache Shindig"
127.0.0.1 - - [24/Sep/2014:12:57:31 +0530] "GET /portal/gadgets/publication-chart/js/publication-chart-core.js HTTP/1.1" 200 2739 "-" "Apache Shindig"
127.0.0.1 - - [24/Sep/2014:12:57:31 +0530] "GET /portal/gadgets/organization-map/organization-map.xml HTTP/1.1" 200 1502 "-" "Apache Shindig"
127.0.0.1 - - [24/Sep/2014:12:57:31 +0530] "GET /portal/gadgets/gii-2013-business-sophistication/gii-2013-business-sophistication.xml HTTP/1.1" 200 948 "-" "Apache Shindig"
0:0:0:0:0:0:0:1 - - [24/Sep/2014:12:57:31 +0530] "GET //gadgets/concat?container=default&gadget=http%3A%2F%2Flocalhost%3A9763%2Fportal%2Fgadgets%2Fglobal-innovation-index-2013%2Fglobal-innovation-index-2013.xml&debug=1&nocache=1&type=js&1=http%3A%2F%2Flocalhost%3A9763%2Fportal%2Fgadgets%2Fglobal-innovation-index-2013%2Fjs%2Fjquery-1.11.1.min.js&2=http%3A%2F%2Flocalhost%3A9763%2Fportal%2Fgadgets%2Fglobal-innovation-index-2013%2Fjs%2Fd3.min.js&3=http%3A%2F%2Flocalhost%3A9763%2Fportal%2Fgadgets%2Fglobal-innovation-index-2013%2Fjs%2FNormRadarChart.js&4=http%3A%2F%2Flocalhost%3A9763%2Fportal%2Fgadgets%2Fglobal-innovation-index-2013%2Fjs%2FGroupedBarChart.js&5=http%3A%2F%2Flocalhost%3A9763%2Fportal%2Fgadgets%2Fglobal-innovation-index-2013%2Fjs%2Fd3-options-radar.js&6=http%3A%2F%2Flocalhost%3A9763%2Fportal%2Fgadgets%2Fglobal-innovation-index-2013%2Fjs%2Fglobal-innovation-index-2013-core.js HTTP/1.1" 200 94854 "https://localhost:9443//gadgets/ifr?url=http%3A%2F%2Flocalhost%3A9763%2Fportal%2Fgadgets%2Fglobal-innovation-index-2013%2Fglobal-innovation-index-2013.xml&container=default&view=default&lang=en&country=US&debug=1&nocache=1&sanitize=0&v=d8213105a7083aec18c9bce3596dddd0&testmode=0&parent=https%3A%2F%2Flocalhost%3A9443&mid=0" "Mozilla/5.0 (Windows NT 6.1; WOW64; rv:32.0) Gecko/20100101 Firefox/32.0"
127.0.0.1 - - [24/Sep/2014:12:57:31 +0530] "GET /portal/gadgets/people-chart/people-chart.xml HTTP/1.1" 200 858 "-" "Apache Shindig"
127.0.0.1 - - [24/Sep/2014:12:57:31 +0530] "GET /portal/gadgets/people-chart/people-chart.xml HTTP/1.1" 200 858 "-" "Apache Shindig"
127.0.0.1 - - [24/Sep/2014:12:57:31 +0530] "GET /portal/gadgets/gii-2013-creative-outputs/gii-2013-creative-outputs.xml HTTP/1.1" 200 944 "-" "Apache Shindig"
127.0.0.1 - - [24/Sep/2014:12:57:31 +0530] "GET /portal/gadgets/gii-2013-business-sophistication/gii-2013-business-sophistication.xml HTTP/1.1" 200 948 "-" "Apache Shindig"
127.0.0.1 - - [24/Sep/2014:12:57:31 +0530] "GET /portal/gadgets/publication-chart/publication-chart.xml HTTP/1.1" 200 1390 "-" "Apache Shindig"
127.0.0.1 - - [24/Sep/2014:12:57:31 +0530] "GET /portal/themes/portal/css/bootstrap.min.css HTTP/1.1" 200 18754 "-" "Apache Shindig"
127.0.0.1 - - [24/Sep/2014:12:57:31 +0530] "GET /portal/gadgets/people-chart/people-chart.xml HTTP/1.1" 200 858 "-" "Apache Shindig"
127.0.0.1 - - [24/Sep/2014:12:57:31 +0530] "GET /portal/gadgets/publication-chart/publication-chart.xml HTTP/1.1" 200 1390 "-" "Apache Shindig"
127.0.0.1 - - [24/Sep/2014:12:57:31 +0530] "GET /portal/gadgets/gii-2013-creative-outputs/gii-2013-creative-outputs.xml HTTP/1.1" 200 944 "-" "Apache Shindig"
127.0.0.1 - - [24/Sep/2014:12:57:31 +0530] "GET /portal/gadgets/gii-2013-business-sophistication/gii-2013-business-sophistication.xml HTTP/1.1" 200 948 "-" "Apache Shindig"
127.0.0.1 - - [24/Sep/2014:12:57:31 +0530] "GET /portal/gadgets/people-chart/people-chart.xml HTTP/1.1" 200 858 "-" "Apache Shindig"
127.0.0.1 - - [24/Sep/2014:12:57:31 +0530] "GET /portal/gadgets/gii-2013-creative-outputs/gii-2013-creative-outputs.xml HTTP/1.1" 200 944 "-" "Apache Shindig"
127.0.0.1 - - [24/Sep/2014:12:57:31 +0530] "GET /portal/gadgets/publication-chart/publication-chart.xml HTTP/1.1" 200 1390 "-" "Apache Shindig"
127.0.0.1 - - [24/Sep/2014:12:57:31 +0530] "GET /portal/gadgets/people-chart/people-chart.xml HTTP/1.1" 200 858 "-" "Apache Shindig"
127.0.0.1 - - [24/Sep/2014:12:57:31 +0530] "GET /portal/gadgets/gii-2013-business-sophistication/gii-2013-business-sophistication.xml HTTP/1.1" 200 948 "-" "Apache Shindig"
127.0.0.1 - - [24/Sep/2014:12:57:31 +0530] "GET /portal/gadgets/people-chart/people-chart.xml HTTP/1.1" 200 858 "-" "Apache Shindig"
127.0.0.1 - - [24/Sep/2014:12:57:31 +0530] "GET /portal/gadgets/organization-map/organization-map.xml HTTP/1.1" 200 1502 "-" "Apache Shindig"
127.0.0.1 - - [24/Sep/2014:12:57:31 +0530] "GET /portal/gadgets/gii-2013-creative-outputs/gii-2013-creative-outputs.xml HTTP/1.1" 200 944 "-" "Apache Shindig"
127.0.0.1 - - [24/Sep/2014:12:57:31 +0530] "GET /portal/gadgets/people-chart/people-chart.xml HTTP/1.1" 200 858 "-" "Apache Shindig"
0:0:0:0:0:0:0:1 - - [24/Sep/2014:12:57:31 +0530] "GET //gadgets/concat?container=default&gadget=http%3A%2F%2Flocalhost%3A9763%2Fportal%2Fgadgets%2Fgii-2013-business-sophistication%2Fgii-2013-business-sophistication.xml&debug=1&nocache=1&type=js&1=http%3A%2F%2Flocalhost%3A9763%2Fportal%2Fgadgets%2Fgii-2013-business-sophistication%2Fjs%2Fjquery-1.11.1.min.js&2=http%3A%2F%2Flocalhost%3A9763%2Fportal%2Fgadgets%2Fgii-2013-business-sophistication%2Fjs%2Fd3.min.js&3=http%3A%2F%2Flocalhost%3A9763%2Fportal%2Fgadgets%2Fgii-2013-business-sophistication%2Fjs%2FNormRadarChart.js&4=http%3A%2F%2Flocalhost%3A9763%2Fportal%2Fgadgets%2Fgii-2013-business-sophistication%2Fjs%2FGroupedBarChart.js&5=http%3A%2F%2Flocalhost%3A9763%2Fportal%2Fgadgets%2Fgii-2013-business-sophistication%2Fjs%2Fd3-options-radar.js&6=http%3A%2F%2Flocalhost%3A9763%2Fportal%2Fgadgets%2Fgii-2013-business-sophistication%2Fjs%2Fgii-2013-business-sophistication-core.js HTTP/1.1" 200 94888 "https://localhost:9443//gadgets/ifr?url=http%3A%2F%2Flocalhost%3A9763%2Fportal%2Fgadgets%2Fgii-2013-business-sophistication%2Fgii-2013-business-sophistication.xml&container=default&view=default&lang=en&country=US&debug=1&nocache=1&sanitize=0&v=d8213105a7083aec18c9bce3596dddd0&testmode=0&parent=https%3A%2F%2Flocalhost%3A9443&mid=0" "Mozilla/5.0 (Windows NT 6.1; WOW64; rv:32.0) Gecko/20100101 Firefox/32.0"
0:0:0:0:0:0:0:1 - - [24/Sep/2014:12:57:31 +0530] "GET //gadgets/concat?container=default&gadget=http%3A%2F%2Flocalhost%3A9763%2Fportal%2Fgadgets%2Fgii-2013-creative-outputs%2Fgii-2013-creative-outputs.xml&debug=1&nocache=1&type=js&1=http%3A%2F%2Flocalhost%3A9763%2Fportal%2Fgadgets%2Fgii-2013-creative-outputs%2Fjs%2Fjquery-1.11.1.min.js&2=http%3A%2F%2Flocalhost%3A9763%2Fportal%2Fgadgets%2Fgii-2013-creative-outputs%2Fjs%2Fd3.min.js&3=http%3A%2F%2Flocalhost%3A9763%2Fportal%2Fgadgets%2Fgii-2013-creative-outputs%2Fjs%2FNormRadarChart.js&4=http%3A%2F%2Flocalhost%3A9763%2Fportal%2Fgadgets%2Fgii-2013-creative-outputs%2Fjs%2FGroupedBarChart.js&5=http%3A%2F%2Flocalhost%3A9763%2Fportal%2Fgadgets%2Fgii-2013-creative-outputs%2Fjs%2Fd3-options-radar.js&6=http%3A%2F%2Flocalhost%3A9763%2Fportal%2Fgadgets%2Fgii-2013-creative-outputs%2Fjs%2Fgii-2013-creative-outputs-core.js HTTP/1.1" 200 94877 "https://localhost:9443//gadgets/ifr?url=http%3A%2F%2Flocalhost%3A9763%2Fportal%2Fgadgets%2Fgii-2013-creative-outputs%2Fgii-2013-creative-outputs.xml&container=default&view=default&lang=en&country=US&debug=1&nocache=1&sanitize=0&v=d8213105a7083aec18c9bce3596dddd0&testmode=0&parent=https%3A%2F%2Flocalhost%3A9443&mid=0" "Mozilla/5.0 (Windows NT 6.1; WOW64; rv:32.0) Gecko/20100101 Firefox/32.0"
127.0.0.1 - - [24/Sep/2014:12:57:31 +0530] "GET /portal/gadgets/publication-chart/publication-chart.xml HTTP/1.1" 200 1390 "-" "Apache Shindig"
127.0.0.1 - - [24/Sep/2014:12:57:31 +0530] "GET /portal/gadgets/publication-chart/publication-chart.xml HTTP/1.1" 200 1390 "-" "Apache Shindig"
0:0:0:0:0:0:0:1 - - [24/Sep/2014:12:57:31 +0530] "GET //gadgets/concat?container=default&gadget=http%3A%2F%2Flocalhost%3A9763%2Fportal%2Fgadgets%2Forganization-map%2Forganization-map.xml&debug=1&nocache=1&type=css&1=http%3A%2F%2Flocalhost%3A9763%2Fportal%2Fthemes%2Fportal%2Fcss%2Fflot-graph.css&2=http%3A%2F%2Flocalhost%3A9763%2Fportal%2Fthemes%2Fportal%2Fcss%2Fbootstrap.min.css HTTP/1.1" 200 16230 "https://localhost:9443//gadgets/ifr?url=http%3A%2F%2Flocalhost%3A9763%2Fportal%2Fgadgets%2Forganization-map%2Forganization-map.xml&container=default&view=default&lang=en&country=US&debug=1&nocache=1&sanitize=0&v=d8213105a7083aec18c9bce3596dddd0&testmode=0&parent=https%3A%2F%2Flocalhost%3A9443&mid=0" "Mozilla/5.0 (Windows NT 6.1; WOW64; rv:32.0) Gecko/20100101 Firefox/32.0"
127.0.0.1 - - [24/Sep/2014:12:57:31 +0530] "GET /portal/gadgets/publication-chart/publication-chart.xml HTTP/1.1" 200 1390 "-" "Apache Shindig"
127.0.0.1 - - [24/Sep/2014:12:57:31 +0530] "GET /portal/gadgets/publication-chart/publication-chart.xml HTTP/1.1" 200 1390 "-" "Apache Shindig"
127.0.0.1 - - [24/Sep/2014:12:57:31 +0530] "GET /portal/gadgets/publication-chart/publication-chart.xml HTTP/1.1" 200 1390 "-" "Apache Shindig"
127.0.0.1 - - [24/Sep/2014:12:57:31 +0530] "GET /portal/gadgets/publication-chart/publication-chart.xml HTTP/1.1" 200 1390 "-" "Apache Shindig"
127.0.0.1 - - [24/Sep/2014:12:57:31 +0530] "GET /portal/gadgets/publication-chart/publication-chart.xml HTTP/1.1" 200 1390 "-" "Apache Shindig"
0:0:0:0:0:0:0:1 - - [24/Sep/2014:12:57:31 +0530] "GET //gadgets/concat?container=default&gadget=http%3A%2F%2Flocalhost%3A9763%2Fportal%2Fgadgets%2Fpeople-chart%2Fpeople-chart.xml&debug=1&nocache=1&type=js&1=http%3A%2F%2Flocalhost%3A9763%2Fportal%2Fjs%2Fflot%2Fjquery.js&2=http%3A%2F%2Flocalhost%3A9763%2Fportal%2Fgadgets%2Fpeople-chart%2Fjs%2Fd3.min.js&3=http%3A%2F%2Flocalhost%3A9763%2Fportal%2Fgadgets%2Fpeople-chart%2Fjs%2FBarChart.js&4=http%3A%2F%2Flocalhost%3A9763%2Fportal%2Fgadgets%2Fpeople-chart%2Fjs%2FLineChart.js&5=http%3A%2F%2Flocalhost%3A9763%2Fportal%2Fgadgets%2Fpeople-chart%2Fjs%2FPieChart.js&6=http%3A%2F%2Flocalhost%3A9763%2Fportal%2Fgadgets%2Fpeople-chart%2Fjs%2Fd3-options-bar.js&7=http%3A%2F%2Flocalhost%3A9763%2Fportal%2Fgadgets%2Fpeople-chart%2Fjs%2Fpeople-chart-core.js HTTP/1.1" 200 140006 "https://localhost:9443//gadgets/ifr?url=http%3A%2F%2Flocalhost%3A9763%2Fportal%2Fgadgets%2Fpeople-chart%2Fpeople-chart.xml&container=default&view=default&lang=en&country=US&debug=1&nocache=1&sanitize=0&v=d8213105a7083aec18c9bce3596dddd0&testmode=0&parent=https%3A%2F%2Flocalhost%3A9443&mid=0" "Mozilla/5.0 (Windows NT 6.1; WOW64; rv:32.0) Gecko/20100101 Firefox/32.0"
127.0.0.1 - - [24/Sep/2014:12:57:31 +0530] "GET /portal/js/flot/jquery.js HTTP/1.1" 200 81076 "-" "Apache Shindig"
127.0.0.1 - - [24/Sep/2014:12:57:31 +0530] "GET /portal/gadgets/publication-chart/publication-chart.xml HTTP/1.1" 200 1390 "-" "Apache Shindig"
127.0.0.1 - - [24/Sep/2014:12:57:31 +0530] "GET /portal/gadgets/publication-chart/publication-chart.xml HTTP/1.1" 200 1390 "-" "Apache Shindig"
127.0.0.1 - - [24/Sep/2014:12:57:31 +0530] "GET /portal/gadgets/organization-map/organization-map.xml HTTP/1.1" 200 1502 "-" "Apache Shindig"
127.0.0.1 - - [24/Sep/2014:12:57:31 +0530] "GET /portal/gadgets/organization-map/js/organization-map-core.js HTTP/1.1" 200 1864 "-" "Apache Shindig"
0:0:0:0:0:0:0:1 - - [24/Sep/2014:12:57:31 +0530] "GET //gadgets/concat?container=default&gadget=http%3A%2F%2Flocalhost%3A9763%2Fportal%2Fgadgets%2Fpublication-chart%2Fpublication-chart.xml&debug=1&nocache=1&type=js&1=http%3A%2F%2Flocalhost%3A9763%2Fportal%2Fjs%2Fflot%2Fjquery.js&2=http%3A%2F%2Flocalhost%3A9763%2Fportal%2Fgadgets%2Fpublication-chart%2Fjs%2Fd3.min.js&3=http%3A%2F%2Flocalhost%3A9763%2Fportal%2Fgadgets%2Fpublication-chart%2Fjslider%2Fjs%2Fjshashtable-2.1_src.js&4=http%3A%2F%2Flocalhost%3A9763%2Fportal%2Fgadgets%2Fpublication-chart%2Fjslider%2Fjs%2Fjquery.numberformatter-1.2.3.js&5=http%3A%2F%2Flocalhost%3A9763%2Fportal%2Fgadgets%2Fpublication-chart%2Fjslider%2Fjs%2Ftmpl.js&6=http%3A%2F%2Flocalhost%3A9763%2Fportal%2Fgadgets%2Fpublication-chart%2Fjslider%2Fjs%2Fjquery.dependClass-0.1.js&7=http%3A%2F%2Flocalhost%3A9763%2Fportal%2Fgadgets%2Fpublication-chart%2Fjslider%2Fjs%2Fdraggable-0.1.js&8=http%3A%2F%2Flocalhost%3A9763%2Fportal%2Fgadgets%2Fpublication-chart%2Fjslider%2Fjs%2Fjquery.slider.js&9=http%3A%2F%2Flocalhost%3A9763%2Fportal%2Fgadgets%2Fpublication-chart%2Fjs%2FBarChart.js&10=http%3A%2F%2Flocalhost%3A9763%2Fportal%2Fgadgets%2Fpublication-chart%2Fjs%2FLineChart.js&11=http%3A%2F%2Flocalhost%3A9763%2Fportal%2Fgadgets%2Fpublication-chart%2Fjs%2FPieChart.js&12=http%3A%2F%2Flocalhost%3A9763%2Fportal%2Fgadgets%2Fpublication-chart%2Fjs%2Fpublication-chart-core.js HTTP/1.1" 200 154867 "https://localhost:9443//gadgets/ifr?url=http%3A%2F%2Flocalhost%3A9763%2Fportal%2Fgadgets%2Fpublication-chart%2Fpublication-chart.xml&container=default&view=default&lang=en&country=US&debug=1&nocache=1&sanitize=0&v=d8213105a7083aec18c9bce3596dddd0&testmode=0&parent=https%3A%2F%2Flocalhost%3A9443&mid=0" "Mozilla/5.0 (Windows NT 6.1; WOW64; rv:32.0) Gecko/20100101 Firefox/32.0"
