127.0.0.1 - - [23/Sep/2014:17:33:17 +0530] "GET /portal/themes/portal/css/bootstrap.min.css HTTP/1.1" 200 18754 "-" "Apache Shindig"
127.0.0.1 - - [23/Sep/2014:17:33:17 +0530] "GET /portal/gadgets/publication-chart/css/d3-graph.css HTTP/1.1" 200 424 "-" "Apache Shindig"
127.0.0.1 - - [23/Sep/2014:17:33:17 +0530] "GET /portal/themes/portal/css/flot-graph.css HTTP/1.1" 200 1294 "-" "Apache Shindig"
127.0.0.1 - - [23/Sep/2014:17:33:17 +0530] "GET /portal/gadgets/publication-chart/jslider/css/jslider.plastic.css HTTP/1.1" 200 126 "-" "Apache Shindig"
127.0.0.1 - - [23/Sep/2014:17:33:17 +0530] "GET /portal/themes/portal/css/flot-graph.css HTTP/1.1" 200 1294 "-" "Apache Shindig"
127.0.0.1 - - [23/Sep/2014:17:33:17 +0530] "GET /portal/gadgets/publication-chart/jslider/css/jslider.round.css HTTP/1.1" 200 216 "-" "Apache Shindig"
127.0.0.1 - - [23/Sep/2014:17:33:17 +0530] "GET /portal/gadgets/publication-chart/jslider/css/jslider.round.plastic.css HTTP/1.1" 200 248 "-" "Apache Shindig"
127.0.0.1 - - [23/Sep/2014:17:33:17 +0530] "GET /portal/gadgets/global-innovation-index-2013/css/global-innovation-index-2013.css HTTP/1.1" 200 279 "-" "Apache Shindig"
127.0.0.1 - - [23/Sep/2014:17:33:17 +0530] "GET /portal/gadgets/publication-chart/jslider/css/jslider.css HTTP/1.1" 200 736 "-" "Apache Shindig"
127.0.0.1 - - [23/Sep/2014:17:33:17 +0530] "GET /portal/gadgets/publication-chart/publication-chart.xml HTTP/1.1" 200 1390 "-" "Apache Shindig"
127.0.0.1 - - [23/Sep/2014:17:33:17 +0530] "GET /portal/themes/portal/css/flot-graph.css HTTP/1.1" 200 1294 "-" "Apache Shindig"
127.0.0.1 - - [23/Sep/2014:17:33:17 +0530] "GET /portal/gadgets/publication-chart/jslider/css/jslider.blue.css HTTP/1.1" 200 119 "-" "Apache Shindig"
127.0.0.1 - - [23/Sep/2014:17:33:17 +0530] "GET /portal/gadgets/global-innovation-index-2013/global-innovation-index-2013.xml HTTP/1.1" 200 923 "-" "Apache Shindig"
127.0.0.1 - - [23/Sep/2014:17:33:17 +0530] "GET /portal/themes/portal/css/bootstrap.min.css HTTP/1.1" 200 18754 "-" "Apache Shindig"
127.0.0.1 - - [23/Sep/2014:17:33:17 +0530] "GET /portal/gadgets/gii-2013-creative-outputs/gii-2013-creative-outputs.xml HTTP/1.1" 200 944 "-" "Apache Shindig"
127.0.0.1 - - [23/Sep/2014:17:33:17 +0530] "GET /portal/themes/portal/css/bootstrap.min.css HTTP/1.1" 200 18754 "-" "Apache Shindig"
127.0.0.1 - - [23/Sep/2014:17:33:17 +0530] "GET /portal/gadgets/gii-2013-creative-outputs/css/gii-2013-creative-outputs.css HTTP/1.1" 200 279 "-" "Apache Shindig"
0:0:0:0:0:0:0:1 - - [23/Sep/2014:17:33:17 +0530] "GET //gadgets/js/setprefs:core!core:rpc.js?container=default&nocache=0&debug=1&c=0&v=6efc1002b527b14edcbc6ffebf5962e2&jsload=0 HTTP/1.1" 200 1404 "https://localhost:9443//gadgets/ifr?url=http%3A%2F%2Flocalhost%3A9763%2Fportal%2Fgadgets%2Fpublication-chart%2Fpublication-chart.xml&container=default&view=default&lang=en&country=US&debug=1&nocache=1&sanitize=0&v=d8213105a7083aec18c9bce3596dddd0&testmode=0&parent=https%3A%2F%2Flocalhost%3A9443&mid=0" "Mozilla/5.0 (Windows NT 6.2; WOW64; rv:32.0) Gecko/20100101 Firefox/32.0"
127.0.0.1 - - [23/Sep/2014:17:33:17 +0530] "GET /portal/gadgets/gii-2013-creative-outputs/gii-2013-creative-outputs.xml HTTP/1.1" 200 944 "-" "Apache Shindig"
127.0.0.1 - - [23/Sep/2014:17:33:17 +0530] "GET /portal/gadgets/publication-chart/publication-chart.xml HTTP/1.1" 200 1390 "-" "Apache Shindig"
0:0:0:0:0:0:0:1 - - [23/Sep/2014:17:33:17 +0530] "GET //gadgets/js/pubsub-2:dynamic-height:core!core:rpc.js?container=default&nocache=0&debug=1&c=0&v=1026902a266299e7832e6c212a82f9fc&jsload=0 HTTP/1.1" 200 23879 "https://localhost:9443//gadgets/ifr?url=http%3A%2F%2Flocalhost%3A9763%2Fportal%2Fgadgets%2Fshow-assets%2Fshow-assets.xml&container=default&view=default&lang=en&country=US&debug=1&nocache=1&sanitize=0&v=d8213105a7083aec18c9bce3596dddd0&testmode=0&parent=https%3A%2F%2Flocalhost%3A9443&mid=0" "Mozilla/5.0 (Windows NT 6.2; WOW64; rv:32.0) Gecko/20100101 Firefox/32.0"
127.0.0.1 - - [23/Sep/2014:17:33:17 +0530] "GET /portal/gadgets/show-assets/css/styles.css HTTP/1.1" 200 2062 "-" "Apache Shindig"
127.0.0.1 - - [23/Sep/2014:17:33:17 +0530] "GET /portal/gadgets/show-assets/css/bootstrap.min.css HTTP/1.1" 200 15959 "-" "Apache Shindig"
127.0.0.1 - - [23/Sep/2014:17:33:17 +0530] "GET /portal/gadgets/global-innovation-index-2013/global-innovation-index-2013.xml HTTP/1.1" 200 923 "-" "Apache Shindig"
127.0.0.1 - - [23/Sep/2014:17:33:17 +0530] "GET /portal/themes/portal/css/flot-graph.css HTTP/1.1" 200 1294 "-" "Apache Shindig"
127.0.0.1 - - [23/Sep/2014:17:33:17 +0530] "GET /portal/gadgets/show-assets/show-assets.xml HTTP/1.1" 200 1769 "-" "Apache Shindig"
127.0.0.1 - - [23/Sep/2014:17:33:17 +0530] "GET /portal/themes/portal/css/bootstrap.min.css HTTP/1.1" 200 18754 "-" "Apache Shindig"
0:0:0:0:0:0:0:1 - - [23/Sep/2014:17:33:17 +0530] "GET //gadgets/js/core:rpc.js?container=default&nocache=0&debug=1&c=0&v=0340451bd365756d7f0c9f9ea168177b&jsload=0 HTTP/1.1" 200 58354 "https://localhost:9443//gadgets/ifr?url=http%3A%2F%2Flocalhost%3A9763%2Fportal%2Fgadgets%2Fpublication-chart%2Fpublication-chart.xml&container=default&view=default&lang=en&country=US&debug=1&nocache=1&sanitize=0&v=d8213105a7083aec18c9bce3596dddd0&testmode=0&parent=https%3A%2F%2Flocalhost%3A9443&mid=0" "Mozilla/5.0 (Windows NT 6.2; WOW64; rv:32.0) Gecko/20100101 Firefox/32.0"
127.0.0.1 - - [23/Sep/2014:17:33:17 +0530] "GET /portal/gadgets/gii-2013-business-sophistication/css/gii-2013-business-sophistication.css HTTP/1.1" 200 279 "-" "Apache Shindig"
127.0.0.1 - - [23/Sep/2014:17:33:17 +0530] "GET /portal/gadgets/gii-2013-business-sophistication/gii-2013-business-sophistication.xml HTTP/1.1" 200 948 "-" "Apache Shindig"
127.0.0.1 - - [23/Sep/2014:17:33:17 +0530] "GET /portal/gadgets/gii-2013-business-sophistication/gii-2013-business-sophistication.xml HTTP/1.1" 200 948 "-" "Apache Shindig"
127.0.0.1 - - [23/Sep/2014:17:33:19 +0530] "GET /portal/gadgets/show-assets/show-assets.xml HTTP/1.1" 200 1769 "-" "Apache Shindig"
0:0:0:0:0:0:0:1 - - [23/Sep/2014:17:33:19 +0530] "GET //gadgets/concat?container=default&gadget=http%3A%2F%2Flocalhost%3A9763%2Fportal%2Fgadgets%2Fshow-assets%2Fshow-assets.xml&debug=1&nocache=1&type=css&1=http%3A%2F%2Flocalhost%3A9763%2Fportal%2Fgadgets%2Fshow-assets%2Fcss%2Fbootstrap.min.css&2=http%3A%2F%2Flocalhost%3A9763%2Fportal%2Fgadgets%2Fshow-assets%2Fcss%2Fstyles.css HTTP/1.1" 200 14264 "https://localhost:9443//gadgets/ifr?url=http%3A%2F%2Flocalhost%3A9763%2Fportal%2Fgadgets%2Fshow-assets%2Fshow-assets.xml&container=default&view=default&lang=en&country=US&debug=1&nocache=1&sanitize=0&v=d8213105a7083aec18c9bce3596dddd0&testmode=0&parent=https%3A%2F%2Flocalhost%3A9443&mid=0" "Mozilla/5.0 (Windows NT 6.2; WOW64; rv:32.0) Gecko/20100101 Firefox/32.0"
127.0.0.1 - - [23/Sep/2014:17:33:19 +0530] "GET /portal/gadgets/show-assets/js/load-assets.js HTTP/1.1" 200 2901 "-" "Apache Shindig"
127.0.0.1 - - [23/Sep/2014:17:33:19 +0530] "GET /portal/gadgets/show-assets/js/bootstrap.min.js HTTP/1.1" 200 4218 "-" "Apache Shindig"
0:0:0:0:0:0:0:1 - - [23/Sep/2014:17:33:19 +0530] "GET //gadgets/concat?container=default&gadget=http%3A%2F%2Flocalhost%3A9763%2Fportal%2Fgadgets%2Fgii-2013-creative-outputs%2Fgii-2013-creative-outputs.xml&debug=1&nocache=1&type=css&1=http%3A%2F%2Flocalhost%3A9763%2Fportal%2Fthemes%2Fportal%2Fcss%2Fflot-graph.css&2=http%3A%2F%2Flocalhost%3A9763%2Fportal%2Fthemes%2Fportal%2Fcss%2Fbootstrap.min.css&3=http%3A%2F%2Flocalhost%3A9763%2Fportal%2Fgadgets%2Fgii-2013-creative-outputs%2Fcss%2Fgii-2013-creative-outputs.css HTTP/1.1" 200 16373 "https://localhost:9443//gadgets/ifr?url=http%3A%2F%2Flocalhost%3A9763%2Fportal%2Fgadgets%2Fgii-2013-creative-outputs%2Fgii-2013-creative-outputs.xml&container=default&view=default&lang=en&country=US&debug=1&nocache=1&sanitize=0&v=d8213105a7083aec18c9bce3596dddd0&testmode=0&parent=https%3A%2F%2Flocalhost%3A9443&mid=0" "Mozilla/5.0 (Windows NT 6.2; WOW64; rv:32.0) Gecko/20100101 Firefox/32.0"
127.0.0.1 - - [23/Sep/2014:17:33:19 +0530] "GET /portal/gadgets/show-assets/js/jquery.nicescroll.min.js HTTP/1.1" 200 14017 "-" "Apache Shindig"
127.0.0.1 - - [23/Sep/2014:17:33:19 +0530] "GET /portal/gadgets/gii-2013-creative-outputs/gii-2013-creative-outputs.xml HTTP/1.1" 200 944 "-" "Apache Shindig"
127.0.0.1 - - [23/Sep/2014:17:33:20 +0530] "GET /portal/gadgets/show-assets/js/jquery-1.8.3.min.js HTTP/1.1" 200 33942 "-" "Apache Shindig"
127.0.0.1 - - [23/Sep/2014:17:33:20 +0530] "GET /portal/gadgets/gii-2013-creative-outputs/js/NormRadarChart.js HTTP/1.1" 200 3766 "-" "Apache Shindig"
127.0.0.1 - - [23/Sep/2014:17:33:20 +0530] "GET /portal/gadgets/gii-2013-creative-outputs/js/d3.min.js HTTP/1.1" 200 52005 "-" "Apache Shindig"
127.0.0.1 - - [23/Sep/2014:17:33:20 +0530] "GET /portal/gadgets/gii-2013-creative-outputs/js/GroupedBarChart.js HTTP/1.1" 200 4084 "-" "Apache Shindig"
127.0.0.1 - - [23/Sep/2014:17:33:20 +0530] "GET /portal/gadgets/show-assets/show-assets.xml HTTP/1.1" 200 1769 "-" "Apache Shindig"
127.0.0.1 - - [23/Sep/2014:17:33:20 +0530] "GET /portal/gadgets/gii-2013-creative-outputs/js/d3-options-radar.js HTTP/1.1" 404 898 "-" "Apache Shindig"
127.0.0.1 - - [23/Sep/2014:17:33:20 +0530] "GET /portal/gadgets/show-assets/js/handlebars.js HTTP/1.1" 200 18303 "-" "Apache Shindig"
127.0.0.1 - - [23/Sep/2014:17:33:20 +0530] "GET /portal/gadgets/gii-2013-creative-outputs/js/jquery-1.11.1.min.js HTTP/1.1" 200 33737 "-" "Apache Shindig"
127.0.0.1 - - [23/Sep/2014:17:33:20 +0530] "GET /portal/gadgets/gii-2013-creative-outputs/gii-2013-creative-outputs.xml HTTP/1.1" 200 944 "-" "Apache Shindig"
127.0.0.1 - - [23/Sep/2014:17:33:20 +0530] "GET /portal/gadgets/show-assets/js/jquery.validate.js HTTP/1.1" 200 10011 "-" "Apache Shindig"
127.0.0.1 - - [23/Sep/2014:17:33:20 +0530] "GET /portal/gadgets/global-innovation-index-2013/global-innovation-index-2013.xml HTTP/1.1" 200 923 "-" "Apache Shindig"
127.0.0.1 - - [23/Sep/2014:17:33:20 +0530] "GET /portal/gadgets/gii-2013-creative-outputs/js/gii-2013-creative-outputs-core.js HTTP/1.1" 200 2087 "-" "Apache Shindig"
127.0.0.1 - - [23/Sep/2014:17:33:20 +0530] "GET /portal/gadgets/gii-2013-creative-outputs/gii-2013-creative-outputs.xml HTTP/1.1" 200 944 "-" "Apache Shindig"
127.0.0.1 - - [23/Sep/2014:17:33:20 +0530] "GET /portal/gadgets/show-assets/show-assets.xml HTTP/1.1" 200 1769 "-" "Apache Shindig"
127.0.0.1 - - [23/Sep/2014:17:33:20 +0530] "GET /portal/gadgets/gii-2013-creative-outputs/gii-2013-creative-outputs.xml HTTP/1.1" 200 944 "-" "Apache Shindig"
127.0.0.1 - - [23/Sep/2014:17:33:20 +0530] "GET /portal/gadgets/gii-2013-creative-outputs/gii-2013-creative-outputs.xml HTTP/1.1" 200 944 "-" "Apache Shindig"
127.0.0.1 - - [23/Sep/2014:17:33:20 +0530] "GET /portal/gadgets/show-assets/show-assets.xml HTTP/1.1" 200 1769 "-" "Apache Shindig"
0:0:0:0:0:0:0:1 - - [23/Sep/2014:17:33:20 +0530] "GET //gadgets/concat?container=default&gadget=http%3A%2F%2Flocalhost%3A9763%2Fportal%2Fgadgets%2Fglobal-innovation-index-2013%2Fglobal-innovation-index-2013.xml&debug=1&nocache=1&type=css&1=http%3A%2F%2Flocalhost%3A9763%2Fportal%2Fthemes%2Fportal%2Fcss%2Fflot-graph.css&2=http%3A%2F%2Flocalhost%3A9763%2Fportal%2Fthemes%2Fportal%2Fcss%2Fbootstrap.min.css&3=http%3A%2F%2Flocalhost%3A9763%2Fportal%2Fgadgets%2Fglobal-innovation-index-2013%2Fcss%2Fglobal-innovation-index-2013.css HTTP/1.1" 200 16373 "https://localhost:9443//gadgets/ifr?url=http%3A%2F%2Flocalhost%3A9763%2Fportal%2Fgadgets%2Fglobal-innovation-index-2013%2Fglobal-innovation-index-2013.xml&container=default&view=default&lang=en&country=US&debug=1&nocache=1&sanitize=0&v=d8213105a7083aec18c9bce3596dddd0&testmode=0&parent=https%3A%2F%2Flocalhost%3A9443&mid=0" "Mozilla/5.0 (Windows NT 6.2; WOW64; rv:32.0) Gecko/20100101 Firefox/32.0"
127.0.0.1 - - [23/Sep/2014:17:33:20 +0530] "GET /portal/gadgets/show-assets/show-assets.xml HTTP/1.1" 200 1769 "-" "Apache Shindig"
127.0.0.1 - - [23/Sep/2014:17:33:20 +0530] "GET /portal/gadgets/global-innovation-index-2013/js/d3-options-radar.js HTTP/1.1" 404 898 "-" "Apache Shindig"
127.0.0.1 - - [23/Sep/2014:17:33:20 +0530] "GET /portal/gadgets/global-innovation-index-2013/js/GroupedBarChart.js HTTP/1.1" 200 4084 "-" "Apache Shindig"
127.0.0.1 - - [23/Sep/2014:17:33:20 +0530] "GET /portal/gadgets/gii-2013-creative-outputs/gii-2013-creative-outputs.xml HTTP/1.1" 200 944 "-" "Apache Shindig"
127.0.0.1 - - [23/Sep/2014:17:33:20 +0530] "GET /portal/gadgets/gii-2013-creative-outputs/gii-2013-creative-outputs.xml HTTP/1.1" 200 944 "-" "Apache Shindig"
127.0.0.1 - - [23/Sep/2014:17:33:20 +0530] "GET /portal/gadgets/show-assets/show-assets.xml HTTP/1.1" 200 1769 "-" "Apache Shindig"
127.0.0.1 - - [23/Sep/2014:17:33:20 +0530] "GET /portal/gadgets/publication-chart/publication-chart.xml HTTP/1.1" 200 1390 "-" "Apache Shindig"
127.0.0.1 - - [23/Sep/2014:17:33:20 +0530] "GET /portal/gadgets/global-innovation-index-2013/js/global-innovation-index-2013-core.js HTTP/1.1" 200 2062 "-" "Apache Shindig"
127.0.0.1 - - [23/Sep/2014:17:33:20 +0530] "GET /portal/gadgets/global-innovation-index-2013/js/jquery-1.11.1.min.js HTTP/1.1" 200 33737 "-" "Apache Shindig"
127.0.0.1 - - [23/Sep/2014:17:33:20 +0530] "GET /portal/gadgets/global-innovation-index-2013/js/NormRadarChart.js HTTP/1.1" 200 3763 "-" "Apache Shindig"
127.0.0.1 - - [23/Sep/2014:17:33:20 +0530] "GET /portal/gadgets/show-assets/show-assets.xml HTTP/1.1" 200 1769 "-" "Apache Shindig"
127.0.0.1 - - [23/Sep/2014:17:33:20 +0530] "GET /portal/gadgets/global-innovation-index-2013/global-innovation-index-2013.xml HTTP/1.1" 200 923 "-" "Apache Shindig"
127.0.0.1 - - [23/Sep/2014:17:33:20 +0530] "GET /portal/gadgets/publication-chart/publication-chart.xml HTTP/1.1" 200 1390 "-" "Apache Shindig"
127.0.0.1 - - [23/Sep/2014:17:33:20 +0530] "GET /portal/gadgets/gii-2013-business-sophistication/gii-2013-business-sophistication.xml HTTP/1.1" 200 948 "-" "Apache Shindig"
0:0:0:0:0:0:0:1 - - [23/Sep/2014:17:33:20 +0530] "GET //gadgets/concat?container=default&gadget=http%3A%2F%2Flocalhost%3A9763%2Fportal%2Fgadgets%2Fshow-assets%2Fshow-assets.xml&debug=1&nocache=1&type=js&1=http%3A%2F%2Flocalhost%3A9763%2Fportal%2Fgadgets%2Fshow-assets%2Fjs%2Fjquery-1.8.3.min.js&2=http%3A%2F%2Flocalhost%3A9763%2Fportal%2Fgadgets%2Fshow-assets%2Fjs%2Fjquery.validate.js&3=http%3A%2F%2Flocalhost%3A9763%2Fportal%2Fgadgets%2Fshow-assets%2Fjs%2Fhandlebars.js&4=http%3A%2F%2Flocalhost%3A9763%2Fportal%2Fgadgets%2Fshow-assets%2Fjs%2Fbootstrap.min.js&5=http%3A%2F%2Flocalhost%3A9763%2Fportal%2Fgadgets%2Fshow-assets%2Fjs%2Fload-assets.js&6=http%3A%2F%2Flocalhost%3A9763%2Fportal%2Fgadgets%2Fshow-assets%2Fjs%2Fjquery.nicescroll.min.js HTTP/1.1" 200 82651 "https://localhost:9443//gadgets/ifr?url=http%3A%2F%2Flocalhost%3A9763%2Fportal%2Fgadgets%2Fshow-assets%2Fshow-assets.xml&container=default&view=default&lang=en&country=US&debug=1&nocache=1&sanitize=0&v=d8213105a7083aec18c9bce3596dddd0&testmode=0&parent=https%3A%2F%2Flocalhost%3A9443&mid=0" "Mozilla/5.0 (Windows NT 6.2; WOW64; rv:32.0) Gecko/20100101 Firefox/32.0"
127.0.0.1 - - [23/Sep/2014:17:33:20 +0530] "GET /portal/gadgets/global-innovation-index-2013/js/d3.min.js HTTP/1.1" 200 52005 "-" "Apache Shindig"
127.0.0.1 - - [23/Sep/2014:17:33:20 +0530] "GET /portal/gadgets/publication-chart/publication-chart.xml HTTP/1.1" 200 1390 "-" "Apache Shindig"
0:0:0:0:0:0:0:1 - - [23/Sep/2014:17:33:20 +0530] "GET //gadgets/concat?container=default&gadget=http%3A%2F%2Flocalhost%3A9763%2Fportal%2Fgadgets%2Fgii-2013-business-sophistication%2Fgii-2013-business-sophistication.xml&debug=1&nocache=1&type=css&1=http%3A%2F%2Flocalhost%3A9763%2Fportal%2Fthemes%2Fportal%2Fcss%2Fflot-graph.css&2=http%3A%2F%2Flocalhost%3A9763%2Fportal%2Fthemes%2Fportal%2Fcss%2Fbootstrap.min.css&3=http%3A%2F%2Flocalhost%3A9763%2Fportal%2Fgadgets%2Fgii-2013-business-sophistication%2Fcss%2Fgii-2013-business-sophistication.css HTTP/1.1" 200 16379 "https://localhost:9443//gadgets/ifr?url=http%3A%2F%2Flocalhost%3A9763%2Fportal%2Fgadgets%2Fgii-2013-business-sophistication%2Fgii-2013-business-sophistication.xml&container=default&view=default&lang=en&country=US&debug=1&nocache=1&sanitize=0&v=d8213105a7083aec18c9bce3596dddd0&testmode=0&parent=https%3A%2F%2Flocalhost%3A9443&mid=0" "Mozilla/5.0 (Windows NT 6.2; WOW64; rv:32.0) Gecko/20100101 Firefox/32.0"
127.0.0.1 - - [23/Sep/2014:17:33:20 +0530] "GET /portal/gadgets/global-innovation-index-2013/global-innovation-index-2013.xml HTTP/1.1" 200 923 "-" "Apache Shindig"
0:0:0:0:0:0:0:1 - - [23/Sep/2014:17:33:20 +0530] "GET //gadgets/concat?container=default&gadget=http%3A%2F%2Flocalhost%3A9763%2Fportal%2Fgadgets%2Fgii-2013-creative-outputs%2Fgii-2013-creative-outputs.xml&debug=1&nocache=1&type=js&1=http%3A%2F%2Flocalhost%3A9763%2Fportal%2Fgadgets%2Fgii-2013-creative-outputs%2Fjs%2Fjquery-1.11.1.min.js&2=http%3A%2F%2Flocalhost%3A9763%2Fportal%2Fgadgets%2Fgii-2013-creative-outputs%2Fjs%2Fd3.min.js&3=http%3A%2F%2Flocalhost%3A9763%2Fportal%2Fgadgets%2Fgii-2013-creative-outputs%2Fjs%2FNormRadarChart.js&4=http%3A%2F%2Flocalhost%3A9763%2Fportal%2Fgadgets%2Fgii-2013-creative-outputs%2Fjs%2FGroupedBarChart.js&5=http%3A%2F%2Flocalhost%3A9763%2Fportal%2Fgadgets%2Fgii-2013-creative-outputs%2Fjs%2Fd3-options-radar.js&6=http%3A%2F%2Flocalhost%3A9763%2Fportal%2Fgadgets%2Fgii-2013-creative-outputs%2Fjs%2Fgii-2013-creative-outputs-core.js HTTP/1.1" 200 94877 "https://localhost:9443//gadgets/ifr?url=http%3A%2F%2Flocalhost%3A9763%2Fportal%2Fgadgets%2Fgii-2013-creative-outputs%2Fgii-2013-creative-outputs.xml&container=default&view=default&lang=en&country=US&debug=1&nocache=1&sanitize=0&v=d8213105a7083aec18c9bce3596dddd0&testmode=0&parent=https%3A%2F%2Flocalhost%3A9443&mid=0" "Mozilla/5.0 (Windows NT 6.2; WOW64; rv:32.0) Gecko/20100101 Firefox/32.0"
127.0.0.1 - - [23/Sep/2014:17:33:20 +0530] "GET /portal/gadgets/publication-chart/publication-chart.xml HTTP/1.1" 200 1390 "-" "Apache Shindig"
127.0.0.1 - - [23/Sep/2014:17:33:20 +0530] "GET /portal/gadgets/global-innovation-index-2013/global-innovation-index-2013.xml HTTP/1.1" 200 923 "-" "Apache Shindig"
127.0.0.1 - - [23/Sep/2014:17:33:20 +0530] "GET /portal/gadgets/gii-2013-business-sophistication/js/d3-options-radar.js HTTP/1.1" 404 898 "-" "Apache Shindig"
127.0.0.1 - - [23/Sep/2014:17:33:20 +0530] "GET /portal/gadgets/publication-chart/publication-chart.xml HTTP/1.1" 200 1390 "-" "Apache Shindig"
127.0.0.1 - - [23/Sep/2014:17:33:20 +0530] "GET /portal/gadgets/global-innovation-index-2013/global-innovation-index-2013.xml HTTP/1.1" 200 923 "-" "Apache Shindig"
127.0.0.1 - - [23/Sep/2014:17:33:20 +0530] "GET /portal/gadgets/gii-2013-business-sophistication/js/GroupedBarChart.js HTTP/1.1" 200 4084 "-" "Apache Shindig"
127.0.0.1 - - [23/Sep/2014:17:33:20 +0530] "GET /portal/gadgets/global-innovation-index-2013/global-innovation-index-2013.xml HTTP/1.1" 200 923 "-" "Apache Shindig"
127.0.0.1 - - [23/Sep/2014:17:33:20 +0530] "GET /portal/gadgets/publication-chart/publication-chart.xml HTTP/1.1" 200 1390 "-" "Apache Shindig"
127.0.0.1 - - [23/Sep/2014:17:33:20 +0530] "GET /portal/gadgets/gii-2013-business-sophistication/js/NormRadarChart.js HTTP/1.1" 200 3766 "-" "Apache Shindig"
127.0.0.1 - - [23/Sep/2014:17:33:20 +0530] "GET /portal/gadgets/global-innovation-index-2013/global-innovation-index-2013.xml HTTP/1.1" 200 923 "-" "Apache Shindig"
127.0.0.1 - - [23/Sep/2014:17:33:20 +0530] "GET /portal/gadgets/gii-2013-business-sophistication/js/gii-2013-business-sophistication-core.js HTTP/1.1" 200 2092 "-" "Apache Shindig"
127.0.0.1 - - [23/Sep/2014:17:33:20 +0530] "GET /portal/gadgets/gii-2013-business-sophistication/js/jquery-1.11.1.min.js HTTP/1.1" 200 33737 "-" "Apache Shindig"
0:0:0:0:0:0:0:1 - - [23/Sep/2014:17:33:20 +0530] "GET //gadgets/concat?container=default&gadget=http%3A%2F%2Flocalhost%3A9763%2Fportal%2Fgadgets%2Fpublication-chart%2Fpublication-chart.xml&debug=1&nocache=1&type=css&1=http%3A%2F%2Flocalhost%3A9763%2Fportal%2Fthemes%2Fportal%2Fcss%2Fflot-graph.css&2=http%3A%2F%2Flocalhost%3A9763%2Fportal%2Fthemes%2Fportal%2Fcss%2Fbootstrap.min.css&3=http%3A%2F%2Flocalhost%3A9763%2Fportal%2Fgadgets%2Fpublication-chart%2Fcss%2Fd3-graph.css&4=http%3A%2F%2Flocalhost%3A9763%2Fportal%2Fgadgets%2Fpublication-chart%2Fjslider%2Fcss%2Fjslider.css&5=http%3A%2F%2Flocalhost%3A9763%2Fportal%2Fgadgets%2Fpublication-chart%2Fjslider%2Fcss%2Fjslider.blue.css&6=http%3A%2F%2Flocalhost%3A9763%2Fportal%2Fgadgets%2Fpublication-chart%2Fjslider%2Fcss%2Fjslider.plastic.css&7=http%3A%2F%2Flocalhost%3A9763%2Fportal%2Fgadgets%2Fpublication-chart%2Fjslider%2Fcss%2Fjslider.round.css&8=http%3A%2F%2Flocalhost%3A9763%2Fportal%2Fgadgets%2Fpublication-chart%2Fjslider%2Fcss%2Fjslider.round.plastic.css HTTP/1.1" 200 17162 "https://localhost:9443//gadgets/ifr?url=http%3A%2F%2Flocalhost%3A9763%2Fportal%2Fgadgets%2Fpublication-chart%2Fpublication-chart.xml&container=default&view=default&lang=en&country=US&debug=1&nocache=1&sanitize=0&v=d8213105a7083aec18c9bce3596dddd0&testmode=0&parent=https%3A%2F%2Flocalhost%3A9443&mid=0" "Mozilla/5.0 (Windows NT 6.2; WOW64; rv:32.0) Gecko/20100101 Firefox/32.0"
127.0.0.1 - - [23/Sep/2014:17:33:20 +0530] "GET /portal/gadgets/gii-2013-business-sophistication/js/d3.min.js HTTP/1.1" 200 52005 "-" "Apache Shindig"
127.0.0.1 - - [23/Sep/2014:17:33:20 +0530] "GET /portal/gadgets/gii-2013-business-sophistication/gii-2013-business-sophistication.xml HTTP/1.1" 200 948 "-" "Apache Shindig"
127.0.0.1 - - [23/Sep/2014:17:33:20 +0530] "GET /portal/gadgets/gii-2013-business-sophistication/gii-2013-business-sophistication.xml HTTP/1.1" 200 948 "-" "Apache Shindig"
127.0.0.1 - - [23/Sep/2014:17:33:20 +0530] "GET /portal/gadgets/publication-chart/jslider/js/tmpl.js HTTP/1.1" 200 1195 "-" "Apache Shindig"
127.0.0.1 - - [23/Sep/2014:17:33:20 +0530] "GET /portal/gadgets/publication-chart/jslider/js/jquery.numberformatter-1.2.3.js HTTP/1.1" 200 4811 "-" "Apache Shindig"
127.0.0.1 - - [23/Sep/2014:17:33:20 +0530] "GET /portal/gadgets/publication-chart/js/LineChart.js HTTP/1.1" 200 2878 "-" "Apache Shindig"
127.0.0.1 - - [23/Sep/2014:17:33:20 +0530] "GET /portal/gadgets/publication-chart/jslider/js/jquery.slider.js HTTP/1.1" 200 4851 "-" "Apache Shindig"
127.0.0.1 - - [23/Sep/2014:17:33:20 +0530] "GET /portal/gadgets/gii-2013-business-sophistication/gii-2013-business-sophistication.xml HTTP/1.1" 200 948 "-" "Apache Shindig"
127.0.0.1 - - [23/Sep/2014:17:33:20 +0530] "GET /portal/gadgets/publication-chart/js/BarChart.js HTTP/1.1" 200 2860 "-" "Apache Shindig"
127.0.0.1 - - [23/Sep/2014:17:33:20 +0530] "GET /portal/gadgets/gii-2013-business-sophistication/gii-2013-business-sophistication.xml HTTP/1.1" 200 948 "-" "Apache Shindig"
127.0.0.1 - - [23/Sep/2014:17:33:20 +0530] "GET /portal/gadgets/publication-chart/jslider/js/draggable-0.1.js HTTP/1.1" 200 1357 "-" "Apache Shindig"
127.0.0.1 - - [23/Sep/2014:17:33:20 +0530] "GET /portal/gadgets/publication-chart/jslider/js/jquery.dependClass-0.1.js HTTP/1.1" 200 1412 "-" "Apache Shindig"
127.0.0.1 - - [23/Sep/2014:17:33:20 +0530] "GET /portal/gadgets/publication-chart/js/PieChart.js HTTP/1.1" 200 2569 "-" "Apache Shindig"
127.0.0.1 - - [23/Sep/2014:17:33:20 +0530] "GET /portal/gadgets/gii-2013-business-sophistication/gii-2013-business-sophistication.xml HTTP/1.1" 200 948 "-" "Apache Shindig"
127.0.0.1 - - [23/Sep/2014:17:33:20 +0530] "GET /portal/gadgets/gii-2013-business-sophistication/gii-2013-business-sophistication.xml HTTP/1.1" 200 948 "-" "Apache Shindig"
127.0.0.1 - - [23/Sep/2014:17:33:20 +0530] "GET /portal/gadgets/publication-chart/js/d3.min.js HTTP/1.1" 200 52005 "-" "Apache Shindig"
127.0.0.1 - - [23/Sep/2014:17:33:20 +0530] "GET /portal/gadgets/publication-chart/jslider/js/jshashtable-2.1_src.js HTTP/1.1" 200 3039 "-" "Apache Shindig"
127.0.0.1 - - [23/Sep/2014:17:33:20 +0530] "GET /portal/gadgets/publication-chart/js/publication-chart-core.js HTTP/1.1" 200 2739 "-" "Apache Shindig"
0:0:0:0:0:0:0:1 - - [23/Sep/2014:17:33:20 +0530] "GET //gadgets/concat?container=default&gadget=http%3A%2F%2Flocalhost%3A9763%2Fportal%2Fgadgets%2Fglobal-innovation-index-2013%2Fglobal-innovation-index-2013.xml&debug=1&nocache=1&type=js&1=http%3A%2F%2Flocalhost%3A9763%2Fportal%2Fgadgets%2Fglobal-innovation-index-2013%2Fjs%2Fjquery-1.11.1.min.js&2=http%3A%2F%2Flocalhost%3A9763%2Fportal%2Fgadgets%2Fglobal-innovation-index-2013%2Fjs%2Fd3.min.js&3=http%3A%2F%2Flocalhost%3A9763%2Fportal%2Fgadgets%2Fglobal-innovation-index-2013%2Fjs%2FNormRadarChart.js&4=http%3A%2F%2Flocalhost%3A9763%2Fportal%2Fgadgets%2Fglobal-innovation-index-2013%2Fjs%2FGroupedBarChart.js&5=http%3A%2F%2Flocalhost%3A9763%2Fportal%2Fgadgets%2Fglobal-innovation-index-2013%2Fjs%2Fd3-options-radar.js&6=http%3A%2F%2Flocalhost%3A9763%2Fportal%2Fgadgets%2Fglobal-innovation-index-2013%2Fjs%2Fglobal-innovation-index-2013-core.js HTTP/1.1" 200 94854 "https://localhost:9443//gadgets/ifr?url=http%3A%2F%2Flocalhost%3A9763%2Fportal%2Fgadgets%2Fglobal-innovation-index-2013%2Fglobal-innovation-index-2013.xml&container=default&view=default&lang=en&country=US&debug=1&nocache=1&sanitize=0&v=d8213105a7083aec18c9bce3596dddd0&testmode=0&parent=https%3A%2F%2Flocalhost%3A9443&mid=0" "Mozilla/5.0 (Windows NT 6.2; WOW64; rv:32.0) Gecko/20100101 Firefox/32.0"
127.0.0.1 - - [23/Sep/2014:17:33:20 +0530] "GET /portal/js/flot/jquery.js HTTP/1.1" 200 81076 "-" "Apache Shindig"
127.0.0.1 - - [23/Sep/2014:17:33:20 +0530] "GET /portal/gadgets/publication-chart/publication-chart.xml HTTP/1.1" 200 1390 "-" "Apache Shindig"
127.0.0.1 - - [23/Sep/2014:17:33:20 +0530] "GET /portal/gadgets/publication-chart/publication-chart.xml HTTP/1.1" 200 1390 "-" "Apache Shindig"
127.0.0.1 - - [23/Sep/2014:17:33:20 +0530] "GET /portal/gadgets/publication-chart/publication-chart.xml HTTP/1.1" 200 1390 "-" "Apache Shindig"
127.0.0.1 - - [23/Sep/2014:17:33:20 +0530] "GET /portal/gadgets/publication-chart/publication-chart.xml HTTP/1.1" 200 1390 "-" "Apache Shindig"
0:0:0:0:0:0:0:1 - - [23/Sep/2014:17:33:20 +0530] "GET //gadgets/concat?container=default&gadget=http%3A%2F%2Flocalhost%3A9763%2Fportal%2Fgadgets%2Fgii-2013-business-sophistication%2Fgii-2013-business-sophistication.xml&debug=1&nocache=1&type=js&1=http%3A%2F%2Flocalhost%3A9763%2Fportal%2Fgadgets%2Fgii-2013-business-sophistication%2Fjs%2Fjquery-1.11.1.min.js&2=http%3A%2F%2Flocalhost%3A9763%2Fportal%2Fgadgets%2Fgii-2013-business-sophistication%2Fjs%2Fd3.min.js&3=http%3A%2F%2Flocalhost%3A9763%2Fportal%2Fgadgets%2Fgii-2013-business-sophistication%2Fjs%2FNormRadarChart.js&4=http%3A%2F%2Flocalhost%3A9763%2Fportal%2Fgadgets%2Fgii-2013-business-sophistication%2Fjs%2FGroupedBarChart.js&5=http%3A%2F%2Flocalhost%3A9763%2Fportal%2Fgadgets%2Fgii-2013-business-sophistication%2Fjs%2Fd3-options-radar.js&6=http%3A%2F%2Flocalhost%3A9763%2Fportal%2Fgadgets%2Fgii-2013-business-sophistication%2Fjs%2Fgii-2013-business-sophistication-core.js HTTP/1.1" 200 94888 "https://localhost:9443//gadgets/ifr?url=http%3A%2F%2Flocalhost%3A9763%2Fportal%2Fgadgets%2Fgii-2013-business-sophistication%2Fgii-2013-business-sophistication.xml&container=default&view=default&lang=en&country=US&debug=1&nocache=1&sanitize=0&v=d8213105a7083aec18c9bce3596dddd0&testmode=0&parent=https%3A%2F%2Flocalhost%3A9443&mid=0" "Mozilla/5.0 (Windows NT 6.2; WOW64; rv:32.0) Gecko/20100101 Firefox/32.0"
127.0.0.1 - - [23/Sep/2014:17:33:20 +0530] "GET /portal/gadgets/publication-chart/publication-chart.xml HTTP/1.1" 200 1390 "-" "Apache Shindig"
127.0.0.1 - - [23/Sep/2014:17:33:20 +0530] "GET /portal/gadgets/publication-chart/publication-chart.xml HTTP/1.1" 200 1390 "-" "Apache Shindig"
127.0.0.1 - - [23/Sep/2014:17:33:20 +0530] "GET /portal/gadgets/publication-chart/publication-chart.xml HTTP/1.1" 200 1390 "-" "Apache Shindig"
127.0.0.1 - - [23/Sep/2014:17:33:20 +0530] "GET /portal/gadgets/publication-chart/publication-chart.xml HTTP/1.1" 200 1390 "-" "Apache Shindig"
127.0.0.1 - - [23/Sep/2014:17:33:20 +0530] "GET /portal/gadgets/publication-chart/publication-chart.xml HTTP/1.1" 200 1390 "-" "Apache Shindig"
127.0.0.1 - - [23/Sep/2014:17:33:20 +0530] "GET /portal/gadgets/publication-chart/publication-chart.xml HTTP/1.1" 200 1390 "-" "Apache Shindig"
127.0.0.1 - - [23/Sep/2014:17:33:20 +0530] "GET /portal/gadgets/publication-chart/publication-chart.xml HTTP/1.1" 200 1390 "-" "Apache Shindig"
127.0.0.1 - - [23/Sep/2014:17:33:20 +0530] "GET /portal/gadgets/publication-chart/publication-chart.xml HTTP/1.1" 200 1390 "-" "Apache Shindig"
0:0:0:0:0:0:0:1 - - [23/Sep/2014:17:33:20 +0530] "GET //gadgets/concat?container=default&gadget=http%3A%2F%2Flocalhost%3A9763%2Fportal%2Fgadgets%2Fpublication-chart%2Fpublication-chart.xml&debug=1&nocache=1&type=js&1=http%3A%2F%2Flocalhost%3A9763%2Fportal%2Fjs%2Fflot%2Fjquery.js&2=http%3A%2F%2Flocalhost%3A9763%2Fportal%2Fgadgets%2Fpublication-chart%2Fjs%2Fd3.min.js&3=http%3A%2F%2Flocalhost%3A9763%2Fportal%2Fgadgets%2Fpublication-chart%2Fjslider%2Fjs%2Fjshashtable-2.1_src.js&4=http%3A%2F%2Flocalhost%3A9763%2Fportal%2Fgadgets%2Fpublication-chart%2Fjslider%2Fjs%2Fjquery.numberformatter-1.2.3.js&5=http%3A%2F%2Flocalhost%3A9763%2Fportal%2Fgadgets%2Fpublication-chart%2Fjslider%2Fjs%2Ftmpl.js&6=http%3A%2F%2Flocalhost%3A9763%2Fportal%2Fgadgets%2Fpublication-chart%2Fjslider%2Fjs%2Fjquery.dependClass-0.1.js&7=http%3A%2F%2Flocalhost%3A9763%2Fportal%2Fgadgets%2Fpublication-chart%2Fjslider%2Fjs%2Fdraggable-0.1.js&8=http%3A%2F%2Flocalhost%3A9763%2Fportal%2Fgadgets%2Fpublication-chart%2Fjslider%2Fjs%2Fjquery.slider.js&9=http%3A%2F%2Flocalhost%3A9763%2Fportal%2Fgadgets%2Fpublication-chart%2Fjs%2FBarChart.js&10=http%3A%2F%2Flocalhost%3A9763%2Fportal%2Fgadgets%2Fpublication-chart%2Fjs%2FLineChart.js&11=http%3A%2F%2Flocalhost%3A9763%2Fportal%2Fgadgets%2Fpublication-chart%2Fjs%2FPieChart.js&12=http%3A%2F%2Flocalhost%3A9763%2Fportal%2Fgadgets%2Fpublication-chart%2Fjs%2Fpublication-chart-core.js HTTP/1.1" 200 154859 "https://localhost:9443//gadgets/ifr?url=http%3A%2F%2Flocalhost%3A9763%2Fportal%2Fgadgets%2Fpublication-chart%2Fpublication-chart.xml&container=default&view=default&lang=en&country=US&debug=1&nocache=1&sanitize=0&v=d8213105a7083aec18c9bce3596dddd0&testmode=0&parent=https%3A%2F%2Flocalhost%3A9443&mid=0" "Mozilla/5.0 (Windows NT 6.2; WOW64; rv:32.0) Gecko/20100101 Firefox/32.0"
0:0:0:0:0:0:0:1 - - [23/Sep/2014:17:33:20 +0530] "GET /store/apis/myAsset/ HTTP/1.1" 401 975 "https://localhost:9443//gadgets/ifr?url=http%3A%2F%2Flocalhost%3A9763%2Fportal%2Fgadgets%2Fshow-assets%2Fshow-assets.xml&container=default&view=default&lang=en&country=US&debug=1&nocache=1&sanitize=0&v=d8213105a7083aec18c9bce3596dddd0&testmode=0&parent=https%3A%2F%2Flocalhost%3A9443&mid=0" "Mozilla/5.0 (Windows NT 6.2; WOW64; rv:32.0) Gecko/20100101 Firefox/32.0"
0:0:0:0:0:0:0:1 - - [23/Sep/2014:17:33:20 +0530] "GET /store/apis/tag/gadget HTTP/1.1" 200 284 "https://localhost:9443//gadgets/ifr?url=http%3A%2F%2Flocalhost%3A9763%2Fportal%2Fgadgets%2Fshow-assets%2Fshow-assets.xml&container=default&view=default&lang=en&country=US&debug=1&nocache=1&sanitize=0&v=d8213105a7083aec18c9bce3596dddd0&testmode=0&parent=https%3A%2F%2Flocalhost%3A9443&mid=0" "Mozilla/5.0 (Windows NT 6.2; WOW64; rv:32.0) Gecko/20100101 Firefox/32.0"
0:0:0:0:0:0:0:1 - - [23/Sep/2014:17:33:21 +0530] "GET /portal/gadgets/global-innovation-index-2013/data-files/global-innovation-index-2013-data.jag?giId=2 HTTP/1.1" 200 656 "https://localhost:9443//gadgets/ifr?url=http%3A%2F%2Flocalhost%3A9763%2Fportal%2Fgadgets%2Fglobal-innovation-index-2013%2Fglobal-innovation-index-2013.xml&container=default&view=default&lang=en&country=US&debug=1&nocache=1&sanitize=0&v=d8213105a7083aec18c9bce3596dddd0&testmode=0&parent=https%3A%2F%2Flocalhost%3A9443&mid=0" "Mozilla/5.0 (Windows NT 6.2; WOW64; rv:32.0) Gecko/20100101 Firefox/32.0"
0:0:0:0:0:0:0:1 - - [23/Sep/2014:17:33:21 +0530] "GET /portal/gadgets/gii-2013-creative-outputs/data-files/gii-2013-creative-outputs-data.jag?pillarId=14 HTTP/1.1" 200 1410 "https://localhost:9443//gadgets/ifr?url=http%3A%2F%2Flocalhost%3A9763%2Fportal%2Fgadgets%2Fgii-2013-creative-outputs%2Fgii-2013-creative-outputs.xml&container=default&view=default&lang=en&country=US&debug=1&nocache=1&sanitize=0&v=d8213105a7083aec18c9bce3596dddd0&testmode=0&parent=https%3A%2F%2Flocalhost%3A9443&mid=0" "Mozilla/5.0 (Windows NT 6.2; WOW64; rv:32.0) Gecko/20100101 Firefox/32.0"
0:0:0:0:0:0:0:1 - - [23/Sep/2014:17:33:21 +0530] "GET /portal/gadgets/publication-chart/data-files/publication-dataFile1.jag?axis=org&aoiId=0&saoiId=0&ssaoiId=0 HTTP/1.1" 200 1114 "https://localhost:9443//gadgets/ifr?url=http%3A%2F%2Flocalhost%3A9763%2Fportal%2Fgadgets%2Fpublication-chart%2Fpublication-chart.xml&container=default&view=default&lang=en&country=US&debug=1&nocache=1&sanitize=0&v=d8213105a7083aec18c9bce3596dddd0&testmode=0&parent=https%3A%2F%2Flocalhost%3A9443&mid=0" "Mozilla/5.0 (Windows NT 6.2; WOW64; rv:32.0) Gecko/20100101 Firefox/32.0"
0:0:0:0:0:0:0:1 - - [23/Sep/2014:17:33:21 +0530] "GET /portal/gadgets/gii-2013-business-sophistication/data-files/gii-2013-business-sophistication-data.jag?pillarId=12 HTTP/1.1" 200 1525 "https://localhost:9443//gadgets/ifr?url=http%3A%2F%2Flocalhost%3A9763%2Fportal%2Fgadgets%2Fgii-2013-business-sophistication%2Fgii-2013-business-sophistication.xml&container=default&view=default&lang=en&country=US&debug=1&nocache=1&sanitize=0&v=d8213105a7083aec18c9bce3596dddd0&testmode=0&parent=https%3A%2F%2Flocalhost%3A9443&mid=0" "Mozilla/5.0 (Windows NT 6.2; WOW64; rv:32.0) Gecko/20100101 Firefox/32.0"
0:0:0:0:0:0:0:1 - - [23/Sep/2014:17:33:21 +0530] "GET /portal/gadgets/publication-chart/data-files/publication-aoi-dataFile.jag HTTP/1.1" 200 3263 "https://localhost:9443//gadgets/ifr?url=http%3A%2F%2Flocalhost%3A9763%2Fportal%2Fgadgets%2Fpublication-chart%2Fpublication-chart.xml&container=default&view=default&lang=en&country=US&debug=1&nocache=1&sanitize=0&v=d8213105a7083aec18c9bce3596dddd0&testmode=0&parent=https%3A%2F%2Flocalhost%3A9443&mid=0" "Mozilla/5.0 (Windows NT 6.2; WOW64; rv:32.0) Gecko/20100101 Firefox/32.0"
127.0.0.1 - - [23/Sep/2014:17:33:21 +0530] "GET /portal/gadgets/publication-chart/jslider/img/jslider.round.plastic.png HTTP/1.1" 200 1956 "-" "Apache Shindig"
127.0.0.1 - - [23/Sep/2014:17:33:21 +0530] "GET /portal/gadgets/publication-chart/jslider/css/jslider.round.plastic.css HTTP/1.1" 200 248 "-" "Apache Shindig"
0:0:0:0:0:0:0:1 - - [23/Sep/2014:17:33:21 +0530] "GET //gadgets/proxy?container=default&gadget=http%3A%2F%2Flocalhost%3A9763%2Fportal%2Fgadgets%2Fpublication-chart%2Fjslider%2Fcss%2Fjslider.round.plastic.css&debug=0&nocache=1&url=http%3A%2F%2Flocalhost%3A9763%2Fportal%2Fgadgets%2Fpublication-chart%2Fjslider%2Fimg%2Fjslider.round.plastic.png HTTP/1.1" 200 1956 "https://localhost:9443//gadgets/concat?container=default&gadget=http%3A%2F%2Flocalhost%3A9763%2Fportal%2Fgadgets%2Fpublication-chart%2Fpublication-chart.xml&debug=1&nocache=1&type=css&1=http%3A%2F%2Flocalhost%3A9763%2Fportal%2Fthemes%2Fportal%2Fcss%2Fflot-graph.css&2=http%3A%2F%2Flocalhost%3A9763%2Fportal%2Fthemes%2Fportal%2Fcss%2Fbootstrap.min.css&3=http%3A%2F%2Flocalhost%3A9763%2Fportal%2Fgadgets%2Fpublication-chart%2Fcss%2Fd3-graph.css&4=http%3A%2F%2Flocalhost%3A9763%2Fportal%2Fgadgets%2Fpublication-chart%2Fjslider%2Fcss%2Fjslider.css&5=http%3A%2F%2Flocalhost%3A9763%2Fportal%2Fgadgets%2Fpublication-chart%2Fjslider%2Fcss%2Fjslider.blue.css&6=http%3A%2F%2Flocalhost%3A9763%2Fportal%2Fgadgets%2Fpublication-chart%2Fjslider%2Fcss%2Fjslider.plastic.css&7=http%3A%2F%2Flocalhost%3A9763%2Fportal%2Fgadgets%2Fpublication-chart%2Fjslider%2Fcss%2Fjslider.round.css&8=http%3A%2F%2Flocalhost%3A9763%2Fportal%2Fgadgets%2Fpublication-chart%2Fjslider%2Fcss%2Fjslider.round.plastic.css" "Mozilla/5.0 (Windows NT 6.2; WOW64; rv:32.0) Gecko/20100101 Firefox/32.0"
0:0:0:0:0:0:0:1 - - [23/Sep/2014:17:33:22 +0530] "GET /store?user=lalanke HTTP/1.1" 302 - "https://localhost:9443/innovation-dashboard/" "Mozilla/5.0 (Windows NT 6.2; WOW64; rv:32.0) Gecko/20100101 Firefox/32.0"
0:0:0:0:0:0:0:1 - - [23/Sep/2014:17:33:22 +0530] "GET /store/?user=lalanke HTTP/1.1" 200 1323 "https://localhost:9443/innovation-dashboard/" "Mozilla/5.0 (Windows NT 6.2; WOW64; rv:32.0) Gecko/20100101 Firefox/32.0"
0:0:0:0:0:0:0:1 - - [23/Sep/2014:17:33:22 +0530] "POST /sso/samlsso.jag HTTP/1.1" 200 2015 "https://localhost:9443/store/?user=lalanke" "Mozilla/5.0 (Windows NT 6.2; WOW64; rv:32.0) Gecko/20100101 Firefox/32.0"
0:0:0:0:0:0:0:1 - - [23/Sep/2014:17:33:22 +0530] "POST /store/sso.jag HTTP/1.1" 302 - "https://localhost:9443/sso/samlsso.jag" "Mozilla/5.0 (Windows NT 6.2; WOW64; rv:32.0) Gecko/20100101 Firefox/32.0"
0:0:0:0:0:0:0:1 - - [23/Sep/2014:17:33:22 +0530] "GET /store HTTP/1.1" 302 - "https://localhost:9443/sso/samlsso.jag" "Mozilla/5.0 (Windows NT 6.2; WOW64; rv:32.0) Gecko/20100101 Firefox/32.0"
0:0:0:0:0:0:0:1 - - [23/Sep/2014:17:33:22 +0530] "GET /store/ HTTP/1.1" 302 - "https://localhost:9443/sso/samlsso.jag" "Mozilla/5.0 (Windows NT 6.2; WOW64; rv:32.0) Gecko/20100101 Firefox/32.0"
0:0:0:0:0:0:0:1 - - [23/Sep/2014:17:33:24 +0530] "GET /store/assets/all HTTP/1.1" 200 3913 "https://localhost:9443/sso/samlsso.jag" "Mozilla/5.0 (Windows NT 6.2; WOW64; rv:32.0) Gecko/20100101 Firefox/32.0"
0:0:0:0:0:0:0:1 - - [23/Sep/2014:17:33:24 +0530] "GET /store/themes/store/css/font-awesome-ie7.min.css HTTP/1.1" 200 3385 "https://localhost:9443/store/assets/all" "Mozilla/5.0 (Windows NT 6.2; WOW64; rv:32.0) Gecko/20100101 Firefox/32.0"
0:0:0:0:0:0:0:1 - - [23/Sep/2014:17:33:24 +0530] "GET /store/themes/store/css/bootstrap.css HTTP/1.1" 200 19874 "https://localhost:9443/store/assets/all" "Mozilla/5.0 (Windows NT 6.2; WOW64; rv:32.0) Gecko/20100101 Firefox/32.0"
0:0:0:0:0:0:0:1 - - [23/Sep/2014:17:33:24 +0530] "GET /store/themes/store/css/jslider.css HTTP/1.1" 200 736 "https://localhost:9443/store/assets/all" "Mozilla/5.0 (Windows NT 6.2; WOW64; rv:32.0) Gecko/20100101 Firefox/32.0"
0:0:0:0:0:0:0:1 - - [23/Sep/2014:17:33:24 +0530] "GET /store/themes/store/css/font-awesome.min.css HTTP/1.1" 200 4456 "https://localhost:9443/store/assets/all" "Mozilla/5.0 (Windows NT 6.2; WOW64; rv:32.0) Gecko/20100101 Firefox/32.0"
0:0:0:0:0:0:0:1 - - [23/Sep/2014:17:33:24 +0530] "GET /store/themes/store/css/jslider.round.plastic.css HTTP/1.1" 200 248 "https://localhost:9443/store/assets/all" "Mozilla/5.0 (Windows NT 6.2; WOW64; rv:32.0) Gecko/20100101 Firefox/32.0"
0:0:0:0:0:0:0:1 - - [23/Sep/2014:17:33:24 +0530] "GET /store/themes/store/css/navigation.css HTTP/1.1" 200 1307 "https://localhost:9443/store/assets/all" "Mozilla/5.0 (Windows NT 6.2; WOW64; rv:32.0) Gecko/20100101 Firefox/32.0"
0:0:0:0:0:0:0:1 - - [23/Sep/2014:17:33:24 +0530] "GET /store/themes/store/css/styles.css HTTP/1.1" 200 5106 "https://localhost:9443/store/assets/all" "Mozilla/5.0 (Windows NT 6.2; WOW64; rv:32.0) Gecko/20100101 Firefox/32.0"
0:0:0:0:0:0:0:1 - - [23/Sep/2014:17:33:24 +0530] "GET /store/themes/store/css/assets.css HTTP/1.1" 200 418 "https://localhost:9443/store/assets/all" "Mozilla/5.0 (Windows NT 6.2; WOW64; rv:32.0) Gecko/20100101 Firefox/32.0"
0:0:0:0:0:0:0:1 - - [23/Sep/2014:17:33:24 +0530] "GET /store/themes/store/css/top-assets.css HTTP/1.1" 200 807 "https://localhost:9443/store/assets/all" "Mozilla/5.0 (Windows NT 6.2; WOW64; rv:32.0) Gecko/20100101 Firefox/32.0"
0:0:0:0:0:0:0:1 - - [23/Sep/2014:17:33:24 +0530] "GET /store/themes/store/css/bootstrap-responsive.css HTTP/1.1" 200 4251 "https://localhost:9443/store/assets/all" "Mozilla/5.0 (Windows NT 6.2; WOW64; rv:32.0) Gecko/20100101 Firefox/32.0"
0:0:0:0:0:0:0:1 - - [23/Sep/2014:17:33:24 +0530] "GET /store/themes/store/js/bootstrap.min.js HTTP/1.1" 200 7004 "https://localhost:9443/store/assets/all" "Mozilla/5.0 (Windows NT 6.2; WOW64; rv:32.0) Gecko/20100101 Firefox/32.0"
0:0:0:0:0:0:0:1 - - [23/Sep/2014:17:33:24 +0530] "GET /store/themes/store/js/bootstrap-popover.js HTTP/1.1" 200 1274 "https://localhost:9443/store/assets/all" "Mozilla/5.0 (Windows NT 6.2; WOW64; rv:32.0) Gecko/20100101 Firefox/32.0"
0:0:0:0:0:0:0:1 - - [23/Sep/2014:17:33:24 +0530] "GET /store/themes/store/js/async.min.js HTTP/1.1" 200 2159 "https://localhost:9443/store/assets/all" "Mozilla/5.0 (Windows NT 6.2; WOW64; rv:32.0) Gecko/20100101 Firefox/32.0"
0:0:0:0:0:0:0:1 - - [23/Sep/2014:17:33:24 +0530] "GET /portal/gadgets/gii-2013-business-sophistication/thumbnail.jpg HTTP/1.1" 200 56784 "-" "Mozilla/5.0 (Windows NT 6.2; WOW64; rv:32.0) Gecko/20100101 Firefox/32.0"
0:0:0:0:0:0:0:1 - - [23/Sep/2014:17:33:24 +0530] "GET /store/themes/store/js/handlebars.js HTTP/1.1" 200 12827 "https://localhost:9443/store/assets/all" "Mozilla/5.0 (Windows NT 6.2; WOW64; rv:32.0) Gecko/20100101 Firefox/32.0"
0:0:0:0:0:0:0:1 - - [23/Sep/2014:17:33:24 +0530] "GET /portal/gadgets/gii-2013-business-sophistication/banner.jpg HTTP/1.1" 200 126354 "-" "Mozilla/5.0 (Windows NT 6.2; WOW64; rv:32.0) Gecko/20100101 Firefox/32.0"
0:0:0:0:0:0:0:1 - - [23/Sep/2014:17:33:24 +0530] "GET /portal/gadgets/gii-2013-creative-outputs/banner.jpg HTTP/1.1" 200 116418 "-" "Mozilla/5.0 (Windows NT 6.2; WOW64; rv:32.0) Gecko/20100101 Firefox/32.0"
0:0:0:0:0:0:0:1 - - [23/Sep/2014:17:33:24 +0530] "GET /portal/gadgets/gii-2013-human-capital-research/thumbnail.jpg HTTP/1.1" 200 59032 "-" "Mozilla/5.0 (Windows NT 6.2; WOW64; rv:32.0) Gecko/20100101 Firefox/32.0"
0:0:0:0:0:0:0:1 - - [23/Sep/2014:17:33:24 +0530] "GET /portal/gadgets/gii-2013-creative-outputs/thumbnail.jpg HTTP/1.1" 200 58116 "-" "Mozilla/5.0 (Windows NT 6.2; WOW64; rv:32.0) Gecko/20100101 Firefox/32.0"
0:0:0:0:0:0:0:1 - - [23/Sep/2014:17:33:24 +0530] "GET /portal/gadgets/gii-2013-human-capital-research/banner.jpg HTTP/1.1" 200 118438 "-" "Mozilla/5.0 (Windows NT 6.2; WOW64; rv:32.0) Gecko/20100101 Firefox/32.0"
0:0:0:0:0:0:0:1 - - [23/Sep/2014:17:33:24 +0530] "GET /store/themes/store/js/bootstrap-tooltip.js HTTP/1.1" 200 2892 "https://localhost:9443/store/assets/all" "Mozilla/5.0 (Windows NT 6.2; WOW64; rv:32.0) Gecko/20100101 Firefox/32.0"
0:0:0:0:0:0:0:1 - - [23/Sep/2014:17:33:24 +0530] "GET /store/themes/store/js/history-fix.js HTTP/1.1" 200 666 "https://localhost:9443/store/assets/all" "Mozilla/5.0 (Windows NT 6.2; WOW64; rv:32.0) Gecko/20100101 Firefox/32.0"
0:0:0:0:0:0:0:1 - - [23/Sep/2014:17:33:24 +0530] "GET /store/themes/store/js/jquery.event.mousestop.js HTTP/1.1" 200 1927 "https://localhost:9443/store/assets/all" "Mozilla/5.0 (Windows NT 6.2; WOW64; rv:32.0) Gecko/20100101 Firefox/32.0"
0:0:0:0:0:0:0:1 - - [23/Sep/2014:17:33:24 +0530] "GET /store/themes/store/js/jquery-1.8.3.min.js HTTP/1.1" 200 33942 "https://localhost:9443/store/assets/all" "Mozilla/5.0 (Windows NT 6.2; WOW64; rv:32.0) Gecko/20100101 Firefox/32.0"
0:0:0:0:0:0:0:1 - - [23/Sep/2014:17:33:24 +0530] "GET /store/themes/store/js/jquery.history.js HTTP/1.1" 200 6503 "https://localhost:9443/store/assets/all" "Mozilla/5.0 (Windows NT 6.2; WOW64; rv:32.0) Gecko/20100101 Firefox/32.0"
0:0:0:0:0:0:0:1 - - [23/Sep/2014:17:33:24 +0530] "GET /store/themes/store/js/navigation.js HTTP/1.1" 200 682 "https://localhost:9443/store/assets/all" "Mozilla/5.0 (Windows NT 6.2; WOW64; rv:32.0) Gecko/20100101 Firefox/32.0"
0:0:0:0:0:0:0:1 - - [23/Sep/2014:17:33:24 +0530] "GET /store/themes/store/js/theme.js HTTP/1.1" 200 827 "https://localhost:9443/store/assets/all" "Mozilla/5.0 (Windows NT 6.2; WOW64; rv:32.0) Gecko/20100101 Firefox/32.0"
0:0:0:0:0:0:0:1 - - [23/Sep/2014:17:33:24 +0530] "GET /store/themes/store/js/asset-helpers.js HTTP/1.1" 200 805 "https://localhost:9443/store/assets/all" "Mozilla/5.0 (Windows NT 6.2; WOW64; rv:32.0) Gecko/20100101 Firefox/32.0"
0:0:0:0:0:0:0:1 - - [23/Sep/2014:17:33:24 +0530] "GET /store/themes/store/js/search.js HTTP/1.1" 200 1014 "https://localhost:9443/store/assets/all" "Mozilla/5.0 (Windows NT 6.2; WOW64; rv:32.0) Gecko/20100101 Firefox/32.0"
0:0:0:0:0:0:0:1 - - [23/Sep/2014:17:33:24 +0530] "GET /store/themes/store/js/asset-core.js HTTP/1.1" 200 354 "https://localhost:9443/store/assets/all" "Mozilla/5.0 (Windows NT 6.2; WOW64; rv:32.0) Gecko/20100101 Firefox/32.0"
0:0:0:0:0:0:0:1 - - [23/Sep/2014:17:33:24 +0530] "GET /store/themes/store/js/jquery.validate.js HTTP/1.1" 200 10011 "https://localhost:9443/store/assets/all" "Mozilla/5.0 (Windows NT 6.2; WOW64; rv:32.0) Gecko/20100101 Firefox/32.0"
0:0:0:0:0:0:0:1 - - [23/Sep/2014:17:33:24 +0530] "GET /store/themes/store/js/caramel.handlebars.client.js HTTP/1.1" 200 1793 "https://localhost:9443/store/assets/all" "Mozilla/5.0 (Windows NT 6.2; WOW64; rv:32.0) Gecko/20100101 Firefox/32.0"
0:0:0:0:0:0:0:1 - - [23/Sep/2014:17:33:24 +0530] "GET /store/themes/store/js/jquery.carouFredSel-6.2.1-packed.js HTTP/1.1" 200 13875 "https://localhost:9443/store/assets/all" "Mozilla/5.0 (Windows NT 6.2; WOW64; rv:32.0) Gecko/20100101 Firefox/32.0"
0:0:0:0:0:0:0:1 - - [23/Sep/2014:17:33:24 +0530] "GET /store/themes/store/js/caramel-client.js HTTP/1.1" 200 768 "https://localhost:9443/store/assets/all" "Mozilla/5.0 (Windows NT 6.2; WOW64; rv:32.0) Gecko/20100101 Firefox/32.0"
0:0:0:0:0:0:0:1 - - [23/Sep/2014:17:33:24 +0530] "GET /portal/gadgets/gii-2013-institutions/banner.jpg HTTP/1.1" 200 109270 "-" "Mozilla/5.0 (Windows NT 6.2; WOW64; rv:32.0) Gecko/20100101 Firefox/32.0"
0:0:0:0:0:0:0:1 - - [23/Sep/2014:17:33:24 +0530] "GET /portal/gadgets/gii-2013-institutions/thumbnail.jpg HTTP/1.1" 200 55594 "-" "Mozilla/5.0 (Windows NT 6.2; WOW64; rv:32.0) Gecko/20100101 Firefox/32.0"
0:0:0:0:0:0:0:1 - - [23/Sep/2014:17:33:24 +0530] "GET /portal/gadgets/gii-2013-infrastructure/thumbnail.jpg HTTP/1.1" 200 56681 "-" "Mozilla/5.0 (Windows NT 6.2; WOW64; rv:32.0) Gecko/20100101 Firefox/32.0"
0:0:0:0:0:0:0:1 - - [23/Sep/2014:17:33:24 +0530] "GET /portal/gadgets/gii-2013-knowledge-technology-outputs/thumbnail.jpg HTTP/1.1" 200 58699 "-" "Mozilla/5.0 (Windows NT 6.2; WOW64; rv:32.0) Gecko/20100101 Firefox/32.0"
0:0:0:0:0:0:0:1 - - [23/Sep/2014:17:33:24 +0530] "GET /portal/gadgets/organization-map/thumbnail.jpg HTTP/1.1" 200 52321 "-" "Mozilla/5.0 (Windows NT 6.2; WOW64; rv:32.0) Gecko/20100101 Firefox/32.0"
0:0:0:0:0:0:0:1 - - [23/Sep/2014:17:33:24 +0530] "GET /portal/gadgets/publication-chart/thumbnail.jpg HTTP/1.1" 200 16278 "-" "Mozilla/5.0 (Windows NT 6.2; WOW64; rv:32.0) Gecko/20100101 Firefox/32.0"
0:0:0:0:0:0:0:1 - - [23/Sep/2014:17:33:24 +0530] "GET /portal/gadgets/gii-2013-market-sophistication/thumbnail.jpg HTTP/1.1" 200 57891 "-" "Mozilla/5.0 (Windows NT 6.2; WOW64; rv:32.0) Gecko/20100101 Firefox/32.0"
0:0:0:0:0:0:0:1 - - [23/Sep/2014:17:33:24 +0530] "GET /portal/gadgets/people-chart/thumbnail.jpg HTTP/1.1" 200 16215 "-" "Mozilla/5.0 (Windows NT 6.2; WOW64; rv:32.0) Gecko/20100101 Firefox/32.0"
0:0:0:0:0:0:0:1 - - [23/Sep/2014:17:33:24 +0530] "GET /store/themes/store/js/top-assets.js HTTP/1.1" 200 836 "https://localhost:9443/store/assets/all" "Mozilla/5.0 (Windows NT 6.2; WOW64; rv:32.0) Gecko/20100101 Firefox/32.0"
0:0:0:0:0:0:0:1 - - [23/Sep/2014:17:33:24 +0530] "GET /portal/gadgets/global-innovation-index-2013/thumbnail.jpg HTTP/1.1" 200 52554 "-" "Mozilla/5.0 (Windows NT 6.2; WOW64; rv:32.0) Gecko/20100101 Firefox/32.0"
0:0:0:0:0:0:0:1 - - [23/Sep/2014:17:33:24 +0530] "GET /portal/gadgets/gii-2013-infrastructure/banner.jpg HTTP/1.1" 200 111297 "-" "Mozilla/5.0 (Windows NT 6.2; WOW64; rv:32.0) Gecko/20100101 Firefox/32.0"
0:0:0:0:0:0:0:1 - - [23/Sep/2014:17:33:24 +0530] "GET /store/themes/store/img/search-bg.png HTTP/1.1" 200 951 "https://localhost:9443/store/themes/store/css/styles.css" "Mozilla/5.0 (Windows NT 6.2; WOW64; rv:32.0) Gecko/20100101 Firefox/32.0"
0:0:0:0:0:0:0:1 - - [23/Sep/2014:17:33:24 +0530] "GET /store/themes/store/img/asset_slideshow_controls_right.png HTTP/1.1" 200 1890 "https://localhost:9443/store/themes/store/css/styles.css" "Mozilla/5.0 (Windows NT 6.2; WOW64; rv:32.0) Gecko/20100101 Firefox/32.0"
0:0:0:0:0:0:0:1 - - [23/Sep/2014:17:33:24 +0530] "GET /store/themes/store/img/icon-bar-gadget.png HTTP/1.1" 200 1613 "https://localhost:9443/store/themes/store/css/styles.css" "Mozilla/5.0 (Windows NT 6.2; WOW64; rv:32.0) Gecko/20100101 Firefox/32.0"
0:0:0:0:0:0:0:1 - - [23/Sep/2014:17:33:24 +0530] "GET /store/themes/store/img/logo.png HTTP/1.1" 200 4859 "https://localhost:9443/store/themes/store/css/navigation.css" "Mozilla/5.0 (Windows NT 6.2; WOW64; rv:32.0) Gecko/20100101 Firefox/32.0"
0:0:0:0:0:0:0:1 - - [23/Sep/2014:17:33:24 +0530] "GET /store/themes/store/img/asset_slideshow_controls_left.png HTTP/1.1" 200 1916 "https://localhost:9443/store/themes/store/css/styles.css" "Mozilla/5.0 (Windows NT 6.2; WOW64; rv:32.0) Gecko/20100101 Firefox/32.0"
0:0:0:0:0:0:0:1 - - [23/Sep/2014:17:33:24 +0530] "GET /store/themes/store/img/store-stars.png HTTP/1.1" 200 5311 "https://localhost:9443/store/themes/store/css/styles.css" "Mozilla/5.0 (Windows NT 6.2; WOW64; rv:32.0) Gecko/20100101 Firefox/32.0"
0:0:0:0:0:0:0:1 - - [23/Sep/2014:17:33:24 +0530] "GET /store/themes/store/img/icon-bar-site.png HTTP/1.1" 200 1691 "https://localhost:9443/store/themes/store/css/styles.css" "Mozilla/5.0 (Windows NT 6.2; WOW64; rv:32.0) Gecko/20100101 Firefox/32.0"
0:0:0:0:0:0:0:1 - - [23/Sep/2014:17:33:24 +0530] "GET /store/themes/store/img/wso2-logo-small.png HTTP/1.1" 200 3000 "https://localhost:9443/store/themes/store/css/styles.css" "Mozilla/5.0 (Windows NT 6.2; WOW64; rv:32.0) Gecko/20100101 Firefox/32.0"
0:0:0:0:0:0:0:1 - - [23/Sep/2014:17:33:24 +0530] "GET /store/themes/store/font/Lato-Bol-webfont.woff HTTP/1.1" 200 19432 "https://localhost:9443/store/themes/store/css/styles.css" "Mozilla/5.0 (Windows NT 6.2; WOW64; rv:32.0) Gecko/20100101 Firefox/32.0"
0:0:0:0:0:0:0:1 - - [23/Sep/2014:17:33:24 +0530] "GET /store/themes/store/font/Lato-Reg-webfont.woff HTTP/1.1" 200 19260 "https://localhost:9443/store/themes/store/css/styles.css" "Mozilla/5.0 (Windows NT 6.2; WOW64; rv:32.0) Gecko/20100101 Firefox/32.0"
0:0:0:0:0:0:0:1 - - [23/Sep/2014:17:33:24 +0530] "GET /store/themes/store/font/fontawesome-webfont.woff?v=3.2.1 HTTP/1.1" 200 43572 "https://localhost:9443/store/themes/store/css/font-awesome.min.css" "Mozilla/5.0 (Windows NT 6.2; WOW64; rv:32.0) Gecko/20100101 Firefox/32.0"
