0:0:0:0:0:0:0:1 - - [23/Sep/2014:16:44:37 +0530] "GET //gadgets/ifr?url=http%3A%2F%2Flocalhost%3A9763%2Fportal%2Fgadgets%2Fglobal-innovation-index-2013%2Fglobal-innovation-index-2013.xml&container=default&view=default&lang=en&country=US&debug=1&nocache=1&sanitize=0&v=d8213105a7083aec18c9bce3596dddd0&testmode=0&parent=https%3A%2F%2Flocalhost%3A9443&mid=0 HTTP/1.1" 304 - "https://localhost:9443/innovation-dashboard/" "Mozilla/5.0 (Windows NT 6.2; WOW64; rv:32.0) Gecko/20100101 Firefox/32.0"
127.0.0.1 - - [23/Sep/2014:16:44:37 +0530] "GET /portal/gadgets/gii-2013-business-sophistication/gii-2013-business-sophistication.xml HTTP/1.1" 200 948 "-" "Apache Shindig"
0:0:0:0:0:0:0:1 - - [23/Sep/2014:16:44:37 +0530] "GET //gadgets/ifr?url=http%3A%2F%2Flocalhost%3A9763%2Fportal%2Fgadgets%2Fgii-2013-business-sophistication%2Fgii-2013-business-sophistication.xml&container=default&view=default&lang=en&country=US&debug=1&nocache=1&sanitize=0&v=d8213105a7083aec18c9bce3596dddd0&testmode=0&parent=https%3A%2F%2Flocalhost%3A9443&mid=0 HTTP/1.1" 304 - "https://localhost:9443/innovation-dashboard/" "Mozilla/5.0 (Windows NT 6.2; WOW64; rv:32.0) Gecko/20100101 Firefox/32.0"
127.0.0.1 - - [23/Sep/2014:16:44:37 +0530] "GET /portal/gadgets/gii-2013-creative-outputs/gii-2013-creative-outputs.xml HTTP/1.1" 200 944 "-" "Apache Shindig"
127.0.0.1 - - [23/Sep/2014:16:44:37 +0530] "GET /portal/gadgets/show-assets/css/styles.css HTTP/1.1" 200 2062 "-" "Apache Shindig"
0:0:0:0:0:0:0:1 - - [23/Sep/2014:16:44:37 +0530] "GET //gadgets/ifr?url=http%3A%2F%2Flocalhost%3A9763%2Fportal%2Fgadgets%2Fgii-2013-creative-outputs%2Fgii-2013-creative-outputs.xml&container=default&view=default&lang=en&country=US&debug=1&nocache=1&sanitize=0&v=d8213105a7083aec18c9bce3596dddd0&testmode=0&parent=https%3A%2F%2Flocalhost%3A9443&mid=0 HTTP/1.1" 304 - "https://localhost:9443/innovation-dashboard/" "Mozilla/5.0 (Windows NT 6.2; WOW64; rv:32.0) Gecko/20100101 Firefox/32.0"
127.0.0.1 - - [23/Sep/2014:16:44:37 +0530] "GET /portal/gadgets/show-assets/css/bootstrap.min.css HTTP/1.1" 200 15959 "-" "Apache Shindig"
127.0.0.1 - - [23/Sep/2014:16:44:37 +0530] "GET /portal/gadgets/show-assets/show-assets.xml HTTP/1.1" 200 1769 "-" "Apache Shindig"
127.0.0.1 - - [23/Sep/2014:16:44:37 +0530] "GET /portal/gadgets/show-assets/show-assets.xml HTTP/1.1" 200 1769 "-" "Apache Shindig"
0:0:0:0:0:0:0:1 - - [23/Sep/2014:16:44:37 +0530] "GET //gadgets/concat?container=default&gadget=http%3A%2F%2Flocalhost%3A9763%2Fportal%2Fgadgets%2Fshow-assets%2Fshow-assets.xml&debug=1&nocache=1&type=css&1=http%3A%2F%2Flocalhost%3A9763%2Fportal%2Fgadgets%2Fshow-assets%2Fcss%2Fbootstrap.min.css&2=http%3A%2F%2Flocalhost%3A9763%2Fportal%2Fgadgets%2Fshow-assets%2Fcss%2Fstyles.css HTTP/1.1" 304 - "https://localhost:9443//gadgets/ifr?url=http%3A%2F%2Flocalhost%3A9763%2Fportal%2Fgadgets%2Fshow-assets%2Fshow-assets.xml&container=default&view=default&lang=en&country=US&debug=1&nocache=1&sanitize=0&v=d8213105a7083aec18c9bce3596dddd0&testmode=0&parent=https%3A%2F%2Flocalhost%3A9443&mid=0" "Mozilla/5.0 (Windows NT 6.2; WOW64; rv:32.0) Gecko/20100101 Firefox/32.0"
127.0.0.1 - - [23/Sep/2014:16:44:37 +0530] "GET /portal/gadgets/show-assets/js/jquery.nicescroll.min.js HTTP/1.1" 200 14017 "-" "Apache Shindig"
127.0.0.1 - - [23/Sep/2014:16:44:37 +0530] "GET /portal/gadgets/show-assets/js/bootstrap.min.js HTTP/1.1" 200 4218 "-" "Apache Shindig"
127.0.0.1 - - [23/Sep/2014:16:44:37 +0530] "GET /portal/gadgets/show-assets/js/load-assets.js HTTP/1.1" 200 2901 "-" "Apache Shindig"
127.0.0.1 - - [23/Sep/2014:16:44:37 +0530] "GET /portal/gadgets/show-assets/js/jquery-1.8.3.min.js HTTP/1.1" 200 33942 "-" "Apache Shindig"
127.0.0.1 - - [23/Sep/2014:16:44:37 +0530] "GET /portal/gadgets/show-assets/js/jquery.validate.js HTTP/1.1" 200 10011 "-" "Apache Shindig"
127.0.0.1 - - [23/Sep/2014:16:44:37 +0530] "GET /portal/themes/portal/css/flot-graph.css HTTP/1.1" 200 1294 "-" "Apache Shindig"
127.0.0.1 - - [23/Sep/2014:16:44:37 +0530] "GET /portal/gadgets/show-assets/js/handlebars.js HTTP/1.1" 200 18303 "-" "Apache Shindig"
127.0.0.1 - - [23/Sep/2014:16:44:37 +0530] "GET /portal/themes/portal/css/bootstrap.min.css HTTP/1.1" 200 18754 "-" "Apache Shindig"
127.0.0.1 - - [23/Sep/2014:16:44:37 +0530] "GET /portal/gadgets/show-assets/show-assets.xml HTTP/1.1" 200 1769 "-" "Apache Shindig"
127.0.0.1 - - [23/Sep/2014:16:44:37 +0530] "GET /portal/gadgets/global-innovation-index-2013/css/global-innovation-index-2013.css HTTP/1.1" 200 279 "-" "Apache Shindig"
127.0.0.1 - - [23/Sep/2014:16:44:37 +0530] "GET /portal/gadgets/global-innovation-index-2013/global-innovation-index-2013.xml HTTP/1.1" 200 923 "-" "Apache Shindig"
127.0.0.1 - - [23/Sep/2014:16:44:37 +0530] "GET /portal/gadgets/show-assets/show-assets.xml HTTP/1.1" 200 1769 "-" "Apache Shindig"
127.0.0.1 - - [23/Sep/2014:16:44:37 +0530] "GET /portal/gadgets/global-innovation-index-2013/global-innovation-index-2013.xml HTTP/1.1" 200 923 "-" "Apache Shindig"
127.0.0.1 - - [23/Sep/2014:16:44:37 +0530] "GET /portal/gadgets/show-assets/show-assets.xml HTTP/1.1" 200 1769 "-" "Apache Shindig"
127.0.0.1 - - [23/Sep/2014:16:44:37 +0530] "GET /portal/gadgets/show-assets/show-assets.xml HTTP/1.1" 200 1769 "-" "Apache Shindig"
127.0.0.1 - - [23/Sep/2014:16:44:37 +0530] "GET /portal/themes/portal/css/flot-graph.css HTTP/1.1" 200 1294 "-" "Apache Shindig"
127.0.0.1 - - [23/Sep/2014:16:44:37 +0530] "GET /portal/gadgets/gii-2013-business-sophistication/css/gii-2013-business-sophistication.css HTTP/1.1" 200 279 "-" "Apache Shindig"
127.0.0.1 - - [23/Sep/2014:16:44:37 +0530] "GET /portal/gadgets/show-assets/show-assets.xml HTTP/1.1" 200 1769 "-" "Apache Shindig"
127.0.0.1 - - [23/Sep/2014:16:44:37 +0530] "GET /portal/gadgets/show-assets/show-assets.xml HTTP/1.1" 200 1769 "-" "Apache Shindig"
127.0.0.1 - - [23/Sep/2014:16:44:37 +0530] "GET /portal/gadgets/gii-2013-business-sophistication/gii-2013-business-sophistication.xml HTTP/1.1" 200 948 "-" "Apache Shindig"
127.0.0.1 - - [23/Sep/2014:16:44:37 +0530] "GET /portal/themes/portal/css/bootstrap.min.css HTTP/1.1" 200 18754 "-" "Apache Shindig"
127.0.0.1 - - [23/Sep/2014:16:44:37 +0530] "GET /portal/gadgets/gii-2013-business-sophistication/gii-2013-business-sophistication.xml HTTP/1.1" 200 948 "-" "Apache Shindig"
0:0:0:0:0:0:0:1 - - [23/Sep/2014:16:44:37 +0530] "GET //gadgets/concat?container=default&gadget=http%3A%2F%2Flocalhost%3A9763%2Fportal%2Fgadgets%2Fshow-assets%2Fshow-assets.xml&debug=1&nocache=1&type=js&1=http%3A%2F%2Flocalhost%3A9763%2Fportal%2Fgadgets%2Fshow-assets%2Fjs%2Fjquery-1.8.3.min.js&2=http%3A%2F%2Flocalhost%3A9763%2Fportal%2Fgadgets%2Fshow-assets%2Fjs%2Fjquery.validate.js&3=http%3A%2F%2Flocalhost%3A9763%2Fportal%2Fgadgets%2Fshow-assets%2Fjs%2Fhandlebars.js&4=http%3A%2F%2Flocalhost%3A9763%2Fportal%2Fgadgets%2Fshow-assets%2Fjs%2Fbootstrap.min.js&5=http%3A%2F%2Flocalhost%3A9763%2Fportal%2Fgadgets%2Fshow-assets%2Fjs%2Fload-assets.js&6=http%3A%2F%2Flocalhost%3A9763%2Fportal%2Fgadgets%2Fshow-assets%2Fjs%2Fjquery.nicescroll.min.js HTTP/1.1" 304 - "https://localhost:9443//gadgets/ifr?url=http%3A%2F%2Flocalhost%3A9763%2Fportal%2Fgadgets%2Fshow-assets%2Fshow-assets.xml&container=default&view=default&lang=en&country=US&debug=1&nocache=1&sanitize=0&v=d8213105a7083aec18c9bce3596dddd0&testmode=0&parent=https%3A%2F%2Flocalhost%3A9443&mid=0" "Mozilla/5.0 (Windows NT 6.2; WOW64; rv:32.0) Gecko/20100101 Firefox/32.0"
127.0.0.1 - - [23/Sep/2014:16:44:37 +0530] "GET /portal/gadgets/global-innovation-index-2013/global-innovation-index-2013.xml HTTP/1.1" 200 923 "-" "Apache Shindig"
0:0:0:0:0:0:0:1 - - [23/Sep/2014:16:44:37 +0530] "GET //gadgets/concat?container=default&gadget=http%3A%2F%2Flocalhost%3A9763%2Fportal%2Fgadgets%2Fglobal-innovation-index-2013%2Fglobal-innovation-index-2013.xml&debug=1&nocache=1&type=css&1=http%3A%2F%2Flocalhost%3A9763%2Fportal%2Fthemes%2Fportal%2Fcss%2Fflot-graph.css&2=http%3A%2F%2Flocalhost%3A9763%2Fportal%2Fthemes%2Fportal%2Fcss%2Fbootstrap.min.css&3=http%3A%2F%2Flocalhost%3A9763%2Fportal%2Fgadgets%2Fglobal-innovation-index-2013%2Fcss%2Fglobal-innovation-index-2013.css HTTP/1.1" 304 - "https://localhost:9443//gadgets/ifr?url=http%3A%2F%2Flocalhost%3A9763%2Fportal%2Fgadgets%2Fglobal-innovation-index-2013%2Fglobal-innovation-index-2013.xml&container=default&view=default&lang=en&country=US&debug=1&nocache=1&sanitize=0&v=d8213105a7083aec18c9bce3596dddd0&testmode=0&parent=https%3A%2F%2Flocalhost%3A9443&mid=0" "Mozilla/5.0 (Windows NT 6.2; WOW64; rv:32.0) Gecko/20100101 Firefox/32.0"
127.0.0.1 - - [23/Sep/2014:16:44:37 +0530] "GET /portal/gadgets/gii-2013-business-sophistication/gii-2013-business-sophistication.xml HTTP/1.1" 200 948 "-" "Apache Shindig"
127.0.0.1 - - [23/Sep/2014:16:44:37 +0530] "GET /portal/gadgets/global-innovation-index-2013/js/d3-options-radar.js HTTP/1.1" 404 898 "-" "Apache Shindig"
127.0.0.1 - - [23/Sep/2014:16:44:37 +0530] "GET /portal/gadgets/global-innovation-index-2013/js/GroupedBarChart.js HTTP/1.1" 200 4084 "-" "Apache Shindig"
127.0.0.1 - - [23/Sep/2014:16:44:37 +0530] "GET /portal/gadgets/global-innovation-index-2013/js/NormRadarChart.js HTTP/1.1" 200 3763 "-" "Apache Shindig"
0:0:0:0:0:0:0:1 - - [23/Sep/2014:16:44:37 +0530] "GET //gadgets/concat?container=default&gadget=http%3A%2F%2Flocalhost%3A9763%2Fportal%2Fgadgets%2Fgii-2013-business-sophistication%2Fgii-2013-business-sophistication.xml&debug=1&nocache=1&type=css&1=http%3A%2F%2Flocalhost%3A9763%2Fportal%2Fthemes%2Fportal%2Fcss%2Fflot-graph.css&2=http%3A%2F%2Flocalhost%3A9763%2Fportal%2Fthemes%2Fportal%2Fcss%2Fbootstrap.min.css&3=http%3A%2F%2Flocalhost%3A9763%2Fportal%2Fgadgets%2Fgii-2013-business-sophistication%2Fcss%2Fgii-2013-business-sophistication.css HTTP/1.1" 304 - "https://localhost:9443//gadgets/ifr?url=http%3A%2F%2Flocalhost%3A9763%2Fportal%2Fgadgets%2Fgii-2013-business-sophistication%2Fgii-2013-business-sophistication.xml&container=default&view=default&lang=en&country=US&debug=1&nocache=1&sanitize=0&v=d8213105a7083aec18c9bce3596dddd0&testmode=0&parent=https%3A%2F%2Flocalhost%3A9443&mid=0" "Mozilla/5.0 (Windows NT 6.2; WOW64; rv:32.0) Gecko/20100101 Firefox/32.0"
127.0.0.1 - - [23/Sep/2014:16:44:37 +0530] "GET /portal/gadgets/global-innovation-index-2013/js/jquery-1.11.1.min.js HTTP/1.1" 200 33737 "-" "Apache Shindig"
127.0.0.1 - - [23/Sep/2014:16:44:37 +0530] "GET /portal/gadgets/global-innovation-index-2013/js/global-innovation-index-2013-core.js HTTP/1.1" 200 2062 "-" "Apache Shindig"
127.0.0.1 - - [23/Sep/2014:16:44:37 +0530] "GET /portal/gadgets/global-innovation-index-2013/global-innovation-index-2013.xml HTTP/1.1" 200 923 "-" "Apache Shindig"
127.0.0.1 - - [23/Sep/2014:16:44:37 +0530] "GET /portal/gadgets/gii-2013-business-sophistication/js/jquery-1.11.1.min.js HTTP/1.1" 200 33737 "-" "Apache Shindig"
127.0.0.1 - - [23/Sep/2014:16:44:37 +0530] "GET /portal/gadgets/gii-2013-business-sophistication/js/GroupedBarChart.js HTTP/1.1" 200 4084 "-" "Apache Shindig"
127.0.0.1 - - [23/Sep/2014:16:44:37 +0530] "GET /portal/gadgets/gii-2013-business-sophistication/js/gii-2013-business-sophistication-core.js HTTP/1.1" 200 2092 "-" "Apache Shindig"
127.0.0.1 - - [23/Sep/2014:16:44:37 +0530] "GET /portal/gadgets/gii-2013-business-sophistication/js/NormRadarChart.js HTTP/1.1" 200 3766 "-" "Apache Shindig"
127.0.0.1 - - [23/Sep/2014:16:44:37 +0530] "GET /portal/gadgets/gii-2013-business-sophistication/js/d3-options-radar.js HTTP/1.1" 404 898 "-" "Apache Shindig"
127.0.0.1 - - [23/Sep/2014:16:44:37 +0530] "GET /portal/themes/portal/css/flot-graph.css HTTP/1.1" 200 1294 "-" "Apache Shindig"
127.0.0.1 - - [23/Sep/2014:16:44:37 +0530] "GET /portal/gadgets/gii-2013-creative-outputs/css/gii-2013-creative-outputs.css HTTP/1.1" 200 279 "-" "Apache Shindig"
127.0.0.1 - - [23/Sep/2014:16:44:37 +0530] "GET /portal/themes/portal/css/bootstrap.min.css HTTP/1.1" 200 18754 "-" "Apache Shindig"
127.0.0.1 - - [23/Sep/2014:16:44:37 +0530] "GET /portal/gadgets/gii-2013-business-sophistication/js/d3.min.js HTTP/1.1" 200 52005 "-" "Apache Shindig"
127.0.0.1 - - [23/Sep/2014:16:44:37 +0530] "GET /portal/gadgets/gii-2013-creative-outputs/gii-2013-creative-outputs.xml HTTP/1.1" 200 944 "-" "Apache Shindig"
127.0.0.1 - - [23/Sep/2014:16:44:37 +0530] "GET /portal/gadgets/gii-2013-creative-outputs/gii-2013-creative-outputs.xml HTTP/1.1" 200 944 "-" "Apache Shindig"
127.0.0.1 - - [23/Sep/2014:16:44:37 +0530] "GET /portal/gadgets/global-innovation-index-2013/js/d3.min.js HTTP/1.1" 200 52005 "-" "Apache Shindig"
127.0.0.1 - - [23/Sep/2014:16:44:37 +0530] "GET /portal/gadgets/gii-2013-business-sophistication/gii-2013-business-sophistication.xml HTTP/1.1" 200 948 "-" "Apache Shindig"
127.0.0.1 - - [23/Sep/2014:16:44:37 +0530] "GET /portal/gadgets/global-innovation-index-2013/global-innovation-index-2013.xml HTTP/1.1" 200 923 "-" "Apache Shindig"
127.0.0.1 - - [23/Sep/2014:16:44:37 +0530] "GET /portal/gadgets/gii-2013-business-sophistication/gii-2013-business-sophistication.xml HTTP/1.1" 200 948 "-" "Apache Shindig"
127.0.0.1 - - [23/Sep/2014:16:44:37 +0530] "GET /portal/gadgets/global-innovation-index-2013/global-innovation-index-2013.xml HTTP/1.1" 200 923 "-" "Apache Shindig"
127.0.0.1 - - [23/Sep/2014:16:44:37 +0530] "GET /portal/gadgets/gii-2013-business-sophistication/gii-2013-business-sophistication.xml HTTP/1.1" 200 948 "-" "Apache Shindig"
127.0.0.1 - - [23/Sep/2014:16:44:37 +0530] "GET /portal/gadgets/global-innovation-index-2013/global-innovation-index-2013.xml HTTP/1.1" 200 923 "-" "Apache Shindig"
127.0.0.1 - - [23/Sep/2014:16:44:37 +0530] "GET /portal/gadgets/global-innovation-index-2013/global-innovation-index-2013.xml HTTP/1.1" 200 923 "-" "Apache Shindig"
127.0.0.1 - - [23/Sep/2014:16:44:37 +0530] "GET /portal/gadgets/gii-2013-business-sophistication/gii-2013-business-sophistication.xml HTTP/1.1" 200 948 "-" "Apache Shindig"
127.0.0.1 - - [23/Sep/2014:16:44:37 +0530] "GET /portal/gadgets/global-innovation-index-2013/global-innovation-index-2013.xml HTTP/1.1" 200 923 "-" "Apache Shindig"
127.0.0.1 - - [23/Sep/2014:16:44:37 +0530] "GET /portal/gadgets/gii-2013-business-sophistication/gii-2013-business-sophistication.xml HTTP/1.1" 200 948 "-" "Apache Shindig"
127.0.0.1 - - [23/Sep/2014:16:44:37 +0530] "GET /portal/gadgets/gii-2013-business-sophistication/gii-2013-business-sophistication.xml HTTP/1.1" 200 948 "-" "Apache Shindig"
0:0:0:0:0:0:0:1 - - [23/Sep/2014:16:44:37 +0530] "GET //gadgets/concat?container=default&gadget=http%3A%2F%2Flocalhost%3A9763%2Fportal%2Fgadgets%2Fglobal-innovation-index-2013%2Fglobal-innovation-index-2013.xml&debug=1&nocache=1&type=js&1=http%3A%2F%2Flocalhost%3A9763%2Fportal%2Fgadgets%2Fglobal-innovation-index-2013%2Fjs%2Fjquery-1.11.1.min.js&2=http%3A%2F%2Flocalhost%3A9763%2Fportal%2Fgadgets%2Fglobal-innovation-index-2013%2Fjs%2Fd3.min.js&3=http%3A%2F%2Flocalhost%3A9763%2Fportal%2Fgadgets%2Fglobal-innovation-index-2013%2Fjs%2FNormRadarChart.js&4=http%3A%2F%2Flocalhost%3A9763%2Fportal%2Fgadgets%2Fglobal-innovation-index-2013%2Fjs%2FGroupedBarChart.js&5=http%3A%2F%2Flocalhost%3A9763%2Fportal%2Fgadgets%2Fglobal-innovation-index-2013%2Fjs%2Fd3-options-radar.js&6=http%3A%2F%2Flocalhost%3A9763%2Fportal%2Fgadgets%2Fglobal-innovation-index-2013%2Fjs%2Fglobal-innovation-index-2013-core.js HTTP/1.1" 304 - "https://localhost:9443//gadgets/ifr?url=http%3A%2F%2Flocalhost%3A9763%2Fportal%2Fgadgets%2Fglobal-innovation-index-2013%2Fglobal-innovation-index-2013.xml&container=default&view=default&lang=en&country=US&debug=1&nocache=1&sanitize=0&v=d8213105a7083aec18c9bce3596dddd0&testmode=0&parent=https%3A%2F%2Flocalhost%3A9443&mid=0" "Mozilla/5.0 (Windows NT 6.2; WOW64; rv:32.0) Gecko/20100101 Firefox/32.0"
0:0:0:0:0:0:0:1 - - [23/Sep/2014:16:44:37 +0530] "GET //gadgets/concat?container=default&gadget=http%3A%2F%2Flocalhost%3A9763%2Fportal%2Fgadgets%2Fgii-2013-business-sophistication%2Fgii-2013-business-sophistication.xml&debug=1&nocache=1&type=js&1=http%3A%2F%2Flocalhost%3A9763%2Fportal%2Fgadgets%2Fgii-2013-business-sophistication%2Fjs%2Fjquery-1.11.1.min.js&2=http%3A%2F%2Flocalhost%3A9763%2Fportal%2Fgadgets%2Fgii-2013-business-sophistication%2Fjs%2Fd3.min.js&3=http%3A%2F%2Flocalhost%3A9763%2Fportal%2Fgadgets%2Fgii-2013-business-sophistication%2Fjs%2FNormRadarChart.js&4=http%3A%2F%2Flocalhost%3A9763%2Fportal%2Fgadgets%2Fgii-2013-business-sophistication%2Fjs%2FGroupedBarChart.js&5=http%3A%2F%2Flocalhost%3A9763%2Fportal%2Fgadgets%2Fgii-2013-business-sophistication%2Fjs%2Fd3-options-radar.js&6=http%3A%2F%2Flocalhost%3A9763%2Fportal%2Fgadgets%2Fgii-2013-business-sophistication%2Fjs%2Fgii-2013-business-sophistication-core.js HTTP/1.1" 304 - "https://localhost:9443//gadgets/ifr?url=http%3A%2F%2Flocalhost%3A9763%2Fportal%2Fgadgets%2Fgii-2013-business-sophistication%2Fgii-2013-business-sophistication.xml&container=default&view=default&lang=en&country=US&debug=1&nocache=1&sanitize=0&v=d8213105a7083aec18c9bce3596dddd0&testmode=0&parent=https%3A%2F%2Flocalhost%3A9443&mid=0" "Mozilla/5.0 (Windows NT 6.2; WOW64; rv:32.0) Gecko/20100101 Firefox/32.0"
127.0.0.1 - - [23/Sep/2014:16:44:37 +0530] "GET /portal/gadgets/gii-2013-creative-outputs/gii-2013-creative-outputs.xml HTTP/1.1" 200 944 "-" "Apache Shindig"
0:0:0:0:0:0:0:1 - - [23/Sep/2014:16:44:37 +0530] "GET //gadgets/concat?container=default&gadget=http%3A%2F%2Flocalhost%3A9763%2Fportal%2Fgadgets%2Fgii-2013-creative-outputs%2Fgii-2013-creative-outputs.xml&debug=1&nocache=1&type=css&1=http%3A%2F%2Flocalhost%3A9763%2Fportal%2Fthemes%2Fportal%2Fcss%2Fflot-graph.css&2=http%3A%2F%2Flocalhost%3A9763%2Fportal%2Fthemes%2Fportal%2Fcss%2Fbootstrap.min.css&3=http%3A%2F%2Flocalhost%3A9763%2Fportal%2Fgadgets%2Fgii-2013-creative-outputs%2Fcss%2Fgii-2013-creative-outputs.css HTTP/1.1" 304 - "https://localhost:9443//gadgets/ifr?url=http%3A%2F%2Flocalhost%3A9763%2Fportal%2Fgadgets%2Fgii-2013-creative-outputs%2Fgii-2013-creative-outputs.xml&container=default&view=default&lang=en&country=US&debug=1&nocache=1&sanitize=0&v=d8213105a7083aec18c9bce3596dddd0&testmode=0&parent=https%3A%2F%2Flocalhost%3A9443&mid=0" "Mozilla/5.0 (Windows NT 6.2; WOW64; rv:32.0) Gecko/20100101 Firefox/32.0"
127.0.0.1 - - [23/Sep/2014:16:44:37 +0530] "GET /portal/gadgets/gii-2013-creative-outputs/js/d3-options-radar.js HTTP/1.1" 404 898 "-" "Apache Shindig"
127.0.0.1 - - [23/Sep/2014:16:44:37 +0530] "GET /portal/gadgets/gii-2013-creative-outputs/js/GroupedBarChart.js HTTP/1.1" 200 4084 "-" "Apache Shindig"
127.0.0.1 - - [23/Sep/2014:16:44:37 +0530] "GET /portal/gadgets/gii-2013-creative-outputs/js/NormRadarChart.js HTTP/1.1" 200 3766 "-" "Apache Shindig"
127.0.0.1 - - [23/Sep/2014:16:44:37 +0530] "GET /portal/gadgets/gii-2013-creative-outputs/js/gii-2013-creative-outputs-core.js HTTP/1.1" 200 2087 "-" "Apache Shindig"
127.0.0.1 - - [23/Sep/2014:16:44:37 +0530] "GET /portal/gadgets/gii-2013-creative-outputs/js/jquery-1.11.1.min.js HTTP/1.1" 200 33737 "-" "Apache Shindig"
127.0.0.1 - - [23/Sep/2014:16:44:37 +0530] "GET /portal/gadgets/gii-2013-creative-outputs/gii-2013-creative-outputs.xml HTTP/1.1" 200 944 "-" "Apache Shindig"
127.0.0.1 - - [23/Sep/2014:16:44:37 +0530] "GET /portal/gadgets/gii-2013-creative-outputs/js/d3.min.js HTTP/1.1" 200 52005 "-" "Apache Shindig"
127.0.0.1 - - [23/Sep/2014:16:44:37 +0530] "GET /portal/gadgets/gii-2013-creative-outputs/gii-2013-creative-outputs.xml HTTP/1.1" 200 944 "-" "Apache Shindig"
127.0.0.1 - - [23/Sep/2014:16:44:37 +0530] "GET /portal/gadgets/gii-2013-creative-outputs/gii-2013-creative-outputs.xml HTTP/1.1" 200 944 "-" "Apache Shindig"
127.0.0.1 - - [23/Sep/2014:16:44:37 +0530] "GET /portal/gadgets/gii-2013-creative-outputs/gii-2013-creative-outputs.xml HTTP/1.1" 200 944 "-" "Apache Shindig"
127.0.0.1 - - [23/Sep/2014:16:44:37 +0530] "GET /portal/gadgets/gii-2013-creative-outputs/gii-2013-creative-outputs.xml HTTP/1.1" 200 944 "-" "Apache Shindig"
127.0.0.1 - - [23/Sep/2014:16:44:37 +0530] "GET /portal/gadgets/gii-2013-creative-outputs/gii-2013-creative-outputs.xml HTTP/1.1" 200 944 "-" "Apache Shindig"
0:0:0:0:0:0:0:1 - - [23/Sep/2014:16:44:37 +0530] "GET //gadgets/concat?container=default&gadget=http%3A%2F%2Flocalhost%3A9763%2Fportal%2Fgadgets%2Fgii-2013-creative-outputs%2Fgii-2013-creative-outputs.xml&debug=1&nocache=1&type=js&1=http%3A%2F%2Flocalhost%3A9763%2Fportal%2Fgadgets%2Fgii-2013-creative-outputs%2Fjs%2Fjquery-1.11.1.min.js&2=http%3A%2F%2Flocalhost%3A9763%2Fportal%2Fgadgets%2Fgii-2013-creative-outputs%2Fjs%2Fd3.min.js&3=http%3A%2F%2Flocalhost%3A9763%2Fportal%2Fgadgets%2Fgii-2013-creative-outputs%2Fjs%2FNormRadarChart.js&4=http%3A%2F%2Flocalhost%3A9763%2Fportal%2Fgadgets%2Fgii-2013-creative-outputs%2Fjs%2FGroupedBarChart.js&5=http%3A%2F%2Flocalhost%3A9763%2Fportal%2Fgadgets%2Fgii-2013-creative-outputs%2Fjs%2Fd3-options-radar.js&6=http%3A%2F%2Flocalhost%3A9763%2Fportal%2Fgadgets%2Fgii-2013-creative-outputs%2Fjs%2Fgii-2013-creative-outputs-core.js HTTP/1.1" 304 - "https://localhost:9443//gadgets/ifr?url=http%3A%2F%2Flocalhost%3A9763%2Fportal%2Fgadgets%2Fgii-2013-creative-outputs%2Fgii-2013-creative-outputs.xml&container=default&view=default&lang=en&country=US&debug=1&nocache=1&sanitize=0&v=d8213105a7083aec18c9bce3596dddd0&testmode=0&parent=https%3A%2F%2Flocalhost%3A9443&mid=0" "Mozilla/5.0 (Windows NT 6.2; WOW64; rv:32.0) Gecko/20100101 Firefox/32.0"
0:0:0:0:0:0:0:1 - - [23/Sep/2014:16:44:38 +0530] "GET /store/apis/myAsset/ HTTP/1.1" 401 975 "https://localhost:9443//gadgets/ifr?url=http%3A%2F%2Flocalhost%3A9763%2Fportal%2Fgadgets%2Fshow-assets%2Fshow-assets.xml&container=default&view=default&lang=en&country=US&debug=1&nocache=1&sanitize=0&v=d8213105a7083aec18c9bce3596dddd0&testmode=0&parent=https%3A%2F%2Flocalhost%3A9443&mid=0" "Mozilla/5.0 (Windows NT 6.2; WOW64; rv:32.0) Gecko/20100101 Firefox/32.0"
0:0:0:0:0:0:0:1 - - [23/Sep/2014:16:44:38 +0530] "GET /store/apis/tag/gadget HTTP/1.1" 200 211 "https://localhost:9443//gadgets/ifr?url=http%3A%2F%2Flocalhost%3A9763%2Fportal%2Fgadgets%2Fshow-assets%2Fshow-assets.xml&container=default&view=default&lang=en&country=US&debug=1&nocache=1&sanitize=0&v=d8213105a7083aec18c9bce3596dddd0&testmode=0&parent=https%3A%2F%2Flocalhost%3A9443&mid=0" "Mozilla/5.0 (Windows NT 6.2; WOW64; rv:32.0) Gecko/20100101 Firefox/32.0"
0:0:0:0:0:0:0:1 - - [23/Sep/2014:16:44:38 +0530] "GET /portal/gadgets/gii-2013-business-sophistication/data-files/gii-2013-business-sophistication-data.jag?pillarId=12 HTTP/1.1" 200 1525 "https://localhost:9443//gadgets/ifr?url=http%3A%2F%2Flocalhost%3A9763%2Fportal%2Fgadgets%2Fgii-2013-business-sophistication%2Fgii-2013-business-sophistication.xml&container=default&view=default&lang=en&country=US&debug=1&nocache=1&sanitize=0&v=d8213105a7083aec18c9bce3596dddd0&testmode=0&parent=https%3A%2F%2Flocalhost%3A9443&mid=0" "Mozilla/5.0 (Windows NT 6.2; WOW64; rv:32.0) Gecko/20100101 Firefox/32.0"
0:0:0:0:0:0:0:1 - - [23/Sep/2014:16:44:38 +0530] "GET /portal/gadgets/gii-2013-creative-outputs/data-files/gii-2013-creative-outputs-data.jag?pillarId=14 HTTP/1.1" 200 1410 "https://localhost:9443//gadgets/ifr?url=http%3A%2F%2Flocalhost%3A9763%2Fportal%2Fgadgets%2Fgii-2013-creative-outputs%2Fgii-2013-creative-outputs.xml&container=default&view=default&lang=en&country=US&debug=1&nocache=1&sanitize=0&v=d8213105a7083aec18c9bce3596dddd0&testmode=0&parent=https%3A%2F%2Flocalhost%3A9443&mid=0" "Mozilla/5.0 (Windows NT 6.2; WOW64; rv:32.0) Gecko/20100101 Firefox/32.0"
0:0:0:0:0:0:0:1 - - [23/Sep/2014:16:44:38 +0530] "GET /portal/gadgets/global-innovation-index-2013/data-files/global-innovation-index-2013-data.jag?giId=2 HTTP/1.1" 200 656 "https://localhost:9443//gadgets/ifr?url=http%3A%2F%2Flocalhost%3A9763%2Fportal%2Fgadgets%2Fglobal-innovation-index-2013%2Fglobal-innovation-index-2013.xml&container=default&view=default&lang=en&country=US&debug=1&nocache=1&sanitize=0&v=d8213105a7083aec18c9bce3596dddd0&testmode=0&parent=https%3A%2F%2Flocalhost%3A9443&mid=0" "Mozilla/5.0 (Windows NT 6.2; WOW64; rv:32.0) Gecko/20100101 Firefox/32.0"
127.0.0.1 - - [23/Sep/2014:16:44:44 +0530] "GET /portal/gadgets/gii-2013-creative-outputs/gii-2013-creative-outputs.xml HTTP/1.1" 200 944 "-" "Apache Shindig"
0:0:0:0:0:0:0:1 - - [23/Sep/2014:16:44:44 +0530] "GET //gadgets/ifr?url=http%3A%2F%2Flocalhost%3A9763%2Fportal%2Fgadgets%2Fgii-2013-creative-outputs%2Fgii-2013-creative-outputs.xml&container=default&view=default&lang=en&country=US&debug=1&nocache=1&sanitize=0&v=d8213105a7083aec18c9bce3596dddd0&testmode=0&parent=https%3A%2F%2Flocalhost%3A9443&mid=0 HTTP/1.1" 304 - "https://localhost:9443/innovation-dashboard/" "Mozilla/5.0 (Windows NT 6.2; WOW64; rv:32.0) Gecko/20100101 Firefox/32.0"
127.0.0.1 - - [23/Sep/2014:16:44:44 +0530] "GET /portal/gadgets/gii-2013-creative-outputs/css/gii-2013-creative-outputs.css HTTP/1.1" 200 279 "-" "Apache Shindig"
127.0.0.1 - - [23/Sep/2014:16:44:44 +0530] "GET /portal/themes/portal/css/flot-graph.css HTTP/1.1" 200 1294 "-" "Apache Shindig"
127.0.0.1 - - [23/Sep/2014:16:44:44 +0530] "GET /portal/themes/portal/css/bootstrap.min.css HTTP/1.1" 200 18754 "-" "Apache Shindig"
127.0.0.1 - - [23/Sep/2014:16:44:44 +0530] "GET /portal/gadgets/gii-2013-creative-outputs/gii-2013-creative-outputs.xml HTTP/1.1" 200 944 "-" "Apache Shindig"
127.0.0.1 - - [23/Sep/2014:16:44:44 +0530] "GET /portal/gadgets/gii-2013-creative-outputs/gii-2013-creative-outputs.xml HTTP/1.1" 200 944 "-" "Apache Shindig"
127.0.0.1 - - [23/Sep/2014:16:44:44 +0530] "GET /portal/gadgets/gii-2013-creative-outputs/gii-2013-creative-outputs.xml HTTP/1.1" 200 944 "-" "Apache Shindig"
0:0:0:0:0:0:0:1 - - [23/Sep/2014:16:44:44 +0530] "GET //gadgets/concat?container=default&gadget=http%3A%2F%2Flocalhost%3A9763%2Fportal%2Fgadgets%2Fgii-2013-creative-outputs%2Fgii-2013-creative-outputs.xml&debug=1&nocache=1&type=css&1=http%3A%2F%2Flocalhost%3A9763%2Fportal%2Fthemes%2Fportal%2Fcss%2Fflot-graph.css&2=http%3A%2F%2Flocalhost%3A9763%2Fportal%2Fthemes%2Fportal%2Fcss%2Fbootstrap.min.css&3=http%3A%2F%2Flocalhost%3A9763%2Fportal%2Fgadgets%2Fgii-2013-creative-outputs%2Fcss%2Fgii-2013-creative-outputs.css HTTP/1.1" 304 - "https://localhost:9443//gadgets/ifr?url=http%3A%2F%2Flocalhost%3A9763%2Fportal%2Fgadgets%2Fgii-2013-creative-outputs%2Fgii-2013-creative-outputs.xml&container=default&view=default&lang=en&country=US&debug=1&nocache=1&sanitize=0&v=d8213105a7083aec18c9bce3596dddd0&testmode=0&parent=https%3A%2F%2Flocalhost%3A9443&mid=0" "Mozilla/5.0 (Windows NT 6.2; WOW64; rv:32.0) Gecko/20100101 Firefox/32.0"
127.0.0.1 - - [23/Sep/2014:16:44:44 +0530] "GET /portal/gadgets/gii-2013-creative-outputs/js/NormRadarChart.js HTTP/1.1" 200 3766 "-" "Apache Shindig"
127.0.0.1 - - [23/Sep/2014:16:44:44 +0530] "GET /portal/gadgets/gii-2013-creative-outputs/js/d3-options-radar.js HTTP/1.1" 404 898 "-" "Apache Shindig"
127.0.0.1 - - [23/Sep/2014:16:44:44 +0530] "GET /portal/gadgets/gii-2013-creative-outputs/js/gii-2013-creative-outputs-core.js HTTP/1.1" 200 2087 "-" "Apache Shindig"
127.0.0.1 - - [23/Sep/2014:16:44:44 +0530] "GET /portal/gadgets/gii-2013-creative-outputs/js/jquery-1.11.1.min.js HTTP/1.1" 200 33737 "-" "Apache Shindig"
127.0.0.1 - - [23/Sep/2014:16:44:45 +0530] "GET /portal/gadgets/gii-2013-creative-outputs/js/d3.min.js HTTP/1.1" 200 52005 "-" "Apache Shindig"
127.0.0.1 - - [23/Sep/2014:16:44:45 +0530] "GET /portal/gadgets/gii-2013-creative-outputs/gii-2013-creative-outputs.xml HTTP/1.1" 200 944 "-" "Apache Shindig"
127.0.0.1 - - [23/Sep/2014:16:44:45 +0530] "GET /portal/gadgets/gii-2013-creative-outputs/js/GroupedBarChart.js HTTP/1.1" 200 4084 "-" "Apache Shindig"
127.0.0.1 - - [23/Sep/2014:16:44:45 +0530] "GET /portal/gadgets/gii-2013-creative-outputs/gii-2013-creative-outputs.xml HTTP/1.1" 200 944 "-" "Apache Shindig"
127.0.0.1 - - [23/Sep/2014:16:44:45 +0530] "GET /portal/gadgets/gii-2013-creative-outputs/gii-2013-creative-outputs.xml HTTP/1.1" 200 944 "-" "Apache Shindig"
127.0.0.1 - - [23/Sep/2014:16:44:45 +0530] "GET /portal/gadgets/gii-2013-creative-outputs/gii-2013-creative-outputs.xml HTTP/1.1" 200 944 "-" "Apache Shindig"
127.0.0.1 - - [23/Sep/2014:16:44:45 +0530] "GET /portal/gadgets/gii-2013-creative-outputs/gii-2013-creative-outputs.xml HTTP/1.1" 200 944 "-" "Apache Shindig"
127.0.0.1 - - [23/Sep/2014:16:44:45 +0530] "GET /portal/gadgets/gii-2013-creative-outputs/gii-2013-creative-outputs.xml HTTP/1.1" 200 944 "-" "Apache Shindig"
0:0:0:0:0:0:0:1 - - [23/Sep/2014:16:44:45 +0530] "GET //gadgets/concat?container=default&gadget=http%3A%2F%2Flocalhost%3A9763%2Fportal%2Fgadgets%2Fgii-2013-creative-outputs%2Fgii-2013-creative-outputs.xml&debug=1&nocache=1&type=js&1=http%3A%2F%2Flocalhost%3A9763%2Fportal%2Fgadgets%2Fgii-2013-creative-outputs%2Fjs%2Fjquery-1.11.1.min.js&2=http%3A%2F%2Flocalhost%3A9763%2Fportal%2Fgadgets%2Fgii-2013-creative-outputs%2Fjs%2Fd3.min.js&3=http%3A%2F%2Flocalhost%3A9763%2Fportal%2Fgadgets%2Fgii-2013-creative-outputs%2Fjs%2FNormRadarChart.js&4=http%3A%2F%2Flocalhost%3A9763%2Fportal%2Fgadgets%2Fgii-2013-creative-outputs%2Fjs%2FGroupedBarChart.js&5=http%3A%2F%2Flocalhost%3A9763%2Fportal%2Fgadgets%2Fgii-2013-creative-outputs%2Fjs%2Fd3-options-radar.js&6=http%3A%2F%2Flocalhost%3A9763%2Fportal%2Fgadgets%2Fgii-2013-creative-outputs%2Fjs%2Fgii-2013-creative-outputs-core.js HTTP/1.1" 304 - "https://localhost:9443//gadgets/ifr?url=http%3A%2F%2Flocalhost%3A9763%2Fportal%2Fgadgets%2Fgii-2013-creative-outputs%2Fgii-2013-creative-outputs.xml&container=default&view=default&lang=en&country=US&debug=1&nocache=1&sanitize=0&v=d8213105a7083aec18c9bce3596dddd0&testmode=0&parent=https%3A%2F%2Flocalhost%3A9443&mid=0" "Mozilla/5.0 (Windows NT 6.2; WOW64; rv:32.0) Gecko/20100101 Firefox/32.0"
0:0:0:0:0:0:0:1 - - [23/Sep/2014:16:44:45 +0530] "GET /portal/gadgets/gii-2013-creative-outputs/data-files/gii-2013-creative-outputs-data.jag?pillarId=14 HTTP/1.1" 200 1410 "https://localhost:9443//gadgets/ifr?url=http%3A%2F%2Flocalhost%3A9763%2Fportal%2Fgadgets%2Fgii-2013-creative-outputs%2Fgii-2013-creative-outputs.xml&container=default&view=default&lang=en&country=US&debug=1&nocache=1&sanitize=0&v=d8213105a7083aec18c9bce3596dddd0&testmode=0&parent=https%3A%2F%2Flocalhost%3A9443&mid=0" "Mozilla/5.0 (Windows NT 6.2; WOW64; rv:32.0) Gecko/20100101 Firefox/32.0"
127.0.0.1 - - [23/Sep/2014:16:44:52 +0530] "GET /portal/gadgets/gii-2013-creative-outputs/gii-2013-creative-outputs.xml HTTP/1.1" 200 944 "-" "Apache Shindig"
0:0:0:0:0:0:0:1 - - [23/Sep/2014:16:44:52 +0530] "GET //gadgets/ifr?url=http%3A%2F%2Flocalhost%3A9763%2Fportal%2Fgadgets%2Fgii-2013-creative-outputs%2Fgii-2013-creative-outputs.xml&container=default&view=default&lang=en&country=US&debug=1&nocache=1&sanitize=0&v=d8213105a7083aec18c9bce3596dddd0&testmode=0&parent=https%3A%2F%2Flocalhost%3A9443&mid=0 HTTP/1.1" 304 - "https://localhost:9443/innovation-dashboard/" "Mozilla/5.0 (Windows NT 6.2; WOW64; rv:32.0) Gecko/20100101 Firefox/32.0"
127.0.0.1 - - [23/Sep/2014:16:44:52 +0530] "GET /portal/themes/portal/css/flot-graph.css HTTP/1.1" 200 1294 "-" "Apache Shindig"
127.0.0.1 - - [23/Sep/2014:16:44:52 +0530] "GET /portal/gadgets/gii-2013-creative-outputs/css/gii-2013-creative-outputs.css HTTP/1.1" 200 279 "-" "Apache Shindig"
127.0.0.1 - - [23/Sep/2014:16:44:52 +0530] "GET /portal/gadgets/gii-2013-creative-outputs/gii-2013-creative-outputs.xml HTTP/1.1" 200 944 "-" "Apache Shindig"
127.0.0.1 - - [23/Sep/2014:16:44:52 +0530] "GET /portal/themes/portal/css/bootstrap.min.css HTTP/1.1" 200 18754 "-" "Apache Shindig"
127.0.0.1 - - [23/Sep/2014:16:44:52 +0530] "GET /portal/gadgets/gii-2013-creative-outputs/gii-2013-creative-outputs.xml HTTP/1.1" 200 944 "-" "Apache Shindig"
127.0.0.1 - - [23/Sep/2014:16:44:52 +0530] "GET /portal/gadgets/gii-2013-creative-outputs/gii-2013-creative-outputs.xml HTTP/1.1" 200 944 "-" "Apache Shindig"
0:0:0:0:0:0:0:1 - - [23/Sep/2014:16:44:52 +0530] "GET //gadgets/concat?container=default&gadget=http%3A%2F%2Flocalhost%3A9763%2Fportal%2Fgadgets%2Fgii-2013-creative-outputs%2Fgii-2013-creative-outputs.xml&debug=1&nocache=1&type=css&1=http%3A%2F%2Flocalhost%3A9763%2Fportal%2Fthemes%2Fportal%2Fcss%2Fflot-graph.css&2=http%3A%2F%2Flocalhost%3A9763%2Fportal%2Fthemes%2Fportal%2Fcss%2Fbootstrap.min.css&3=http%3A%2F%2Flocalhost%3A9763%2Fportal%2Fgadgets%2Fgii-2013-creative-outputs%2Fcss%2Fgii-2013-creative-outputs.css HTTP/1.1" 304 - "https://localhost:9443//gadgets/ifr?url=http%3A%2F%2Flocalhost%3A9763%2Fportal%2Fgadgets%2Fgii-2013-creative-outputs%2Fgii-2013-creative-outputs.xml&container=default&view=default&lang=en&country=US&debug=1&nocache=1&sanitize=0&v=d8213105a7083aec18c9bce3596dddd0&testmode=0&parent=https%3A%2F%2Flocalhost%3A9443&mid=0" "Mozilla/5.0 (Windows NT 6.2; WOW64; rv:32.0) Gecko/20100101 Firefox/32.0"
127.0.0.1 - - [23/Sep/2014:16:44:52 +0530] "GET /portal/gadgets/gii-2013-creative-outputs/js/d3-options-radar.js HTTP/1.1" 404 898 "-" "Apache Shindig"
127.0.0.1 - - [23/Sep/2014:16:44:52 +0530] "GET /portal/gadgets/gii-2013-creative-outputs/js/GroupedBarChart.js HTTP/1.1" 200 4084 "-" "Apache Shindig"
127.0.0.1 - - [23/Sep/2014:16:44:52 +0530] "GET /portal/gadgets/gii-2013-creative-outputs/js/gii-2013-creative-outputs-core.js HTTP/1.1" 200 2087 "-" "Apache Shindig"
127.0.0.1 - - [23/Sep/2014:16:44:52 +0530] "GET /portal/gadgets/gii-2013-creative-outputs/js/NormRadarChart.js HTTP/1.1" 200 3766 "-" "Apache Shindig"
127.0.0.1 - - [23/Sep/2014:16:44:52 +0530] "GET /portal/gadgets/gii-2013-creative-outputs/js/jquery-1.11.1.min.js HTTP/1.1" 200 33737 "-" "Apache Shindig"
127.0.0.1 - - [23/Sep/2014:16:44:52 +0530] "GET /portal/gadgets/gii-2013-creative-outputs/js/d3.min.js HTTP/1.1" 200 52005 "-" "Apache Shindig"
127.0.0.1 - - [23/Sep/2014:16:44:52 +0530] "GET /portal/gadgets/gii-2013-creative-outputs/gii-2013-creative-outputs.xml HTTP/1.1" 200 944 "-" "Apache Shindig"
127.0.0.1 - - [23/Sep/2014:16:44:52 +0530] "GET /portal/gadgets/gii-2013-creative-outputs/gii-2013-creative-outputs.xml HTTP/1.1" 200 944 "-" "Apache Shindig"
127.0.0.1 - - [23/Sep/2014:16:44:52 +0530] "GET /portal/gadgets/gii-2013-creative-outputs/gii-2013-creative-outputs.xml HTTP/1.1" 200 944 "-" "Apache Shindig"
127.0.0.1 - - [23/Sep/2014:16:44:52 +0530] "GET /portal/gadgets/gii-2013-creative-outputs/gii-2013-creative-outputs.xml HTTP/1.1" 200 944 "-" "Apache Shindig"
127.0.0.1 - - [23/Sep/2014:16:44:52 +0530] "GET /portal/gadgets/gii-2013-creative-outputs/gii-2013-creative-outputs.xml HTTP/1.1" 200 944 "-" "Apache Shindig"
127.0.0.1 - - [23/Sep/2014:16:44:52 +0530] "GET /portal/gadgets/gii-2013-creative-outputs/gii-2013-creative-outputs.xml HTTP/1.1" 200 944 "-" "Apache Shindig"
0:0:0:0:0:0:0:1 - - [23/Sep/2014:16:44:52 +0530] "GET //gadgets/concat?container=default&gadget=http%3A%2F%2Flocalhost%3A9763%2Fportal%2Fgadgets%2Fgii-2013-creative-outputs%2Fgii-2013-creative-outputs.xml&debug=1&nocache=1&type=js&1=http%3A%2F%2Flocalhost%3A9763%2Fportal%2Fgadgets%2Fgii-2013-creative-outputs%2Fjs%2Fjquery-1.11.1.min.js&2=http%3A%2F%2Flocalhost%3A9763%2Fportal%2Fgadgets%2Fgii-2013-creative-outputs%2Fjs%2Fd3.min.js&3=http%3A%2F%2Flocalhost%3A9763%2Fportal%2Fgadgets%2Fgii-2013-creative-outputs%2Fjs%2FNormRadarChart.js&4=http%3A%2F%2Flocalhost%3A9763%2Fportal%2Fgadgets%2Fgii-2013-creative-outputs%2Fjs%2FGroupedBarChart.js&5=http%3A%2F%2Flocalhost%3A9763%2Fportal%2Fgadgets%2Fgii-2013-creative-outputs%2Fjs%2Fd3-options-radar.js&6=http%3A%2F%2Flocalhost%3A9763%2Fportal%2Fgadgets%2Fgii-2013-creative-outputs%2Fjs%2Fgii-2013-creative-outputs-core.js HTTP/1.1" 304 - "https://localhost:9443//gadgets/ifr?url=http%3A%2F%2Flocalhost%3A9763%2Fportal%2Fgadgets%2Fgii-2013-creative-outputs%2Fgii-2013-creative-outputs.xml&container=default&view=default&lang=en&country=US&debug=1&nocache=1&sanitize=0&v=d8213105a7083aec18c9bce3596dddd0&testmode=0&parent=https%3A%2F%2Flocalhost%3A9443&mid=0" "Mozilla/5.0 (Windows NT 6.2; WOW64; rv:32.0) Gecko/20100101 Firefox/32.0"
0:0:0:0:0:0:0:1 - - [23/Sep/2014:16:44:52 +0530] "GET /portal/gadgets/gii-2013-creative-outputs/data-files/gii-2013-creative-outputs-data.jag?pillarId=14 HTTP/1.1" 200 1410 "https://localhost:9443//gadgets/ifr?url=http%3A%2F%2Flocalhost%3A9763%2Fportal%2Fgadgets%2Fgii-2013-creative-outputs%2Fgii-2013-creative-outputs.xml&container=default&view=default&lang=en&country=US&debug=1&nocache=1&sanitize=0&v=d8213105a7083aec18c9bce3596dddd0&testmode=0&parent=https%3A%2F%2Flocalhost%3A9443&mid=0" "Mozilla/5.0 (Windows NT 6.2; WOW64; rv:32.0) Gecko/20100101 Firefox/32.0"
127.0.0.1 - - [23/Sep/2014:16:45:11 +0530] "GET /portal/gadgets/gii-2013-business-sophistication/gii-2013-business-sophistication.xml HTTP/1.1" 200 948 "-" "Apache Shindig"
0:0:0:0:0:0:0:1 - - [23/Sep/2014:16:45:11 +0530] "GET //gadgets/ifr?url=http%3A%2F%2Flocalhost%3A9763%2Fportal%2Fgadgets%2Fgii-2013-business-sophistication%2Fgii-2013-business-sophistication.xml&container=default&view=default&lang=en&country=US&debug=1&nocache=1&sanitize=0&v=d8213105a7083aec18c9bce3596dddd0&testmode=0&parent=https%3A%2F%2Flocalhost%3A9443&mid=0 HTTP/1.1" 304 - "https://localhost:9443/innovation-dashboard/" "Mozilla/5.0 (Windows NT 6.2; WOW64; rv:32.0) Gecko/20100101 Firefox/32.0"
127.0.0.1 - - [23/Sep/2014:16:45:11 +0530] "GET /portal/gadgets/gii-2013-business-sophistication/css/gii-2013-business-sophistication.css HTTP/1.1" 200 279 "-" "Apache Shindig"
127.0.0.1 - - [23/Sep/2014:16:45:11 +0530] "GET /portal/themes/portal/css/flot-graph.css HTTP/1.1" 200 1294 "-" "Apache Shindig"
127.0.0.1 - - [23/Sep/2014:16:45:11 +0530] "GET /portal/gadgets/gii-2013-business-sophistication/js/NormRadarChart.js HTTP/1.1" 200 3766 "-" "Apache Shindig"
127.0.0.1 - - [23/Sep/2014:16:45:11 +0530] "GET /portal/gadgets/gii-2013-business-sophistication/js/d3-options-radar.js HTTP/1.1" 404 898 "-" "Apache Shindig"
127.0.0.1 - - [23/Sep/2014:16:45:11 +0530] "GET /portal/gadgets/gii-2013-business-sophistication/gii-2013-business-sophistication.xml HTTP/1.1" 200 948 "-" "Apache Shindig"
127.0.0.1 - - [23/Sep/2014:16:45:11 +0530] "GET /portal/gadgets/gii-2013-business-sophistication/js/gii-2013-business-sophistication-core.js HTTP/1.1" 200 2092 "-" "Apache Shindig"
127.0.0.1 - - [23/Sep/2014:16:45:11 +0530] "GET /portal/gadgets/gii-2013-business-sophistication/js/jquery-1.11.1.min.js HTTP/1.1" 200 33737 "-" "Apache Shindig"
127.0.0.1 - - [23/Sep/2014:16:45:11 +0530] "GET /portal/themes/portal/css/bootstrap.min.css HTTP/1.1" 200 18754 "-" "Apache Shindig"
127.0.0.1 - - [23/Sep/2014:16:45:11 +0530] "GET /portal/gadgets/gii-2013-business-sophistication/js/GroupedBarChart.js HTTP/1.1" 200 4084 "-" "Apache Shindig"
127.0.0.1 - - [23/Sep/2014:16:45:11 +0530] "GET /portal/gadgets/gii-2013-business-sophistication/gii-2013-business-sophistication.xml HTTP/1.1" 200 948 "-" "Apache Shindig"
127.0.0.1 - - [23/Sep/2014:16:45:11 +0530] "GET /portal/gadgets/gii-2013-business-sophistication/js/d3.min.js HTTP/1.1" 200 52005 "-" "Apache Shindig"
127.0.0.1 - - [23/Sep/2014:16:45:11 +0530] "GET /portal/gadgets/gii-2013-business-sophistication/gii-2013-business-sophistication.xml HTTP/1.1" 200 948 "-" "Apache Shindig"
127.0.0.1 - - [23/Sep/2014:16:45:11 +0530] "GET /portal/gadgets/gii-2013-business-sophistication/gii-2013-business-sophistication.xml HTTP/1.1" 200 948 "-" "Apache Shindig"
127.0.0.1 - - [23/Sep/2014:16:45:11 +0530] "GET /portal/gadgets/gii-2013-business-sophistication/gii-2013-business-sophistication.xml HTTP/1.1" 200 948 "-" "Apache Shindig"
127.0.0.1 - - [23/Sep/2014:16:45:11 +0530] "GET /portal/gadgets/gii-2013-business-sophistication/gii-2013-business-sophistication.xml HTTP/1.1" 200 948 "-" "Apache Shindig"
127.0.0.1 - - [23/Sep/2014:16:45:11 +0530] "GET /portal/gadgets/gii-2013-business-sophistication/gii-2013-business-sophistication.xml HTTP/1.1" 200 948 "-" "Apache Shindig"
127.0.0.1 - - [23/Sep/2014:16:45:11 +0530] "GET /portal/gadgets/gii-2013-business-sophistication/gii-2013-business-sophistication.xml HTTP/1.1" 200 948 "-" "Apache Shindig"
0:0:0:0:0:0:0:1 - - [23/Sep/2014:16:45:11 +0530] "GET //gadgets/concat?container=default&gadget=http%3A%2F%2Flocalhost%3A9763%2Fportal%2Fgadgets%2Fgii-2013-business-sophistication%2Fgii-2013-business-sophistication.xml&debug=1&nocache=1&type=js&1=http%3A%2F%2Flocalhost%3A9763%2Fportal%2Fgadgets%2Fgii-2013-business-sophistication%2Fjs%2Fjquery-1.11.1.min.js&2=http%3A%2F%2Flocalhost%3A9763%2Fportal%2Fgadgets%2Fgii-2013-business-sophistication%2Fjs%2Fd3.min.js&3=http%3A%2F%2Flocalhost%3A9763%2Fportal%2Fgadgets%2Fgii-2013-business-sophistication%2Fjs%2FNormRadarChart.js&4=http%3A%2F%2Flocalhost%3A9763%2Fportal%2Fgadgets%2Fgii-2013-business-sophistication%2Fjs%2FGroupedBarChart.js&5=http%3A%2F%2Flocalhost%3A9763%2Fportal%2Fgadgets%2Fgii-2013-business-sophistication%2Fjs%2Fd3-options-radar.js&6=http%3A%2F%2Flocalhost%3A9763%2Fportal%2Fgadgets%2Fgii-2013-business-sophistication%2Fjs%2Fgii-2013-business-sophistication-core.js HTTP/1.1" 304 - "https://localhost:9443//gadgets/ifr?url=http%3A%2F%2Flocalhost%3A9763%2Fportal%2Fgadgets%2Fgii-2013-business-sophistication%2Fgii-2013-business-sophistication.xml&container=default&view=default&lang=en&country=US&debug=1&nocache=1&sanitize=0&v=d8213105a7083aec18c9bce3596dddd0&testmode=0&parent=https%3A%2F%2Flocalhost%3A9443&mid=0" "Mozilla/5.0 (Windows NT 6.2; WOW64; rv:32.0) Gecko/20100101 Firefox/32.0"
127.0.0.1 - - [23/Sep/2014:16:45:11 +0530] "GET /portal/gadgets/gii-2013-business-sophistication/gii-2013-business-sophistication.xml HTTP/1.1" 200 948 "-" "Apache Shindig"
0:0:0:0:0:0:0:1 - - [23/Sep/2014:16:45:11 +0530] "GET //gadgets/concat?container=default&gadget=http%3A%2F%2Flocalhost%3A9763%2Fportal%2Fgadgets%2Fgii-2013-business-sophistication%2Fgii-2013-business-sophistication.xml&debug=1&nocache=1&type=css&1=http%3A%2F%2Flocalhost%3A9763%2Fportal%2Fthemes%2Fportal%2Fcss%2Fflot-graph.css&2=http%3A%2F%2Flocalhost%3A9763%2Fportal%2Fthemes%2Fportal%2Fcss%2Fbootstrap.min.css&3=http%3A%2F%2Flocalhost%3A9763%2Fportal%2Fgadgets%2Fgii-2013-business-sophistication%2Fcss%2Fgii-2013-business-sophistication.css HTTP/1.1" 304 - "https://localhost:9443//gadgets/ifr?url=http%3A%2F%2Flocalhost%3A9763%2Fportal%2Fgadgets%2Fgii-2013-business-sophistication%2Fgii-2013-business-sophistication.xml&container=default&view=default&lang=en&country=US&debug=1&nocache=1&sanitize=0&v=d8213105a7083aec18c9bce3596dddd0&testmode=0&parent=https%3A%2F%2Flocalhost%3A9443&mid=0" "Mozilla/5.0 (Windows NT 6.2; WOW64; rv:32.0) Gecko/20100101 Firefox/32.0"
0:0:0:0:0:0:0:1 - - [23/Sep/2014:16:45:11 +0530] "GET /portal/gadgets/gii-2013-business-sophistication/data-files/gii-2013-business-sophistication-data.jag?pillarId=12 HTTP/1.1" 200 1525 "https://localhost:9443//gadgets/ifr?url=http%3A%2F%2Flocalhost%3A9763%2Fportal%2Fgadgets%2Fgii-2013-business-sophistication%2Fgii-2013-business-sophistication.xml&container=default&view=default&lang=en&country=US&debug=1&nocache=1&sanitize=0&v=d8213105a7083aec18c9bce3596dddd0&testmode=0&parent=https%3A%2F%2Flocalhost%3A9443&mid=0" "Mozilla/5.0 (Windows NT 6.2; WOW64; rv:32.0) Gecko/20100101 Firefox/32.0"
0:0:0:0:0:0:0:1 - - [23/Sep/2014:16:45:14 +0530] "POST /innovation-dashboard/apis/ues/layout/innovation-dashboard HTTP/1.1" 200 4 "https://localhost:9443/innovation-dashboard/" "Mozilla/5.0 (Windows NT 6.2; WOW64; rv:32.0) Gecko/20100101 Firefox/32.0"
0:0:0:0:0:0:0:1 - - [23/Sep/2014:16:45:20 +0530] "GET /innovation-dashboard/logout.jag HTTP/1.1" 200 1098 "https://localhost:9443/innovation-dashboard/" "Mozilla/5.0 (Windows NT 6.2; WOW64; rv:32.0) Gecko/20100101 Firefox/32.0"
0:0:0:0:0:0:0:1 - - [23/Sep/2014:16:45:20 +0530] "POST /sso/samlsso.jag HTTP/1.1" 200 892 "https://localhost:9443/innovation-dashboard/logout.jag" "Mozilla/5.0 (Windows NT 6.2; WOW64; rv:32.0) Gecko/20100101 Firefox/32.0"
0:0:0:0:0:0:0:1 - - [23/Sep/2014:16:45:20 +0530] "POST /innovation-dashboard/sso HTTP/1.1" 302 - "https://localhost:9443/sso/samlsso.jag" "Mozilla/5.0 (Windows NT 6.2; WOW64; rv:32.0) Gecko/20100101 Firefox/32.0"
0:0:0:0:0:0:0:1 - - [23/Sep/2014:16:45:20 +0530] "GET /innovation-dashboard HTTP/1.1" 302 - "https://localhost:9443/sso/samlsso.jag" "Mozilla/5.0 (Windows NT 6.2; WOW64; rv:32.0) Gecko/20100101 Firefox/32.0"
0:0:0:0:0:0:0:1 - - [23/Sep/2014:16:45:20 +0530] "GET /innovation-dashboard/ HTTP/1.1" 302 - "https://localhost:9443/sso/samlsso.jag" "Mozilla/5.0 (Windows NT 6.2; WOW64; rv:32.0) Gecko/20100101 Firefox/32.0"
0:0:0:0:0:0:0:1 - - [23/Sep/2014:16:45:20 +0530] "GET /innovation-dashboard/login HTTP/1.1" 200 1394 "https://localhost:9443/sso/samlsso.jag" "Mozilla/5.0 (Windows NT 6.2; WOW64; rv:32.0) Gecko/20100101 Firefox/32.0"
0:0:0:0:0:0:0:1 - - [23/Sep/2014:16:45:20 +0530] "POST /sso/samlsso.jag HTTP/1.1" 302 - "https://localhost:9443/innovation-dashboard/login" "Mozilla/5.0 (Windows NT 6.2; WOW64; rv:32.0) Gecko/20100101 Firefox/32.0"
0:0:0:0:0:0:0:1 - - [23/Sep/2014:16:45:20 +0530] "GET /sso/login.jag HTTP/1.1" 200 1670 "https://localhost:9443/innovation-dashboard/login" "Mozilla/5.0 (Windows NT 6.2; WOW64; rv:32.0) Gecko/20100101 Firefox/32.0"
0:0:0:0:0:0:0:1 - - [23/Sep/2014:16:45:22 +0530] "POST /sso/samlsso.jag HTTP/1.1" 200 2024 "https://localhost:9443/sso/login.jag" "Mozilla/5.0 (Windows NT 6.2; WOW64; rv:32.0) Gecko/20100101 Firefox/32.0"
0:0:0:0:0:0:0:1 - - [23/Sep/2014:16:45:22 +0530] "POST /innovation-dashboard/sso HTTP/1.1" 302 - "https://localhost:9443/sso/samlsso.jag" "Mozilla/5.0 (Windows NT 6.2; WOW64; rv:32.0) Gecko/20100101 Firefox/32.0"
0:0:0:0:0:0:0:1 - - [23/Sep/2014:16:45:22 +0530] "GET /innovation-dashboard HTTP/1.1" 302 - "https://localhost:9443/sso/samlsso.jag" "Mozilla/5.0 (Windows NT 6.2; WOW64; rv:32.0) Gecko/20100101 Firefox/32.0"
0:0:0:0:0:0:0:1 - - [23/Sep/2014:16:45:22 +0530] "GET /innovation-dashboard/ HTTP/1.1" 200 2542 "https://localhost:9443/sso/samlsso.jag" "Mozilla/5.0 (Windows NT 6.2; WOW64; rv:32.0) Gecko/20100101 Firefox/32.0"
0:0:0:0:0:0:0:1 - - [23/Sep/2014:16:45:22 +0530] "GET /innovation-dashboard/css/bootstrap.min.css HTTP/1.1" 304 - "https://localhost:9443/innovation-dashboard/" "Mozilla/5.0 (Windows NT 6.2; WOW64; rv:32.0) Gecko/20100101 Firefox/32.0"
0:0:0:0:0:0:0:1 - - [23/Sep/2014:16:45:22 +0530] "GET /innovation-dashboard/css/navigation.css HTTP/1.1" 304 - "https://localhost:9443/innovation-dashboard/" "Mozilla/5.0 (Windows NT 6.2; WOW64; rv:32.0) Gecko/20100101 Firefox/32.0"
0:0:0:0:0:0:0:1 - - [23/Sep/2014:16:45:22 +0530] "GET /innovation-dashboard/css/font-awesome.min.css HTTP/1.1" 304 - "https://localhost:9443/innovation-dashboard/" "Mozilla/5.0 (Windows NT 6.2; WOW64; rv:32.0) Gecko/20100101 Firefox/32.0"
0:0:0:0:0:0:0:1 - - [23/Sep/2014:16:45:22 +0530] "GET /innovation-dashboard/css/portal-dashboard-designer.css HTTP/1.1" 304 - "https://localhost:9443/innovation-dashboard/" "Mozilla/5.0 (Windows NT 6.2; WOW64; rv:32.0) Gecko/20100101 Firefox/32.0"
0:0:0:0:0:0:0:1 - - [23/Sep/2014:16:45:22 +0530] "GET /innovation-dashboard/css/styles.css HTTP/1.1" 304 - "https://localhost:9443/innovation-dashboard/" "Mozilla/5.0 (Windows NT 6.2; WOW64; rv:32.0) Gecko/20100101 Firefox/32.0"
0:0:0:0:0:0:0:1 - - [23/Sep/2014:16:45:22 +0530] "GET /innovation-dashboard/css/font-awesome-ie7.min.css HTTP/1.1" 304 - "https://localhost:9443/innovation-dashboard/" "Mozilla/5.0 (Windows NT 6.2; WOW64; rv:32.0) Gecko/20100101 Firefox/32.0"
0:0:0:0:0:0:0:1 - - [23/Sep/2014:16:45:22 +0530] "GET /innovation-dashboard/css/bootstrap-responsive.min.css HTTP/1.1" 304 - "https://localhost:9443/innovation-dashboard/" "Mozilla/5.0 (Windows NT 6.2; WOW64; rv:32.0) Gecko/20100101 Firefox/32.0"
0:0:0:0:0:0:0:1 - - [23/Sep/2014:16:45:22 +0530] "GET /innovation-dashboard/css/jquery.gridster.min.css HTTP/1.1" 304 - "https://localhost:9443/innovation-dashboard/" "Mozilla/5.0 (Windows NT 6.2; WOW64; rv:32.0) Gecko/20100101 Firefox/32.0"
0:0:0:0:0:0:0:1 - - [23/Sep/2014:16:45:22 +0530] "GET /innovation-dashboard/js/jquery-1.8.3.min.js HTTP/1.1" 304 - "https://localhost:9443/innovation-dashboard/" "Mozilla/5.0 (Windows NT 6.2; WOW64; rv:32.0) Gecko/20100101 Firefox/32.0"
0:0:0:0:0:0:0:1 - - [23/Sep/2014:16:45:22 +0530] "GET /innovation-dashboard/js/handlebars.js HTTP/1.1" 304 - "https://localhost:9443/innovation-dashboard/" "Mozilla/5.0 (Windows NT 6.2; WOW64; rv:32.0) Gecko/20100101 Firefox/32.0"
0:0:0:0:0:0:0:1 - - [23/Sep/2014:16:45:22 +0530] "GET /innovation-dashboard/js/shindig.js HTTP/1.1" 304 - "https://localhost:9443/innovation-dashboard/" "Mozilla/5.0 (Windows NT 6.2; WOW64; rv:32.0) Gecko/20100101 Firefox/32.0"
0:0:0:0:0:0:0:1 - - [23/Sep/2014:16:45:22 +0530] "GET /innovation-dashboard/js/bootstrap.min.js HTTP/1.1" 304 - "https://localhost:9443/innovation-dashboard/" "Mozilla/5.0 (Windows NT 6.2; WOW64; rv:32.0) Gecko/20100101 Firefox/32.0"
0:0:0:0:0:0:0:1 - - [23/Sep/2014:16:45:22 +0530] "GET /innovation-dashboard/js/navigation.js HTTP/1.1" 304 - "https://localhost:9443/innovation-dashboard/" "Mozilla/5.0 (Windows NT 6.2; WOW64; rv:32.0) Gecko/20100101 Firefox/32.0"
0:0:0:0:0:0:0:1 - - [23/Sep/2014:16:45:22 +0530] "GET /innovation-dashboard/js/jquery.gridster.with-extras.min.js HTTP/1.1" 304 - "https://localhost:9443/innovation-dashboard/" "Mozilla/5.0 (Windows NT 6.2; WOW64; rv:32.0) Gecko/20100101 Firefox/32.0"
0:0:0:0:0:0:0:1 - - [23/Sep/2014:16:45:22 +0530] "GET /innovation-dashboard/js/UESContainer.js HTTP/1.1" 304 - "https://localhost:9443/innovation-dashboard/" "Mozilla/5.0 (Windows NT 6.2; WOW64; rv:32.0) Gecko/20100101 Firefox/32.0"
0:0:0:0:0:0:0:1 - - [23/Sep/2014:16:45:22 +0530] "GET /innovation-dashboard/js/portal-dashboard-designer.js HTTP/1.1" 304 - "https://localhost:9443/innovation-dashboard/" "Mozilla/5.0 (Windows NT 6.2; WOW64; rv:32.0) Gecko/20100101 Firefox/32.0"
0:0:0:0:0:0:0:1 - - [23/Sep/2014:16:45:22 +0530] "GET /innovation-dashboard/js/jquery-ui-1.10.1.custom.min.js HTTP/1.1" 304 - "https://localhost:9443/innovation-dashboard/" "Mozilla/5.0 (Windows NT 6.2; WOW64; rv:32.0) Gecko/20100101 Firefox/32.0"
0:0:0:0:0:0:0:1 - - [23/Sep/2014:16:45:22 +0530] "GET /innovation-dashboard/img/logo.png HTTP/1.1" 304 - "https://localhost:9443/innovation-dashboard/css/navigation.css" "Mozilla/5.0 (Windows NT 6.2; WOW64; rv:32.0) Gecko/20100101 Firefox/32.0"
