0:0:0:0:0:0:0:1 - - [24/Sep/2014:12:57:31 +0530] "GET /store/apis/myAsset/ HTTP/1.1" 401 975 "https://localhost:9443//gadgets/ifr?url=http%3A%2F%2Flocalhost%3A9763%2Fportal%2Fgadgets%2Fshow-assets%2Fshow-assets.xml&container=default&view=default&lang=en&country=US&debug=1&nocache=1&sanitize=0&v=d8213105a7083aec18c9bce3596dddd0&testmode=0&parent=https%3A%2F%2Flocalhost%3A9443&mid=0" "Mozilla/5.0 (Windows NT 6.1; WOW64; rv:32.0) Gecko/20100101 Firefox/32.0"
0:0:0:0:0:0:0:1 - - [24/Sep/2014:12:57:32 +0530] "GET /store/apis/tag/gadget HTTP/1.1" 200 284 "https://localhost:9443//gadgets/ifr?url=http%3A%2F%2Flocalhost%3A9763%2Fportal%2Fgadgets%2Fshow-assets%2Fshow-assets.xml&container=default&view=default&lang=en&country=US&debug=1&nocache=1&sanitize=0&v=d8213105a7083aec18c9bce3596dddd0&testmode=0&parent=https%3A%2F%2Flocalhost%3A9443&mid=0" "Mozilla/5.0 (Windows NT 6.1; WOW64; rv:32.0) Gecko/20100101 Firefox/32.0"
0:0:0:0:0:0:0:1 - - [24/Sep/2014:12:57:32 +0530] "GET /portal/gadgets/global-innovation-index-2013/data-files/global-innovation-index-2013-data.jag?giId=2 HTTP/1.1" 200 656 "https://localhost:9443//gadgets/ifr?url=http%3A%2F%2Flocalhost%3A9763%2Fportal%2Fgadgets%2Fglobal-innovation-index-2013%2Fglobal-innovation-index-2013.xml&container=default&view=default&lang=en&country=US&debug=1&nocache=1&sanitize=0&v=d8213105a7083aec18c9bce3596dddd0&testmode=0&parent=https%3A%2F%2Flocalhost%3A9443&mid=0" "Mozilla/5.0 (Windows NT 6.1; WOW64; rv:32.0) Gecko/20100101 Firefox/32.0"
0:0:0:0:0:0:0:1 - - [24/Sep/2014:12:57:32 +0530] "GET /portal/gadgets/publication-chart/data-files/publication-dataFile1.jag?axis=org&aoiId=0&saoiId=0&ssaoiId=0 HTTP/1.1" 200 1114 "https://localhost:9443//gadgets/ifr?url=http%3A%2F%2Flocalhost%3A9763%2Fportal%2Fgadgets%2Fpublication-chart%2Fpublication-chart.xml&container=default&view=default&lang=en&country=US&debug=1&nocache=1&sanitize=0&v=d8213105a7083aec18c9bce3596dddd0&testmode=0&parent=https%3A%2F%2Flocalhost%3A9443&mid=0" "Mozilla/5.0 (Windows NT 6.1; WOW64; rv:32.0) Gecko/20100101 Firefox/32.0"
0:0:0:0:0:0:0:1 - - [24/Sep/2014:12:57:32 +0530] "GET /portal/gadgets/people-chart/data-files/people-chart-data.jag HTTP/1.1" 200 484 "https://localhost:9443//gadgets/ifr?url=http%3A%2F%2Flocalhost%3A9763%2Fportal%2Fgadgets%2Fpeople-chart%2Fpeople-chart.xml&container=default&view=default&lang=en&country=US&debug=1&nocache=1&sanitize=0&v=d8213105a7083aec18c9bce3596dddd0&testmode=0&parent=https%3A%2F%2Flocalhost%3A9443&mid=0" "Mozilla/5.0 (Windows NT 6.1; WOW64; rv:32.0) Gecko/20100101 Firefox/32.0"
0:0:0:0:0:0:0:1 - - [24/Sep/2014:12:57:32 +0530] "GET /portal/gadgets/gii-2013-business-sophistication/data-files/gii-2013-business-sophistication-data.jag?pillarId=12 HTTP/1.1" 200 1525 "https://localhost:9443//gadgets/ifr?url=http%3A%2F%2Flocalhost%3A9763%2Fportal%2Fgadgets%2Fgii-2013-business-sophistication%2Fgii-2013-business-sophistication.xml&container=default&view=default&lang=en&country=US&debug=1&nocache=1&sanitize=0&v=d8213105a7083aec18c9bce3596dddd0&testmode=0&parent=https%3A%2F%2Flocalhost%3A9443&mid=0" "Mozilla/5.0 (Windows NT 6.1; WOW64; rv:32.0) Gecko/20100101 Firefox/32.0"
0:0:0:0:0:0:0:1 - - [24/Sep/2014:12:57:32 +0530] "GET /portal/gadgets/gii-2013-creative-outputs/data-files/gii-2013-creative-outputs-data.jag?pillarId=14 HTTP/1.1" 200 1410 "https://localhost:9443//gadgets/ifr?url=http%3A%2F%2Flocalhost%3A9763%2Fportal%2Fgadgets%2Fgii-2013-creative-outputs%2Fgii-2013-creative-outputs.xml&container=default&view=default&lang=en&country=US&debug=1&nocache=1&sanitize=0&v=d8213105a7083aec18c9bce3596dddd0&testmode=0&parent=https%3A%2F%2Flocalhost%3A9443&mid=0" "Mozilla/5.0 (Windows NT 6.1; WOW64; rv:32.0) Gecko/20100101 Firefox/32.0"
0:0:0:0:0:0:0:1 - - [24/Sep/2014:12:57:32 +0530] "GET /portal/gadgets/publication-chart/data-files/publication-aoi-dataFile.jag HTTP/1.1" 200 3263 "https://localhost:9443//gadgets/ifr?url=http%3A%2F%2Flocalhost%3A9763%2Fportal%2Fgadgets%2Fpublication-chart%2Fpublication-chart.xml&container=default&view=default&lang=en&country=US&debug=1&nocache=1&sanitize=0&v=d8213105a7083aec18c9bce3596dddd0&testmode=0&parent=https%3A%2F%2Flocalhost%3A9443&mid=0" "Mozilla/5.0 (Windows NT 6.1; WOW64; rv:32.0) Gecko/20100101 Firefox/32.0"
127.0.0.1 - - [24/Sep/2014:12:57:32 +0530] "GET /portal/gadgets/publication-chart/jslider/img/jslider.round.plastic.png HTTP/1.1" 200 1956 "-" "Apache Shindig"
127.0.0.1 - - [24/Sep/2014:12:57:32 +0530] "GET /portal/gadgets/publication-chart/jslider/css/jslider.round.plastic.css HTTP/1.1" 200 248 "-" "Apache Shindig"
0:0:0:0:0:0:0:1 - - [24/Sep/2014:12:57:32 +0530] "GET //gadgets/proxy?container=default&gadget=http%3A%2F%2Flocalhost%3A9763%2Fportal%2Fgadgets%2Fpublication-chart%2Fjslider%2Fcss%2Fjslider.round.plastic.css&debug=0&nocache=1&url=http%3A%2F%2Flocalhost%3A9763%2Fportal%2Fgadgets%2Fpublication-chart%2Fjslider%2Fimg%2Fjslider.round.plastic.png HTTP/1.1" 200 1956 "https://localhost:9443//gadgets/concat?container=default&gadget=http%3A%2F%2Flocalhost%3A9763%2Fportal%2Fgadgets%2Fpublication-chart%2Fpublication-chart.xml&debug=1&nocache=1&type=css&1=http%3A%2F%2Flocalhost%3A9763%2Fportal%2Fthemes%2Fportal%2Fcss%2Fflot-graph.css&2=http%3A%2F%2Flocalhost%3A9763%2Fportal%2Fthemes%2Fportal%2Fcss%2Fbootstrap.min.css&3=http%3A%2F%2Flocalhost%3A9763%2Fportal%2Fgadgets%2Fpublication-chart%2Fcss%2Fd3-graph.css&4=http%3A%2F%2Flocalhost%3A9763%2Fportal%2Fgadgets%2Fpublication-chart%2Fjslider%2Fcss%2Fjslider.css&5=http%3A%2F%2Flocalhost%3A9763%2Fportal%2Fgadgets%2Fpublication-chart%2Fjslider%2Fcss%2Fjslider.blue.css&6=http%3A%2F%2Flocalhost%3A9763%2Fportal%2Fgadgets%2Fpublication-chart%2Fjslider%2Fcss%2Fjslider.plastic.css&7=http%3A%2F%2Flocalhost%3A9763%2Fportal%2Fgadgets%2Fpublication-chart%2Fjslider%2Fcss%2Fjslider.round.css&8=http%3A%2F%2Flocalhost%3A9763%2Fportal%2Fgadgets%2Fpublication-chart%2Fjslider%2Fcss%2Fjslider.round.plastic.css" "Mozilla/5.0 (Windows NT 6.1; WOW64; rv:32.0) Gecko/20100101 Firefox/32.0"
127.0.0.1 - - [24/Sep/2014:12:57:34 +0530] "GET /portal/gadgets/organization-map/organization-map.xml HTTP/1.1" 200 1502 "-" "Apache Shindig"
127.0.0.1 - - [24/Sep/2014:12:57:34 +0530] "GET /portal/gadgets/organization-map/organization-map.xml HTTP/1.1" 200 1502 "-" "Apache Shindig"
0:0:0:0:0:0:0:1 - - [24/Sep/2014:12:57:34 +0530] "GET //gadgets/concat?container=default&gadget=http%3A%2F%2Flocalhost%3A9763%2Fportal%2Fgadgets%2Forganization-map%2Forganization-map.xml&debug=1&nocache=1&type=js&1=http%3A%2F%2Flocalhost%3A9763%2Fportal%2Fjs%2Fflot%2Fjquery.js&2=https%3A%2F%2Fmaps.googleapis.com%2Fmaps%2Fapi%2Fjs%3Fkey%3DAIzaSyBh-rKFkb1hhmElavDCGaaUQnITpIw3-MI&3=http%3A%2F%2Flocalhost%3A9763%2Fportal%2Fgadgets%2Forganization-map%2Fjs%2Forganization-map-core.js HTTP/1.1" 200 82954 "https://localhost:9443//gadgets/ifr?url=http%3A%2F%2Flocalhost%3A9763%2Fportal%2Fgadgets%2Forganization-map%2Forganization-map.xml&container=default&view=default&lang=en&country=US&debug=1&nocache=1&sanitize=0&v=d8213105a7083aec18c9bce3596dddd0&testmode=0&parent=https%3A%2F%2Flocalhost%3A9443&mid=0" "Mozilla/5.0 (Windows NT 6.1; WOW64; rv:32.0) Gecko/20100101 Firefox/32.0"
0:0:0:0:0:0:0:1 - - [24/Sep/2014:12:57:35 +0530] "GET /portal/gadgets/organization-map/data-files/organization-map-data.jag HTTP/1.1" 200 545 "https://localhost:9443//gadgets/ifr?url=http%3A%2F%2Flocalhost%3A9763%2Fportal%2Fgadgets%2Forganization-map%2Forganization-map.xml&container=default&view=default&lang=en&country=US&debug=1&nocache=1&sanitize=0&v=d8213105a7083aec18c9bce3596dddd0&testmode=0&parent=https%3A%2F%2Flocalhost%3A9443&mid=0" "Mozilla/5.0 (Windows NT 6.1; WOW64; rv:32.0) Gecko/20100101 Firefox/32.0"
0:0:0:0:0:0:0:1 - - [24/Sep/2014:12:57:41 +0530] "GET /portal/gadgets/organization-map/images/uoc.png HTTP/1.1" 200 16649 "https://localhost:9443//gadgets/ifr?url=http%3A%2F%2Flocalhost%3A9763%2Fportal%2Fgadgets%2Forganization-map%2Forganization-map.xml&container=default&view=default&lang=en&country=US&debug=1&nocache=1&sanitize=0&v=d8213105a7083aec18c9bce3596dddd0&testmode=0&parent=https%3A%2F%2Flocalhost%3A9443&mid=0" "Mozilla/5.0 (Windows NT 6.1; WOW64; rv:32.0) Gecko/20100101 Firefox/32.0"
0:0:0:0:0:0:0:1 - - [24/Sep/2014:12:57:41 +0530] "GET /portal/gadgets/organization-map/images/uom.png HTTP/1.1" 200 15129 "https://localhost:9443//gadgets/ifr?url=http%3A%2F%2Flocalhost%3A9763%2Fportal%2Fgadgets%2Forganization-map%2Forganization-map.xml&container=default&view=default&lang=en&country=US&debug=1&nocache=1&sanitize=0&v=d8213105a7083aec18c9bce3596dddd0&testmode=0&parent=https%3A%2F%2Flocalhost%3A9443&mid=0" "Mozilla/5.0 (Windows NT 6.1; WOW64; rv:32.0) Gecko/20100101 Firefox/32.0"
0:0:0:0:0:0:0:1 - - [24/Sep/2014:12:57:41 +0530] "GET /portal/gadgets/organization-map/images/uor.png HTTP/1.1" 200 13644 "https://localhost:9443//gadgets/ifr?url=http%3A%2F%2Flocalhost%3A9763%2Fportal%2Fgadgets%2Forganization-map%2Forganization-map.xml&container=default&view=default&lang=en&country=US&debug=1&nocache=1&sanitize=0&v=d8213105a7083aec18c9bce3596dddd0&testmode=0&parent=https%3A%2F%2Flocalhost%3A9443&mid=0" "Mozilla/5.0 (Windows NT 6.1; WOW64; rv:32.0) Gecko/20100101 Firefox/32.0"
0:0:0:0:0:0:0:1 - - [24/Sep/2014:12:57:41 +0530] "GET /portal/gadgets/organization-map/images/wusl.png HTTP/1.1" 200 11969 "https://localhost:9443//gadgets/ifr?url=http%3A%2F%2Flocalhost%3A9763%2Fportal%2Fgadgets%2Forganization-map%2Forganization-map.xml&container=default&view=default&lang=en&country=US&debug=1&nocache=1&sanitize=0&v=d8213105a7083aec18c9bce3596dddd0&testmode=0&parent=https%3A%2F%2Flocalhost%3A9443&mid=0" "Mozilla/5.0 (Windows NT 6.1; WOW64; rv:32.0) Gecko/20100101 Firefox/32.0"
0:0:0:0:0:0:0:1 - - [24/Sep/2014:12:57:41 +0530] "GET /portal/gadgets/organization-map/images/rusl.png HTTP/1.1" 200 10415 "https://localhost:9443//gadgets/ifr?url=http%3A%2F%2Flocalhost%3A9763%2Fportal%2Fgadgets%2Forganization-map%2Forganization-map.xml&container=default&view=default&lang=en&country=US&debug=1&nocache=1&sanitize=0&v=d8213105a7083aec18c9bce3596dddd0&testmode=0&parent=https%3A%2F%2Flocalhost%3A9443&mid=0" "Mozilla/5.0 (Windows NT 6.1; WOW64; rv:32.0) Gecko/20100101 Firefox/32.0"
0:0:0:0:0:0:0:1 - - [24/Sep/2014:12:57:41 +0530] "GET /portal/gadgets/organization-map/images/kdu.png HTTP/1.1" 200 13378 "https://localhost:9443//gadgets/ifr?url=http%3A%2F%2Flocalhost%3A9763%2Fportal%2Fgadgets%2Forganization-map%2Forganization-map.xml&container=default&view=default&lang=en&country=US&debug=1&nocache=1&sanitize=0&v=d8213105a7083aec18c9bce3596dddd0&testmode=0&parent=https%3A%2F%2Flocalhost%3A9443&mid=0" "Mozilla/5.0 (Windows NT 6.1; WOW64; rv:32.0) Gecko/20100101 Firefox/32.0"
0:0:0:0:0:0:0:1 - - [24/Sep/2014:12:57:41 +0530] "GET /portal/gadgets/organization-map/images/eusl.png HTTP/1.1" 200 17400 "https://localhost:9443//gadgets/ifr?url=http%3A%2F%2Flocalhost%3A9763%2Fportal%2Fgadgets%2Forganization-map%2Forganization-map.xml&container=default&view=default&lang=en&country=US&debug=1&nocache=1&sanitize=0&v=d8213105a7083aec18c9bce3596dddd0&testmode=0&parent=https%3A%2F%2Flocalhost%3A9443&mid=0" "Mozilla/5.0 (Windows NT 6.1; WOW64; rv:32.0) Gecko/20100101 Firefox/32.0"
0:0:0:0:0:0:0:1 - - [24/Sep/2014:12:57:41 +0530] "GET /portal/gadgets/organization-map/images/uoj.png HTTP/1.1" 200 19232 "https://localhost:9443//gadgets/ifr?url=http%3A%2F%2Flocalhost%3A9763%2Fportal%2Fgadgets%2Forganization-map%2Forganization-map.xml&container=default&view=default&lang=en&country=US&debug=1&nocache=1&sanitize=0&v=d8213105a7083aec18c9bce3596dddd0&testmode=0&parent=https%3A%2F%2Flocalhost%3A9443&mid=0" "Mozilla/5.0 (Windows NT 6.1; WOW64; rv:32.0) Gecko/20100101 Firefox/32.0"
0:0:0:0:0:0:0:1 - - [24/Sep/2014:12:57:41 +0530] "GET /portal/gadgets/organization-map/images/uok.png HTTP/1.1" 200 19021 "https://localhost:9443//gadgets/ifr?url=http%3A%2F%2Flocalhost%3A9763%2Fportal%2Fgadgets%2Forganization-map%2Forganization-map.xml&container=default&view=default&lang=en&country=US&debug=1&nocache=1&sanitize=0&v=d8213105a7083aec18c9bce3596dddd0&testmode=0&parent=https%3A%2F%2Flocalhost%3A9443&mid=0" "Mozilla/5.0 (Windows NT 6.1; WOW64; rv:32.0) Gecko/20100101 Firefox/32.0"
0:0:0:0:0:0:0:1 - - [24/Sep/2014:12:57:41 +0530] "GET /portal/gadgets/organization-map/images/ousl.png HTTP/1.1" 200 10451 "https://localhost:9443//gadgets/ifr?url=http%3A%2F%2Flocalhost%3A9763%2Fportal%2Fgadgets%2Forganization-map%2Forganization-map.xml&container=default&view=default&lang=en&country=US&debug=1&nocache=1&sanitize=0&v=d8213105a7083aec18c9bce3596dddd0&testmode=0&parent=https%3A%2F%2Flocalhost%3A9443&mid=0" "Mozilla/5.0 (Windows NT 6.1; WOW64; rv:32.0) Gecko/20100101 Firefox/32.0"
0:0:0:0:0:0:0:1 - - [24/Sep/2014:12:57:41 +0530] "GET /portal/gadgets/organization-map/images/uop.png HTTP/1.1" 200 15590 "https://localhost:9443//gadgets/ifr?url=http%3A%2F%2Flocalhost%3A9763%2Fportal%2Fgadgets%2Forganization-map%2Forganization-map.xml&container=default&view=default&lang=en&country=US&debug=1&nocache=1&sanitize=0&v=d8213105a7083aec18c9bce3596dddd0&testmode=0&parent=https%3A%2F%2Flocalhost%3A9443&mid=0" "Mozilla/5.0 (Windows NT 6.1; WOW64; rv:32.0) Gecko/20100101 Firefox/32.0"
0:0:0:0:0:0:0:1 - - [24/Sep/2014:12:57:41 +0530] "GET /portal/gadgets/organization-map/images/susl.png HTTP/1.1" 200 17273 "https://localhost:9443//gadgets/ifr?url=http%3A%2F%2Flocalhost%3A9763%2Fportal%2Fgadgets%2Forganization-map%2Forganization-map.xml&container=default&view=default&lang=en&country=US&debug=1&nocache=1&sanitize=0&v=d8213105a7083aec18c9bce3596dddd0&testmode=0&parent=https%3A%2F%2Flocalhost%3A9443&mid=0" "Mozilla/5.0 (Windows NT 6.1; WOW64; rv:32.0) Gecko/20100101 Firefox/32.0"
0:0:0:0:0:0:0:1 - - [24/Sep/2014:12:57:42 +0530] "GET /portal/gadgets/organization-map/images/sjp.png HTTP/1.1" 200 18594 "https://localhost:9443//gadgets/ifr?url=http%3A%2F%2Flocalhost%3A9763%2Fportal%2Fgadgets%2Forganization-map%2Forganization-map.xml&container=default&view=default&lang=en&country=US&debug=1&nocache=1&sanitize=0&v=d8213105a7083aec18c9bce3596dddd0&testmode=0&parent=https%3A%2F%2Flocalhost%3A9443&mid=0" "Mozilla/5.0 (Windows NT 6.1; WOW64; rv:32.0) Gecko/20100101 Firefox/32.0"
0:0:0:0:0:0:0:1 - - [24/Sep/2014:12:57:42 +0530] "GET /portal/gadgets/organization-map/images/null HTTP/1.1" 404 898 "https://localhost:9443//gadgets/ifr?url=http%3A%2F%2Flocalhost%3A9763%2Fportal%2Fgadgets%2Forganization-map%2Forganization-map.xml&container=default&view=default&lang=en&country=US&debug=1&nocache=1&sanitize=0&v=d8213105a7083aec18c9bce3596dddd0&testmode=0&parent=https%3A%2F%2Flocalhost%3A9443&mid=0" "Mozilla/5.0 (Windows NT 6.1; WOW64; rv:32.0) Gecko/20100101 Firefox/32.0"
0:0:0:0:0:0:0:1 - - [24/Sep/2014:12:57:43 +0530] "GET /portal/gadgets/organization-map/images/null HTTP/1.1" 404 898 "https://localhost:9443//gadgets/ifr?url=http%3A%2F%2Flocalhost%3A9763%2Fportal%2Fgadgets%2Forganization-map%2Forganization-map.xml&container=default&view=default&lang=en&country=US&debug=1&nocache=1&sanitize=0&v=d8213105a7083aec18c9bce3596dddd0&testmode=0&parent=https%3A%2F%2Flocalhost%3A9443&mid=0" "Mozilla/5.0 (Windows NT 6.1; WOW64; rv:32.0) Gecko/20100101 Firefox/32.0"
0:0:0:0:0:0:0:1 - - [24/Sep/2014:12:57:43 +0530] "GET /portal/gadgets/organization-map/images/null HTTP/1.1" 404 898 "https://localhost:9443//gadgets/ifr?url=http%3A%2F%2Flocalhost%3A9763%2Fportal%2Fgadgets%2Forganization-map%2Forganization-map.xml&container=default&view=default&lang=en&country=US&debug=1&nocache=1&sanitize=0&v=d8213105a7083aec18c9bce3596dddd0&testmode=0&parent=https%3A%2F%2Flocalhost%3A9443&mid=0" "Mozilla/5.0 (Windows NT 6.1; WOW64; rv:32.0) Gecko/20100101 Firefox/32.0"
0:0:0:0:0:0:0:1 - - [24/Sep/2014:12:57:44 +0530] "GET /portal/gadgets/organization-map/images/null HTTP/1.1" 404 898 "https://localhost:9443//gadgets/ifr?url=http%3A%2F%2Flocalhost%3A9763%2Fportal%2Fgadgets%2Forganization-map%2Forganization-map.xml&container=default&view=default&lang=en&country=US&debug=1&nocache=1&sanitize=0&v=d8213105a7083aec18c9bce3596dddd0&testmode=0&parent=https%3A%2F%2Flocalhost%3A9443&mid=0" "Mozilla/5.0 (Windows NT 6.1; WOW64; rv:32.0) Gecko/20100101 Firefox/32.0"
0:0:0:0:0:0:0:1 - - [24/Sep/2014:12:57:44 +0530] "GET /portal/gadgets/organization-map/images/null HTTP/1.1" 404 898 "https://localhost:9443//gadgets/ifr?url=http%3A%2F%2Flocalhost%3A9763%2Fportal%2Fgadgets%2Forganization-map%2Forganization-map.xml&container=default&view=default&lang=en&country=US&debug=1&nocache=1&sanitize=0&v=d8213105a7083aec18c9bce3596dddd0&testmode=0&parent=https%3A%2F%2Flocalhost%3A9443&mid=0" "Mozilla/5.0 (Windows NT 6.1; WOW64; rv:32.0) Gecko/20100101 Firefox/32.0"
0:0:0:0:0:0:0:1 - - [24/Sep/2014:12:57:45 +0530] "GET /portal/gadgets/organization-map/images/null HTTP/1.1" 404 898 "https://localhost:9443//gadgets/ifr?url=http%3A%2F%2Flocalhost%3A9763%2Fportal%2Fgadgets%2Forganization-map%2Forganization-map.xml&container=default&view=default&lang=en&country=US&debug=1&nocache=1&sanitize=0&v=d8213105a7083aec18c9bce3596dddd0&testmode=0&parent=https%3A%2F%2Flocalhost%3A9443&mid=0" "Mozilla/5.0 (Windows NT 6.1; WOW64; rv:32.0) Gecko/20100101 Firefox/32.0"
0:0:0:0:0:0:0:1 - - [24/Sep/2014:12:57:46 +0530] "GET /portal/gadgets/organization-map/images/null HTTP/1.1" 404 898 "https://localhost:9443//gadgets/ifr?url=http%3A%2F%2Flocalhost%3A9763%2Fportal%2Fgadgets%2Forganization-map%2Forganization-map.xml&container=default&view=default&lang=en&country=US&debug=1&nocache=1&sanitize=0&v=d8213105a7083aec18c9bce3596dddd0&testmode=0&parent=https%3A%2F%2Flocalhost%3A9443&mid=0" "Mozilla/5.0 (Windows NT 6.1; WOW64; rv:32.0) Gecko/20100101 Firefox/32.0"
0:0:0:0:0:0:0:1 - - [24/Sep/2014:12:57:47 +0530] "GET /portal/gadgets/organization-map/images/null HTTP/1.1" 404 898 "https://localhost:9443//gadgets/ifr?url=http%3A%2F%2Flocalhost%3A9763%2Fportal%2Fgadgets%2Forganization-map%2Forganization-map.xml&container=default&view=default&lang=en&country=US&debug=1&nocache=1&sanitize=0&v=d8213105a7083aec18c9bce3596dddd0&testmode=0&parent=https%3A%2F%2Flocalhost%3A9443&mid=0" "Mozilla/5.0 (Windows NT 6.1; WOW64; rv:32.0) Gecko/20100101 Firefox/32.0"
0:0:0:0:0:0:0:1 - - [24/Sep/2014:12:57:48 +0530] "GET /portal/gadgets/organization-map/images/null HTTP/1.1" 404 898 "https://localhost:9443//gadgets/ifr?url=http%3A%2F%2Flocalhost%3A9763%2Fportal%2Fgadgets%2Forganization-map%2Forganization-map.xml&container=default&view=default&lang=en&country=US&debug=1&nocache=1&sanitize=0&v=d8213105a7083aec18c9bce3596dddd0&testmode=0&parent=https%3A%2F%2Flocalhost%3A9443&mid=0" "Mozilla/5.0 (Windows NT 6.1; WOW64; rv:32.0) Gecko/20100101 Firefox/32.0"
0:0:0:0:0:0:0:1 - - [24/Sep/2014:12:57:49 +0530] "GET /portal/gadgets/organization-map/images/null HTTP/1.1" 404 898 "https://localhost:9443//gadgets/ifr?url=http%3A%2F%2Flocalhost%3A9763%2Fportal%2Fgadgets%2Forganization-map%2Forganization-map.xml&container=default&view=default&lang=en&country=US&debug=1&nocache=1&sanitize=0&v=d8213105a7083aec18c9bce3596dddd0&testmode=0&parent=https%3A%2F%2Flocalhost%3A9443&mid=0" "Mozilla/5.0 (Windows NT 6.1; WOW64; rv:32.0) Gecko/20100101 Firefox/32.0"
0:0:0:0:0:0:0:1 - - [24/Sep/2014:12:57:50 +0530] "GET /portal/gadgets/organization-map/images/null HTTP/1.1" 404 898 "https://localhost:9443//gadgets/ifr?url=http%3A%2F%2Flocalhost%3A9763%2Fportal%2Fgadgets%2Forganization-map%2Forganization-map.xml&container=default&view=default&lang=en&country=US&debug=1&nocache=1&sanitize=0&v=d8213105a7083aec18c9bce3596dddd0&testmode=0&parent=https%3A%2F%2Flocalhost%3A9443&mid=0" "Mozilla/5.0 (Windows NT 6.1; WOW64; rv:32.0) Gecko/20100101 Firefox/32.0"
0:0:0:0:0:0:0:1 - - [24/Sep/2014:12:57:51 +0530] "GET /portal/gadgets/organization-map/images/null HTTP/1.1" 404 898 "https://localhost:9443//gadgets/ifr?url=http%3A%2F%2Flocalhost%3A9763%2Fportal%2Fgadgets%2Forganization-map%2Forganization-map.xml&container=default&view=default&lang=en&country=US&debug=1&nocache=1&sanitize=0&v=d8213105a7083aec18c9bce3596dddd0&testmode=0&parent=https%3A%2F%2Flocalhost%3A9443&mid=0" "Mozilla/5.0 (Windows NT 6.1; WOW64; rv:32.0) Gecko/20100101 Firefox/32.0"
0:0:0:0:0:0:0:1 - - [24/Sep/2014:12:57:52 +0530] "GET /portal/gadgets/organization-map/images/null HTTP/1.1" 404 898 "https://localhost:9443//gadgets/ifr?url=http%3A%2F%2Flocalhost%3A9763%2Fportal%2Fgadgets%2Forganization-map%2Forganization-map.xml&container=default&view=default&lang=en&country=US&debug=1&nocache=1&sanitize=0&v=d8213105a7083aec18c9bce3596dddd0&testmode=0&parent=https%3A%2F%2Flocalhost%3A9443&mid=0" "Mozilla/5.0 (Windows NT 6.1; WOW64; rv:32.0) Gecko/20100101 Firefox/32.0"
0:0:0:0:0:0:0:1 - - [24/Sep/2014:12:57:53 +0530] "GET /portal/gadgets/organization-map/images/null HTTP/1.1" 404 898 "https://localhost:9443//gadgets/ifr?url=http%3A%2F%2Flocalhost%3A9763%2Fportal%2Fgadgets%2Forganization-map%2Forganization-map.xml&container=default&view=default&lang=en&country=US&debug=1&nocache=1&sanitize=0&v=d8213105a7083aec18c9bce3596dddd0&testmode=0&parent=https%3A%2F%2Flocalhost%3A9443&mid=0" "Mozilla/5.0 (Windows NT 6.1; WOW64; rv:32.0) Gecko/20100101 Firefox/32.0"
0:0:0:0:0:0:0:1 - - [24/Sep/2014:12:57:54 +0530] "GET /portal/gadgets/organization-map/images/null HTTP/1.1" 404 898 "https://localhost:9443//gadgets/ifr?url=http%3A%2F%2Flocalhost%3A9763%2Fportal%2Fgadgets%2Forganization-map%2Forganization-map.xml&container=default&view=default&lang=en&country=US&debug=1&nocache=1&sanitize=0&v=d8213105a7083aec18c9bce3596dddd0&testmode=0&parent=https%3A%2F%2Flocalhost%3A9443&mid=0" "Mozilla/5.0 (Windows NT 6.1; WOW64; rv:32.0) Gecko/20100101 Firefox/32.0"
0:0:0:0:0:0:0:1 - - [24/Sep/2014:12:57:55 +0530] "GET /portal/gadgets/organization-map/images/null HTTP/1.1" 404 898 "https://localhost:9443//gadgets/ifr?url=http%3A%2F%2Flocalhost%3A9763%2Fportal%2Fgadgets%2Forganization-map%2Forganization-map.xml&container=default&view=default&lang=en&country=US&debug=1&nocache=1&sanitize=0&v=d8213105a7083aec18c9bce3596dddd0&testmode=0&parent=https%3A%2F%2Flocalhost%3A9443&mid=0" "Mozilla/5.0 (Windows NT 6.1; WOW64; rv:32.0) Gecko/20100101 Firefox/32.0"
0:0:0:0:0:0:0:1 - - [24/Sep/2014:12:58:37 +0530] "GET /portal/logout.jag HTTP/1.1" 302 - "https://localhost:9443/portal/dashboard.jag" "Mozilla/5.0 (Windows NT 6.1; WOW64; rv:32.0) Gecko/20100101 Firefox/32.0"
0:0:0:0:0:0:0:1 - - [24/Sep/2014:12:58:37 +0530] "GET /portal HTTP/1.1" 302 - "https://localhost:9443/portal/dashboard.jag" "Mozilla/5.0 (Windows NT 6.1; WOW64; rv:32.0) Gecko/20100101 Firefox/32.0"
0:0:0:0:0:0:0:1 - - [24/Sep/2014:12:58:37 +0530] "GET /portal/ HTTP/1.1" 200 4490 "https://localhost:9443/portal/dashboard.jag" "Mozilla/5.0 (Windows NT 6.1; WOW64; rv:32.0) Gecko/20100101 Firefox/32.0"
0:0:0:0:0:0:0:1 - - [24/Sep/2014:12:58:37 +0530] "GET /portal/themes/portal/css/portal-homepage.css HTTP/1.1" 200 2513 "https://localhost:9443/portal/" "Mozilla/5.0 (Windows NT 6.1; WOW64; rv:32.0) Gecko/20100101 Firefox/32.0"
0:0:0:0:0:0:0:1 - - [24/Sep/2014:12:58:37 +0530] "GET /portal/themes/portal/css/jslider.round.plastic.css HTTP/1.1" 200 248 "https://localhost:9443/portal/" "Mozilla/5.0 (Windows NT 6.1; WOW64; rv:32.0) Gecko/20100101 Firefox/32.0"
0:0:0:0:0:0:0:1 - - [24/Sep/2014:12:58:37 +0530] "GET /portal/themes/portal/css/jslider.css HTTP/1.1" 200 736 "https://localhost:9443/portal/" "Mozilla/5.0 (Windows NT 6.1; WOW64; rv:32.0) Gecko/20100101 Firefox/32.0"
0:0:0:0:0:0:0:1 - - [24/Sep/2014:12:58:37 +0530] "GET /portal/themes/portal/js/tmpl.js HTTP/1.1" 200 1229 "https://localhost:9443/portal/" "Mozilla/5.0 (Windows NT 6.1; WOW64; rv:32.0) Gecko/20100101 Firefox/32.0"
0:0:0:0:0:0:0:1 - - [24/Sep/2014:12:58:37 +0530] "GET /portal/themes/portal/js/shindig.js HTTP/1.1" 200 34461 "https://localhost:9443/portal/" "Mozilla/5.0 (Windows NT 6.1; WOW64; rv:32.0) Gecko/20100101 Firefox/32.0"
0:0:0:0:0:0:0:1 - - [24/Sep/2014:12:58:37 +0530] "GET /portal/themes/portal/js/jshashtable-2.1_src.js HTTP/1.1" 200 3039 "https://localhost:9443/portal/" "Mozilla/5.0 (Windows NT 6.1; WOW64; rv:32.0) Gecko/20100101 Firefox/32.0"
0:0:0:0:0:0:0:1 - - [24/Sep/2014:12:58:37 +0530] "GET /portal/themes/portal/js/portal-gadgets-js.jag HTTP/1.1" 200 268 "https://localhost:9443/portal/" "Mozilla/5.0 (Windows NT 6.1; WOW64; rv:32.0) Gecko/20100101 Firefox/32.0"
0:0:0:0:0:0:0:1 - - [24/Sep/2014:12:58:37 +0530] "GET /portal/themes/portal/js/jquery.dependClass-0.1.js HTTP/1.1" 200 1467 "https://localhost:9443/portal/" "Mozilla/5.0 (Windows NT 6.1; WOW64; rv:32.0) Gecko/20100101 Firefox/32.0"
0:0:0:0:0:0:0:1 - - [24/Sep/2014:12:58:37 +0530] "GET /portal/themes/portal/js/draggable-0.1.js HTTP/1.1" 200 1371 "https://localhost:9443/portal/" "Mozilla/5.0 (Windows NT 6.1; WOW64; rv:32.0) Gecko/20100101 Firefox/32.0"
0:0:0:0:0:0:0:1 - - [24/Sep/2014:12:58:37 +0530] "GET /portal/themes/portal/js/UESContainer.js HTTP/1.1" 200 972 "https://localhost:9443/portal/" "Mozilla/5.0 (Windows NT 6.1; WOW64; rv:32.0) Gecko/20100101 Firefox/32.0"
0:0:0:0:0:0:0:1 - - [24/Sep/2014:12:58:37 +0530] "GET /portal/themes/portal/js/jquery.numberformatter-1.2.3.js HTTP/1.1" 200 4811 "https://localhost:9443/portal/" "Mozilla/5.0 (Windows NT 6.1; WOW64; rv:32.0) Gecko/20100101 Firefox/32.0"
0:0:0:0:0:0:0:1 - - [24/Sep/2014:12:58:37 +0530] "GET /portal/themes/portal/img/logo-banner.png HTTP/1.1" 200 7386 "https://localhost:9443/portal/" "Mozilla/5.0 (Windows NT 6.1; WOW64; rv:32.0) Gecko/20100101 Firefox/32.0"
0:0:0:0:0:0:0:1 - - [24/Sep/2014:12:58:37 +0530] "GET /portal/themes/portal/img/portal-feature-ide.png HTTP/1.1" 200 53284 "https://localhost:9443/portal/" "Mozilla/5.0 (Windows NT 6.1; WOW64; rv:32.0) Gecko/20100101 Firefox/32.0"
0:0:0:0:0:0:0:1 - - [24/Sep/2014:12:58:37 +0530] "GET /portal/themes/portal/img/portal-feature-jaggery.png HTTP/1.1" 200 45647 "https://localhost:9443/portal/" "Mozilla/5.0 (Windows NT 6.1; WOW64; rv:32.0) Gecko/20100101 Firefox/32.0"
0:0:0:0:0:0:0:1 - - [24/Sep/2014:12:58:37 +0530] "GET /portal/themes/portal/img/banner.png HTTP/1.1" 200 135059 "https://localhost:9443/portal/" "Mozilla/5.0 (Windows NT 6.1; WOW64; rv:32.0) Gecko/20100101 Firefox/32.0"
0:0:0:0:0:0:0:1 - - [24/Sep/2014:12:58:37 +0530] "GET /portal/themes/portal/img/portal-feature-dashboard.png HTTP/1.1" 200 41359 "https://localhost:9443/portal/" "Mozilla/5.0 (Windows NT 6.1; WOW64; rv:32.0) Gecko/20100101 Firefox/32.0"
0:0:0:0:0:0:0:1 - - [24/Sep/2014:12:58:37 +0530] "GET /portal/themes/portal/img/portal-feature-browser.png HTTP/1.1" 200 27408 "https://localhost:9443/portal/" "Mozilla/5.0 (Windows NT 6.1; WOW64; rv:32.0) Gecko/20100101 Firefox/32.0"
0:0:0:0:0:0:0:1 - - [24/Sep/2014:12:58:37 +0530] "GET /portal/themes/portal/img/portal-feature-responsive.png HTTP/1.1" 200 54172 "https://localhost:9443/portal/" "Mozilla/5.0 (Windows NT 6.1; WOW64; rv:32.0) Gecko/20100101 Firefox/32.0"
0:0:0:0:0:0:0:1 - - [24/Sep/2014:12:58:37 +0530] "GET /portal/themes/portal/img/portal-feature-store.png HTTP/1.1" 200 69295 "https://localhost:9443/portal/" "Mozilla/5.0 (Windows NT 6.1; WOW64; rv:32.0) Gecko/20100101 Firefox/32.0"
0:0:0:0:0:0:0:1 - - [24/Sep/2014:12:58:37 +0530] "GET /portal/themes/portal/js/jquery.slider.js HTTP/1.1" 200 4882 "https://localhost:9443/portal/" "Mozilla/5.0 (Windows NT 6.1; WOW64; rv:32.0) Gecko/20100101 Firefox/32.0"
0:0:0:0:0:0:0:1 - - [24/Sep/2014:12:58:37 +0530] "GET /portal/themes/portal/js/intro.js HTTP/1.1" 200 1054 "https://localhost:9443/portal/" "Mozilla/5.0 (Windows NT 6.1; WOW64; rv:32.0) Gecko/20100101 Firefox/32.0"
0:0:0:0:0:0:0:1 - - [24/Sep/2014:12:58:37 +0530] "GET /portal/themes/portal/js/jquery.scrollorama.js HTTP/1.1" 200 4650 "https://localhost:9443/portal/" "Mozilla/5.0 (Windows NT 6.1; WOW64; rv:32.0) Gecko/20100101 Firefox/32.0"
0:0:0:0:0:0:0:1 - - [24/Sep/2014:12:58:37 +0530] "GET /portal/themes/portal/js/portal-homepage.js HTTP/1.1" 200 977 "https://localhost:9443/portal/" "Mozilla/5.0 (Windows NT 6.1; WOW64; rv:32.0) Gecko/20100101 Firefox/32.0"
0:0:0:0:0:0:0:1 - - [24/Sep/2014:12:58:37 +0530] "GET /portal/themes/portal/img/banner-bg-office.jpg HTTP/1.1" 200 28510 "https://localhost:9443/portal/themes/portal/css/portal-homepage.css" "Mozilla/5.0 (Windows NT 6.1; WOW64; rv:32.0) Gecko/20100101 Firefox/32.0"
127.0.0.1 - - [24/Sep/2014:12:58:37 +0530] "GET /portal/gadgets/intro-gadget-1/intro-gadget-1.xml HTTP/1.1" 404 898 "-" "Apache Shindig"
0:0:0:0:0:0:0:1 - - [24/Sep/2014:12:58:37 +0530] "POST //rpc?st=-1%3A-1%3A*%3A*%3A*%3A0%3Adefault HTTP/1.1" 200 261 "https://localhost:9443/portal/" "Mozilla/5.0 (Windows NT 6.1; WOW64; rv:32.0) Gecko/20100101 Firefox/32.0"
127.0.0.1 - - [24/Sep/2014:12:58:37 +0530] "GET /portal/gadgets/intro-gadget-2/intro-gadget-2.xml HTTP/1.1" 404 898 "-" "Apache Shindig"
0:0:0:0:0:0:0:1 - - [24/Sep/2014:12:58:37 +0530] "POST //rpc?st=-1%3A-1%3A*%3A*%3A*%3A0%3Adefault HTTP/1.1" 200 261 "https://localhost:9443/portal/" "Mozilla/5.0 (Windows NT 6.1; WOW64; rv:32.0) Gecko/20100101 Firefox/32.0"
0:0:0:0:0:0:0:1 - - [24/Sep/2014:12:58:37 +0530] "GET /portal/themes/portal/img/jslider.round.plastic.png HTTP/1.1" 200 3721 "https://localhost:9443/portal/themes/portal/css/jslider.round.plastic.css" "Mozilla/5.0 (Windows NT 6.1; WOW64; rv:32.0) Gecko/20100101 Firefox/32.0"
0:0:0:0:0:0:0:1 - - [24/Sep/2014:12:58:37 +0530] "GET /portal/themes/portal/img/jslider.png HTTP/1.1" 404 898 "https://localhost:9443/portal/themes/portal/css/jslider.css" "Mozilla/5.0 (Windows NT 6.1; WOW64; rv:32.0) Gecko/20100101 Firefox/32.0"
10.22.196.10 - - [24/Sep/2014:14:18:39 +0530] "GET / HTTP/1.1" 302 1 "-" "Mozilla/5.0 (Windows NT 6.2; WOW64; rv:32.0) Gecko/20100101 Firefox/32.0"
10.22.196.10 - - [24/Sep/2014:14:18:39 +0530] "GET /portal HTTP/1.1" 302 - "-" "Mozilla/5.0 (Windows NT 6.2; WOW64; rv:32.0) Gecko/20100101 Firefox/32.0"
10.22.196.10 - - [24/Sep/2014:14:18:40 +0530] "GET /portal/ HTTP/1.1" 200 4480 "-" "Mozilla/5.0 (Windows NT 6.2; WOW64; rv:32.0) Gecko/20100101 Firefox/32.0"
10.22.196.10 - - [24/Sep/2014:14:18:40 +0530] "GET /portal/themes/portal/css/navigation.css HTTP/1.1" 200 1095 "https://10.22.196.10:9443/portal/" "Mozilla/5.0 (Windows NT 6.2; WOW64; rv:32.0) Gecko/20100101 Firefox/32.0"
10.22.196.10 - - [24/Sep/2014:14:18:40 +0530] "GET /portal/themes/portal/css/styles.css HTTP/1.1" 200 2323 "https://10.22.196.10:9443/portal/" "Mozilla/5.0 (Windows NT 6.2; WOW64; rv:32.0) Gecko/20100101 Firefox/32.0"
10.22.196.10 - - [24/Sep/2014:14:18:40 +0530] "GET /portal/themes/portal/css/font-awesome.min.css HTTP/1.1" 200 4456 "https://10.22.196.10:9443/portal/" "Mozilla/5.0 (Windows NT 6.2; WOW64; rv:32.0) Gecko/20100101 Firefox/32.0"
10.22.196.10 - - [24/Sep/2014:14:18:40 +0530] "GET /portal/themes/portal/css/jslider.round.plastic.css HTTP/1.1" 200 248 "https://10.22.196.10:9443/portal/" "Mozilla/5.0 (Windows NT 6.2; WOW64; rv:32.0) Gecko/20100101 Firefox/32.0"
10.22.196.10 - - [24/Sep/2014:14:18:40 +0530] "GET /portal/themes/portal/css/bootstrap.css HTTP/1.1" 200 19862 "https://10.22.196.10:9443/portal/" "Mozilla/5.0 (Windows NT 6.2; WOW64; rv:32.0) Gecko/20100101 Firefox/32.0"
10.22.196.10 - - [24/Sep/2014:14:18:40 +0530] "GET /portal/themes/portal/css/font-awesome-ie7.min.css HTTP/1.1" 200 3385 "https://10.22.196.10:9443/portal/" "Mozilla/5.0 (Windows NT 6.2; WOW64; rv:32.0) Gecko/20100101 Firefox/32.0"
10.22.196.10 - - [24/Sep/2014:14:18:40 +0530] "GET /portal/themes/portal/css/bootstrap-responsive.css HTTP/1.1" 200 4251 "https://10.22.196.10:9443/portal/" "Mozilla/5.0 (Windows NT 6.2; WOW64; rv:32.0) Gecko/20100101 Firefox/32.0"
10.22.196.10 - - [24/Sep/2014:14:18:40 +0530] "GET /portal/themes/portal/css/jslider.css HTTP/1.1" 200 736 "https://10.22.196.10:9443/portal/" "Mozilla/5.0 (Windows NT 6.2; WOW64; rv:32.0) Gecko/20100101 Firefox/32.0"
10.22.196.10 - - [24/Sep/2014:14:18:40 +0530] "GET /portal/themes/portal/favicon.ico HTTP/1.1" 404 898 "-" "Mozilla/5.0 (Windows NT 6.2; WOW64; rv:32.0) Gecko/20100101 Firefox/32.0"
10.22.196.10 - - [24/Sep/2014:14:18:40 +0530] "GET /portal/themes/portal/css/portal-homepage.css HTTP/1.1" 200 2513 "https://10.22.196.10:9443/portal/" "Mozilla/5.0 (Windows NT 6.2; WOW64; rv:32.0) Gecko/20100101 Firefox/32.0"
10.22.196.10 - - [24/Sep/2014:14:18:40 +0530] "GET /portal/themes/portal/js/async.min.js HTTP/1.1" 200 2159 "https://10.22.196.10:9443/portal/" "Mozilla/5.0 (Windows NT 6.2; WOW64; rv:32.0) Gecko/20100101 Firefox/32.0"
10.22.196.10 - - [24/Sep/2014:14:18:40 +0530] "GET /portal/themes/portal/js/theme.js HTTP/1.1" 200 749 "https://10.22.196.10:9443/portal/" "Mozilla/5.0 (Windows NT 6.2; WOW64; rv:32.0) Gecko/20100101 Firefox/32.0"
10.22.196.10 - - [24/Sep/2014:14:18:40 +0530] "GET /portal/themes/portal/js/bootstrap.min.js HTTP/1.1" 200 7004 "https://10.22.196.10:9443/portal/" "Mozilla/5.0 (Windows NT 6.2; WOW64; rv:32.0) Gecko/20100101 Firefox/32.0"
10.22.196.10 - - [24/Sep/2014:14:18:40 +0530] "GET /portal/themes/portal/js/navigation.js HTTP/1.1" 200 1030 "https://10.22.196.10:9443/portal/" "Mozilla/5.0 (Windows NT 6.2; WOW64; rv:32.0) Gecko/20100101 Firefox/32.0"
10.22.196.10 - - [24/Sep/2014:14:18:40 +0530] "GET /portal/themes/portal/js/jquery-1.8.3.min.js HTTP/1.1" 200 33942 "https://10.22.196.10:9443/portal/" "Mozilla/5.0 (Windows NT 6.2; WOW64; rv:32.0) Gecko/20100101 Firefox/32.0"
10.22.196.10 - - [24/Sep/2014:14:18:40 +0530] "GET /portal/themes/portal/js/shindig.js HTTP/1.1" 200 34461 "https://10.22.196.10:9443/portal/" "Mozilla/5.0 (Windows NT 6.2; WOW64; rv:32.0) Gecko/20100101 Firefox/32.0"
10.22.196.10 - - [24/Sep/2014:14:18:40 +0530] "GET /portal/themes/portal/js/UESContainer.js HTTP/1.1" 200 972 "https://10.22.196.10:9443/portal/" "Mozilla/5.0 (Windows NT 6.2; WOW64; rv:32.0) Gecko/20100101 Firefox/32.0"
10.22.196.10 - - [24/Sep/2014:14:18:40 +0530] "GET /portal/themes/portal/js/handlebars.js HTTP/1.1" 200 12827 "https://10.22.196.10:9443/portal/" "Mozilla/5.0 (Windows NT 6.2; WOW64; rv:32.0) Gecko/20100101 Firefox/32.0"
10.22.196.10 - - [24/Sep/2014:14:18:40 +0530] "GET /portal/themes/portal/js/tmpl.js HTTP/1.1" 200 1229 "https://10.22.196.10:9443/portal/" "Mozilla/5.0 (Windows NT 6.2; WOW64; rv:32.0) Gecko/20100101 Firefox/32.0"
10.22.196.10 - - [24/Sep/2014:14:18:40 +0530] "GET /portal/themes/portal/js/jshashtable-2.1_src.js HTTP/1.1" 200 3039 "https://10.22.196.10:9443/portal/" "Mozilla/5.0 (Windows NT 6.2; WOW64; rv:32.0) Gecko/20100101 Firefox/32.0"
10.22.196.10 - - [24/Sep/2014:14:18:40 +0530] "GET /portal/themes/portal/js/jquery.dependClass-0.1.js HTTP/1.1" 200 1467 "https://10.22.196.10:9443/portal/" "Mozilla/5.0 (Windows NT 6.2; WOW64; rv:32.0) Gecko/20100101 Firefox/32.0"
10.22.196.10 - - [24/Sep/2014:14:18:40 +0530] "GET /portal/themes/portal/js/jquery.slider.js HTTP/1.1" 200 4882 "https://10.22.196.10:9443/portal/" "Mozilla/5.0 (Windows NT 6.2; WOW64; rv:32.0) Gecko/20100101 Firefox/32.0"
10.22.196.10 - - [24/Sep/2014:14:18:40 +0530] "GET /portal/themes/portal/js/jquery.numberformatter-1.2.3.js HTTP/1.1" 200 4811 "https://10.22.196.10:9443/portal/" "Mozilla/5.0 (Windows NT 6.2; WOW64; rv:32.0) Gecko/20100101 Firefox/32.0"
10.22.196.10 - - [24/Sep/2014:14:18:40 +0530] "GET /portal/themes/portal/js/jquery.scrollorama.js HTTP/1.1" 200 4650 "https://10.22.196.10:9443/portal/" "Mozilla/5.0 (Windows NT 6.2; WOW64; rv:32.0) Gecko/20100101 Firefox/32.0"
10.22.196.10 - - [24/Sep/2014:14:18:40 +0530] "GET /portal/themes/portal/js/portal-gadgets-js.jag HTTP/1.1" 200 268 "https://10.22.196.10:9443/portal/" "Mozilla/5.0 (Windows NT 6.2; WOW64; rv:32.0) Gecko/20100101 Firefox/32.0"
10.22.196.10 - - [24/Sep/2014:14:18:40 +0530] "GET /portal/themes/portal/font/fontawesome-webfont.woff?v=3.2.1 HTTP/1.1" 200 43572 "https://10.22.196.10:9443/portal/themes/portal/css/font-awesome.min.css" "Mozilla/5.0 (Windows NT 6.2; WOW64; rv:32.0) Gecko/20100101 Firefox/32.0"
10.22.196.10 - - [24/Sep/2014:14:18:40 +0530] "GET /portal/themes/portal/js/intro.js HTTP/1.1" 200 1054 "https://10.22.196.10:9443/portal/" "Mozilla/5.0 (Windows NT 6.2; WOW64; rv:32.0) Gecko/20100101 Firefox/32.0"
10.22.196.10 - - [24/Sep/2014:14:18:40 +0530] "GET /portal/themes/portal/js/caramel-client.js HTTP/1.1" 200 768 "https://10.22.196.10:9443/portal/" "Mozilla/5.0 (Windows NT 6.2; WOW64; rv:32.0) Gecko/20100101 Firefox/32.0"
10.22.196.10 - - [24/Sep/2014:14:18:40 +0530] "GET /portal/themes/portal/js/portal-homepage.js HTTP/1.1" 200 977 "https://10.22.196.10:9443/portal/" "Mozilla/5.0 (Windows NT 6.2; WOW64; rv:32.0) Gecko/20100101 Firefox/32.0"
10.22.196.10 - - [24/Sep/2014:14:18:40 +0530] "GET /portal/themes/portal/js/draggable-0.1.js HTTP/1.1" 200 1371 "https://10.22.196.10:9443/portal/" "Mozilla/5.0 (Windows NT 6.2; WOW64; rv:32.0) Gecko/20100101 Firefox/32.0"
10.22.196.10 - - [24/Sep/2014:14:18:40 +0530] "GET /portal/themes/portal/font/Lato-Bol-webfont.woff HTTP/1.1" 200 19432 "https://10.22.196.10:9443/portal/themes/portal/css/styles.css" "Mozilla/5.0 (Windows NT 6.2; WOW64; rv:32.0) Gecko/20100101 Firefox/32.0"
10.22.196.10 - - [24/Sep/2014:14:18:40 +0530] "GET /portal/themes/portal/font/Lato-Reg-webfont.woff HTTP/1.1" 200 19260 "https://10.22.196.10:9443/portal/themes/portal/css/styles.css" "Mozilla/5.0 (Windows NT 6.2; WOW64; rv:32.0) Gecko/20100101 Firefox/32.0"
10.22.196.10 - - [24/Sep/2014:14:18:40 +0530] "GET /portal/themes/portal/js/jquery.validate.js HTTP/1.1" 200 10011 "https://10.22.196.10:9443/portal/" "Mozilla/5.0 (Windows NT 6.2; WOW64; rv:32.0) Gecko/20100101 Firefox/32.0"
10.22.196.10 - - [24/Sep/2014:14:18:40 +0530] "GET /portal/themes/portal/img/logo-banner.png HTTP/1.1" 200 7386 "https://10.22.196.10:9443/portal/" "Mozilla/5.0 (Windows NT 6.2; WOW64; rv:32.0) Gecko/20100101 Firefox/32.0"
10.22.196.10 - - [24/Sep/2014:14:18:40 +0530] "GET /portal/themes/portal/img/portal-feature-jaggery.png HTTP/1.1" 200 45647 "https://10.22.196.10:9443/portal/" "Mozilla/5.0 (Windows NT 6.2; WOW64; rv:32.0) Gecko/20100101 Firefox/32.0"
10.22.196.10 - - [24/Sep/2014:14:18:40 +0530] "GET /portal/themes/portal/img/portal-feature-dashboard.png HTTP/1.1" 200 41359 "https://10.22.196.10:9443/portal/" "Mozilla/5.0 (Windows NT 6.2; WOW64; rv:32.0) Gecko/20100101 Firefox/32.0"
10.22.196.10 - - [24/Sep/2014:14:18:40 +0530] "GET /portal/themes/portal/img/portal-feature-browser.png HTTP/1.1" 200 27408 "https://10.22.196.10:9443/portal/" "Mozilla/5.0 (Windows NT 6.2; WOW64; rv:32.0) Gecko/20100101 Firefox/32.0"
10.22.196.10 - - [24/Sep/2014:14:18:40 +0530] "GET /portal/themes/portal/img/portal-feature-store.png HTTP/1.1" 200 69295 "https://10.22.196.10:9443/portal/" "Mozilla/5.0 (Windows NT 6.2; WOW64; rv:32.0) Gecko/20100101 Firefox/32.0"
10.22.196.10 - - [24/Sep/2014:14:18:40 +0530] "GET /portal/themes/portal/img/portal-feature-responsive.png HTTP/1.1" 200 54172 "https://10.22.196.10:9443/portal/" "Mozilla/5.0 (Windows NT 6.2; WOW64; rv:32.0) Gecko/20100101 Firefox/32.0"
10.22.196.10 - - [24/Sep/2014:14:18:40 +0530] "GET /portal/themes/portal/img/portal-feature-ide.png HTTP/1.1" 200 53284 "https://10.22.196.10:9443/portal/" "Mozilla/5.0 (Windows NT 6.2; WOW64; rv:32.0) Gecko/20100101 Firefox/32.0"
10.22.196.10 - - [24/Sep/2014:14:18:40 +0530] "GET /portal/themes/portal/img/wso2-logo-small.png HTTP/1.1" 200 3416 "https://10.22.196.10:9443/portal/themes/portal/css/styles.css" "Mozilla/5.0 (Windows NT 6.2; WOW64; rv:32.0) Gecko/20100101 Firefox/32.0"
10.22.196.10 - - [24/Sep/2014:14:18:40 +0530] "GET /portal/themes/portal/favicon.ico HTTP/1.1" 404 898 "-" "Mozilla/5.0 (Windows NT 6.2; WOW64; rv:32.0) Gecko/20100101 Firefox/32.0"
10.22.196.10 - - [24/Sep/2014:14:18:40 +0530] "GET /portal/themes/portal/img/banner-bg-office.jpg HTTP/1.1" 200 28510 "https://10.22.196.10:9443/portal/themes/portal/css/portal-homepage.css" "Mozilla/5.0 (Windows NT 6.2; WOW64; rv:32.0) Gecko/20100101 Firefox/32.0"
10.22.196.10 - - [24/Sep/2014:14:18:40 +0530] "GET /portal/themes/portal/img/banner.png HTTP/1.1" 200 135059 "https://10.22.196.10:9443/portal/" "Mozilla/5.0 (Windows NT 6.2; WOW64; rv:32.0) Gecko/20100101 Firefox/32.0"
10.22.196.10 - - [24/Sep/2014:14:18:41 +0530] "GET /portal/themes/portal/img/jslider.png HTTP/1.1" 404 898 "https://10.22.196.10:9443/portal/themes/portal/css/jslider.css" "Mozilla/5.0 (Windows NT 6.2; WOW64; rv:32.0) Gecko/20100101 Firefox/32.0"
10.22.196.10 - - [24/Sep/2014:14:18:41 +0530] "GET /portal/themes/portal/img/jslider.round.plastic.png HTTP/1.1" 200 3721 "https://10.22.196.10:9443/portal/themes/portal/css/jslider.round.plastic.css" "Mozilla/5.0 (Windows NT 6.2; WOW64; rv:32.0) Gecko/20100101 Firefox/32.0"
127.0.0.1 - - [24/Sep/2014:14:18:41 +0530] "GET /portal/gadgets/intro-gadget-1/intro-gadget-1.xml HTTP/1.1" 404 898 "-" "Apache Shindig"
127.0.0.1 - - [24/Sep/2014:14:18:41 +0530] "GET /portal/gadgets/intro-gadget-2/intro-gadget-2.xml HTTP/1.1" 404 898 "-" "Apache Shindig"
10.22.196.10 - - [24/Sep/2014:14:18:41 +0530] "POST //rpc?st=-1%3A-1%3A*%3A*%3A*%3A0%3Adefault HTTP/1.1" 200 261 "https://10.22.196.10:9443/portal/" "Mozilla/5.0 (Windows NT 6.2; WOW64; rv:32.0) Gecko/20100101 Firefox/32.0"
10.22.196.10 - - [24/Sep/2014:14:18:41 +0530] "POST //rpc?st=-1%3A-1%3A*%3A*%3A*%3A0%3Adefault HTTP/1.1" 200 261 "https://10.22.196.10:9443/portal/" "Mozilla/5.0 (Windows NT 6.2; WOW64; rv:32.0) Gecko/20100101 Firefox/32.0"
0:0:0:0:0:0:0:1 - - [24/Sep/2014:14:18:45 +0530] "POST /sso/samlsso.jag HTTP/1.1" 302 - "https://10.22.196.10:9443/portal/" "Mozilla/5.0 (Windows NT 6.2; WOW64; rv:32.0) Gecko/20100101 Firefox/32.0"
0:0:0:0:0:0:0:1 - - [24/Sep/2014:14:18:45 +0530] "GET /sso/login.jag HTTP/1.1" 200 1670 "https://10.22.196.10:9443/portal/" "Mozilla/5.0 (Windows NT 6.2; WOW64; rv:32.0) Gecko/20100101 Firefox/32.0"
0:0:0:0:0:0:0:1 - - [24/Sep/2014:14:18:45 +0530] "GET /assets/ico/favicon.png HTTP/1.1" 404 995 "-" "Mozilla/5.0 (Windows NT 6.2; WOW64; rv:32.0) Gecko/20100101 Firefox/32.0"
0:0:0:0:0:0:0:1 - - [24/Sep/2014:14:18:45 +0530] "GET /assets/ico/favicon.png HTTP/1.1" 404 995 "-" "Mozilla/5.0 (Windows NT 6.2; WOW64; rv:32.0) Gecko/20100101 Firefox/32.0"
0:0:0:0:0:0:0:1 - - [24/Sep/2014:14:18:45 +0530] "GET /sso/font/fontawesome-webfont.woff?v=3.2.1 HTTP/1.1" 304 - "https://localhost:9443/sso/css/font-awesome.min.css" "Mozilla/5.0 (Windows NT 6.2; WOW64; rv:32.0) Gecko/20100101 Firefox/32.0"
0:0:0:0:0:0:0:1 - - [24/Sep/2014:14:18:47 +0530] "POST /sso/samlsso.jag HTTP/1.1" 200 2024 "https://localhost:9443/sso/login.jag" "Mozilla/5.0 (Windows NT 6.2; WOW64; rv:32.0) Gecko/20100101 Firefox/32.0"
0:0:0:0:0:0:0:1 - - [24/Sep/2014:14:18:47 +0530] "GET /favicon.ico HTTP/1.1" 404 973 "-" "Mozilla/5.0 (Windows NT 6.2; WOW64; rv:32.0) Gecko/20100101 Firefox/32.0"
0:0:0:0:0:0:0:1 - - [24/Sep/2014:14:18:47 +0530] "GET /favicon.ico HTTP/1.1" 404 973 "-" "Mozilla/5.0 (Windows NT 6.2; WOW64; rv:32.0) Gecko/20100101 Firefox/32.0"
0:0:0:0:0:0:0:1 - - [24/Sep/2014:14:18:47 +0530] "POST /portal/sso.jag HTTP/1.1" 302 - "https://localhost:9443/sso/samlsso.jag" "Mozilla/5.0 (Windows NT 6.2; WOW64; rv:32.0) Gecko/20100101 Firefox/32.0"
0:0:0:0:0:0:0:1 - - [24/Sep/2014:14:18:47 +0530] "GET /portal HTTP/1.1" 302 - "https://localhost:9443/sso/samlsso.jag" "Mozilla/5.0 (Windows NT 6.2; WOW64; rv:32.0) Gecko/20100101 Firefox/32.0"
0:0:0:0:0:0:0:1 - - [24/Sep/2014:14:18:47 +0530] "GET /portal/ HTTP/1.1" 302 - "https://localhost:9443/sso/samlsso.jag" "Mozilla/5.0 (Windows NT 6.2; WOW64; rv:32.0) Gecko/20100101 Firefox/32.0"
0:0:0:0:0:0:0:1 - - [24/Sep/2014:14:18:47 +0530] "GET /portal/dashboard.jag HTTP/1.1" 200 3114 "https://localhost:9443/sso/samlsso.jag" "Mozilla/5.0 (Windows NT 6.2; WOW64; rv:32.0) Gecko/20100101 Firefox/32.0"
0:0:0:0:0:0:0:1 - - [24/Sep/2014:14:18:48 +0530] "GET /portal/themes/portal/favicon.ico HTTP/1.1" 404 898 "-" "Mozilla/5.0 (Windows NT 6.2; WOW64; rv:32.0) Gecko/20100101 Firefox/32.0"
0:0:0:0:0:0:0:1 - - [24/Sep/2014:14:18:48 +0530] "GET /portal/themes/portal/font/fontawesome-webfont.woff?v=3.2.1 HTTP/1.1" 304 - "https://localhost:9443/portal/themes/portal/css/font-awesome.min.css" "Mozilla/5.0 (Windows NT 6.2; WOW64; rv:32.0) Gecko/20100101 Firefox/32.0"
0:0:0:0:0:0:0:1 - - [24/Sep/2014:14:18:48 +0530] "GET /portal/themes/portal/favicon.ico HTTP/1.1" 404 898 "-" "Mozilla/5.0 (Windows NT 6.2; WOW64; rv:32.0) Gecko/20100101 Firefox/32.0"
0:0:0:0:0:0:0:1 - - [24/Sep/2014:14:18:48 +0530] "GET /portal/apis/browser.jag?action=browse&cmd=open&target=&init=1&tree=1&_=1411548528327 HTTP/1.1" 200 1073 "https://localhost:9443/portal/dashboard.jag" "Mozilla/5.0 (Windows NT 6.2; WOW64; rv:32.0) Gecko/20100101 Firefox/32.0"
0:0:0:0:0:0:0:1 - - [24/Sep/2014:14:18:53 +0530] "GET /innovation-dashboard HTTP/1.1" 302 - "https://localhost:9443/portal/dashboard.jag" "Mozilla/5.0 (Windows NT 6.2; WOW64; rv:32.0) Gecko/20100101 Firefox/32.0"
0:0:0:0:0:0:0:1 - - [24/Sep/2014:14:18:53 +0530] "GET /innovation-dashboard/ HTTP/1.1" 302 - "https://localhost:9443/portal/dashboard.jag" "Mozilla/5.0 (Windows NT 6.2; WOW64; rv:32.0) Gecko/20100101 Firefox/32.0"
0:0:0:0:0:0:0:1 - - [24/Sep/2014:14:18:53 +0530] "GET /innovation-dashboard/login HTTP/1.1" 200 1394 "https://localhost:9443/portal/dashboard.jag" "Mozilla/5.0 (Windows NT 6.2; WOW64; rv:32.0) Gecko/20100101 Firefox/32.0"
0:0:0:0:0:0:0:1 - - [24/Sep/2014:14:18:53 +0530] "POST /sso/samlsso.jag HTTP/1.1" 200 2027 "https://localhost:9443/innovation-dashboard/login" "Mozilla/5.0 (Windows NT 6.2; WOW64; rv:32.0) Gecko/20100101 Firefox/32.0"
0:0:0:0:0:0:0:1 - - [24/Sep/2014:14:18:53 +0530] "POST /innovation-dashboard/sso HTTP/1.1" 302 - "https://localhost:9443/sso/samlsso.jag" "Mozilla/5.0 (Windows NT 6.2; WOW64; rv:32.0) Gecko/20100101 Firefox/32.0"
0:0:0:0:0:0:0:1 - - [24/Sep/2014:14:18:53 +0530] "GET /innovation-dashboard HTTP/1.1" 302 - "https://localhost:9443/sso/samlsso.jag" "Mozilla/5.0 (Windows NT 6.2; WOW64; rv:32.0) Gecko/20100101 Firefox/32.0"
0:0:0:0:0:0:0:1 - - [24/Sep/2014:14:18:53 +0530] "GET /innovation-dashboard/ HTTP/1.1" 200 2542 "https://localhost:9443/sso/samlsso.jag" "Mozilla/5.0 (Windows NT 6.2; WOW64; rv:32.0) Gecko/20100101 Firefox/32.0"
127.0.0.1 - - [24/Sep/2014:14:18:54 +0530] "GET /portal/gadgets/show-assets/show-assets.xml HTTP/1.1" 200 1769 "-" "Apache Shindig"
0:0:0:0:0:0:0:1 - - [24/Sep/2014:14:18:54 +0530] "GET /innovation-dashboard/font/fontawesome-webfont.woff?v=3.2.1 HTTP/1.1" 304 - "https://localhost:9443/innovation-dashboard/css/font-awesome.min.css" "Mozilla/5.0 (Windows NT 6.2; WOW64; rv:32.0) Gecko/20100101 Firefox/32.0"
0:0:0:0:0:0:0:1 - - [24/Sep/2014:14:18:54 +0530] "GET /innovation-dashboard/apis/ues/layout/ HTTP/1.1" 200 1749 "https://localhost:9443/innovation-dashboard/" "Mozilla/5.0 (Windows NT 6.2; WOW64; rv:32.0) Gecko/20100101 Firefox/32.0"
0:0:0:0:0:0:0:1 - - [24/Sep/2014:14:18:54 +0530] "POST //rpc?st=-1%3A-1%3A*%3A*%3A*%3A0%3Adefault HTTP/1.1" 200 1473 "https://localhost:9443/innovation-dashboard/" "Mozilla/5.0 (Windows NT 6.2; WOW64; rv:32.0) Gecko/20100101 Firefox/32.0"
127.0.0.1 - - [24/Sep/2014:14:18:54 +0530] "GET /portal/gadgets/global-innovation-index-2013/global-innovation-index-2013.xml HTTP/1.1" 200 923 "-" "Apache Shindig"
127.0.0.1 - - [24/Sep/2014:14:18:54 +0530] "GET /portal/gadgets/gii-2013-business-sophistication/gii-2013-business-sophistication.xml HTTP/1.1" 200 948 "-" "Apache Shindig"
0:0:0:0:0:0:0:1 - - [24/Sep/2014:14:18:54 +0530] "POST //rpc?st=-1%3A-1%3A*%3A*%3A*%3A0%3Adefault HTTP/1.1" 200 1699 "https://localhost:9443/innovation-dashboard/" "Mozilla/5.0 (Windows NT 6.2; WOW64; rv:32.0) Gecko/20100101 Firefox/32.0"
0:0:0:0:0:0:0:1 - - [24/Sep/2014:14:18:54 +0530] "POST //rpc?st=-1%3A-1%3A*%3A*%3A*%3A0%3Adefault HTTP/1.1" 200 1626 "https://localhost:9443/innovation-dashboard/" "Mozilla/5.0 (Windows NT 6.2; WOW64; rv:32.0) Gecko/20100101 Firefox/32.0"
127.0.0.1 - - [24/Sep/2014:14:18:54 +0530] "GET /portal/gadgets/gii-2013-business-sophistication/gii-2013-business-sophistication.xml HTTP/1.1" 200 948 "-" "Apache Shindig"
127.0.0.1 - - [24/Sep/2014:14:18:54 +0530] "GET /portal/gadgets/show-assets/show-assets.xml HTTP/1.1" 200 1769 "-" "Apache Shindig"
127.0.0.1 - - [24/Sep/2014:14:18:54 +0530] "GET /portal/gadgets/publication-chart/publication-chart.xml HTTP/1.1" 200 1390 "-" "Apache Shindig"
0:0:0:0:0:0:0:1 - - [24/Sep/2014:14:18:54 +0530] "POST //rpc?st=-1%3A-1%3A*%3A*%3A*%3A0%3Adefault HTTP/1.1" 200 1732 "https://localhost:9443/innovation-dashboard/" "Mozilla/5.0 (Windows NT 6.2; WOW64; rv:32.0) Gecko/20100101 Firefox/32.0"
127.0.0.1 - - [24/Sep/2014:14:18:54 +0530] "GET /portal/gadgets/organization-map/organization-map.xml HTTP/1.1" 200 1502 "-" "Apache Shindig"
127.0.0.1 - - [24/Sep/2014:14:18:54 +0530] "GET /portal/gadgets/gii-2013-creative-outputs/gii-2013-creative-outputs.xml HTTP/1.1" 200 944 "-" "Apache Shindig"
127.0.0.1 - - [24/Sep/2014:14:18:54 +0530] "GET /portal/gadgets/global-innovation-index-2013/global-innovation-index-2013.xml HTTP/1.1" 200 923 "-" "Apache Shindig"
0:0:0:0:0:0:0:1 - - [24/Sep/2014:14:18:54 +0530] "POST //rpc?st=-1%3A-1%3A*%3A*%3A*%3A0%3Adefault HTTP/1.1" 200 1629 "https://localhost:9443/innovation-dashboard/" "Mozilla/5.0 (Windows NT 6.2; WOW64; rv:32.0) Gecko/20100101 Firefox/32.0"
0:0:0:0:0:0:0:1 - - [24/Sep/2014:14:18:54 +0530] "POST //rpc?st=-1%3A-1%3A*%3A*%3A*%3A0%3Adefault HTTP/1.1" 200 1313 "https://localhost:9443/innovation-dashboard/" "Mozilla/5.0 (Windows NT 6.2; WOW64; rv:32.0) Gecko/20100101 Firefox/32.0"
127.0.0.1 - - [24/Sep/2014:14:18:54 +0530] "GET /portal/gadgets/people-chart/people-chart.xml HTTP/1.1" 200 858 "-" "Apache Shindig"
0:0:0:0:0:0:0:1 - - [24/Sep/2014:14:18:54 +0530] "POST //rpc?st=-1%3A-1%3A*%3A*%3A*%3A0%3Adefault HTTP/1.1" 200 1245 "https://localhost:9443/innovation-dashboard/" "Mozilla/5.0 (Windows NT 6.2; WOW64; rv:32.0) Gecko/20100101 Firefox/32.0"
