0:0:0:0:0:0:0:1 - - [24/Sep/2014:14:21:40 +0530] "POST /portal/sso.jag HTTP/1.1" 302 - "https://localhost:9443/sso/samlsso.jag" "Mozilla/5.0 (Windows NT 6.2; WOW64; rv:32.0) Gecko/20100101 Firefox/32.0"
0:0:0:0:0:0:0:1 - - [24/Sep/2014:14:21:40 +0530] "GET /portal HTTP/1.1" 302 - "https://localhost:9443/sso/samlsso.jag" "Mozilla/5.0 (Windows NT 6.2; WOW64; rv:32.0) Gecko/20100101 Firefox/32.0"
0:0:0:0:0:0:0:1 - - [24/Sep/2014:14:21:40 +0530] "GET /portal/ HTTP/1.1" 302 - "https://localhost:9443/sso/samlsso.jag" "Mozilla/5.0 (Windows NT 6.2; WOW64; rv:32.0) Gecko/20100101 Firefox/32.0"
0:0:0:0:0:0:0:1 - - [24/Sep/2014:14:21:41 +0530] "GET /portal/dashboard.jag HTTP/1.1" 200 3114 "https://localhost:9443/sso/samlsso.jag" "Mozilla/5.0 (Windows NT 6.2; WOW64; rv:32.0) Gecko/20100101 Firefox/32.0"
0:0:0:0:0:0:0:1 - - [24/Sep/2014:14:21:42 +0530] "GET /portal/apis/browser.jag?action=browse&cmd=open&target=&init=1&tree=1&_=1411548701776 HTTP/1.1" 200 1073 "https://localhost:9443/portal/dashboard.jag" "Mozilla/5.0 (Windows NT 6.2; WOW64; rv:32.0) Gecko/20100101 Firefox/32.0"
0:0:0:0:0:0:0:1 - - [24/Sep/2014:14:21:44 +0530] "GET /innovation-dashboard HTTP/1.1" 302 - "https://localhost:9443/portal/dashboard.jag" "Mozilla/5.0 (Windows NT 6.2; WOW64; rv:32.0) Gecko/20100101 Firefox/32.0"
0:0:0:0:0:0:0:1 - - [24/Sep/2014:14:21:44 +0530] "GET /innovation-dashboard/ HTTP/1.1" 302 - "https://localhost:9443/portal/dashboard.jag" "Mozilla/5.0 (Windows NT 6.2; WOW64; rv:32.0) Gecko/20100101 Firefox/32.0"
0:0:0:0:0:0:0:1 - - [24/Sep/2014:14:21:44 +0530] "GET /innovation-dashboard/login HTTP/1.1" 200 1390 "https://localhost:9443/portal/dashboard.jag" "Mozilla/5.0 (Windows NT 6.2; WOW64; rv:32.0) Gecko/20100101 Firefox/32.0"
0:0:0:0:0:0:0:1 - - [24/Sep/2014:14:21:44 +0530] "POST /sso/samlsso.jag HTTP/1.1" 200 2031 "https://localhost:9443/innovation-dashboard/login" "Mozilla/5.0 (Windows NT 6.2; WOW64; rv:32.0) Gecko/20100101 Firefox/32.0"
0:0:0:0:0:0:0:1 - - [24/Sep/2014:14:21:44 +0530] "POST /innovation-dashboard/sso HTTP/1.1" 302 - "https://localhost:9443/sso/samlsso.jag" "Mozilla/5.0 (Windows NT 6.2; WOW64; rv:32.0) Gecko/20100101 Firefox/32.0"
0:0:0:0:0:0:0:1 - - [24/Sep/2014:14:21:44 +0530] "GET /innovation-dashboard HTTP/1.1" 302 - "https://localhost:9443/sso/samlsso.jag" "Mozilla/5.0 (Windows NT 6.2; WOW64; rv:32.0) Gecko/20100101 Firefox/32.0"
0:0:0:0:0:0:0:1 - - [24/Sep/2014:14:21:44 +0530] "GET /innovation-dashboard/ HTTP/1.1" 200 2542 "https://localhost:9443/sso/samlsso.jag" "Mozilla/5.0 (Windows NT 6.2; WOW64; rv:32.0) Gecko/20100101 Firefox/32.0"
127.0.0.1 - - [24/Sep/2014:14:21:44 +0530] "GET /portal/gadgets/show-assets/show-assets.xml HTTP/1.1" 200 1769 "-" "Apache Shindig"
0:0:0:0:0:0:0:1 - - [24/Sep/2014:14:21:44 +0530] "GET /innovation-dashboard/font/fontawesome-webfont.woff?v=3.2.1 HTTP/1.1" 304 - "https://localhost:9443/innovation-dashboard/css/font-awesome.min.css" "Mozilla/5.0 (Windows NT 6.2; WOW64; rv:32.0) Gecko/20100101 Firefox/32.0"
0:0:0:0:0:0:0:1 - - [24/Sep/2014:14:21:44 +0530] "POST //rpc?st=-1%3A-1%3A*%3A*%3A*%3A0%3Adefault HTTP/1.1" 200 1473 "https://localhost:9443/innovation-dashboard/" "Mozilla/5.0 (Windows NT 6.2; WOW64; rv:32.0) Gecko/20100101 Firefox/32.0"
0:0:0:0:0:0:0:1 - - [24/Sep/2014:14:21:44 +0530] "GET /innovation-dashboard/apis/ues/layout/ HTTP/1.1" 200 1749 "https://localhost:9443/innovation-dashboard/" "Mozilla/5.0 (Windows NT 6.2; WOW64; rv:32.0) Gecko/20100101 Firefox/32.0"
127.0.0.1 - - [24/Sep/2014:14:21:45 +0530] "GET /portal/gadgets/global-innovation-index-2013/global-innovation-index-2013.xml HTTP/1.1" 200 916 "-" "Apache Shindig"
127.0.0.1 - - [24/Sep/2014:14:21:45 +0530] "GET /portal/gadgets/gii-2013-business-sophistication/gii-2013-business-sophistication.xml HTTP/1.1" 200 948 "-" "Apache Shindig"
127.0.0.1 - - [24/Sep/2014:14:21:45 +0530] "GET /portal/gadgets/gii-2013-creative-outputs/gii-2013-creative-outputs.xml HTTP/1.1" 200 944 "-" "Apache Shindig"
0:0:0:0:0:0:0:1 - - [24/Sep/2014:14:21:45 +0530] "POST //rpc?st=-1%3A-1%3A*%3A*%3A*%3A0%3Adefault HTTP/1.1" 200 1699 "https://localhost:9443/innovation-dashboard/" "Mozilla/5.0 (Windows NT 6.2; WOW64; rv:32.0) Gecko/20100101 Firefox/32.0"
0:0:0:0:0:0:0:1 - - [24/Sep/2014:14:21:45 +0530] "POST //rpc?st=-1%3A-1%3A*%3A*%3A*%3A0%3Adefault HTTP/1.1" 200 1627 "https://localhost:9443/innovation-dashboard/" "Mozilla/5.0 (Windows NT 6.2; WOW64; rv:32.0) Gecko/20100101 Firefox/32.0"
0:0:0:0:0:0:0:1 - - [24/Sep/2014:14:21:45 +0530] "POST //rpc?st=-1%3A-1%3A*%3A*%3A*%3A0%3Adefault HTTP/1.1" 200 1629 "https://localhost:9443/innovation-dashboard/" "Mozilla/5.0 (Windows NT 6.2; WOW64; rv:32.0) Gecko/20100101 Firefox/32.0"
127.0.0.1 - - [24/Sep/2014:14:21:45 +0530] "GET /portal/gadgets/show-assets/show-assets.xml HTTP/1.1" 200 1769 "-" "Apache Shindig"
0:0:0:0:0:0:0:1 - - [24/Sep/2014:14:21:45 +0530] "GET //gadgets/ifr?url=http%3A%2F%2Flocalhost%3A9763%2Fportal%2Fgadgets%2Fshow-assets%2Fshow-assets.xml&container=default&view=default&lang=en&country=US&debug=1&nocache=1&sanitize=0&v=d8213105a7083aec18c9bce3596dddd0&testmode=0&parent=https%3A%2F%2Flocalhost%3A9443&mid=0 HTTP/1.1" 304 - "https://localhost:9443/innovation-dashboard/" "Mozilla/5.0 (Windows NT 6.2; WOW64; rv:32.0) Gecko/20100101 Firefox/32.0"
127.0.0.1 - - [24/Sep/2014:14:21:45 +0530] "GET /portal/gadgets/gii-2013-business-sophistication/gii-2013-business-sophistication.xml HTTP/1.1" 200 948 "-" "Apache Shindig"
127.0.0.1 - - [24/Sep/2014:14:21:45 +0530] "GET /portal/gadgets/publication-chart/publication-chart.xml HTTP/1.1" 200 1390 "-" "Apache Shindig"
0:0:0:0:0:0:0:1 - - [24/Sep/2014:14:21:45 +0530] "POST //rpc?st=-1%3A-1%3A*%3A*%3A*%3A0%3Adefault HTTP/1.1" 200 1732 "https://localhost:9443/innovation-dashboard/" "Mozilla/5.0 (Windows NT 6.2; WOW64; rv:32.0) Gecko/20100101 Firefox/32.0"
127.0.0.1 - - [24/Sep/2014:14:21:45 +0530] "GET /portal/gadgets/gii-2013-creative-outputs/gii-2013-creative-outputs.xml HTTP/1.1" 200 944 "-" "Apache Shindig"
127.0.0.1 - - [24/Sep/2014:14:21:45 +0530] "GET /portal/gadgets/organization-map/organization-map.xml HTTP/1.1" 200 1502 "-" "Apache Shindig"
0:0:0:0:0:0:0:1 - - [24/Sep/2014:14:21:45 +0530] "GET //gadgets/ifr?url=http%3A%2F%2Flocalhost%3A9763%2Fportal%2Fgadgets%2Fgii-2013-creative-outputs%2Fgii-2013-creative-outputs.xml&container=default&view=default&lang=en&country=US&debug=1&nocache=1&sanitize=0&v=d8213105a7083aec18c9bce3596dddd0&testmode=0&parent=https%3A%2F%2Flocalhost%3A9443&mid=0 HTTP/1.1" 304 - "https://localhost:9443/innovation-dashboard/" "Mozilla/5.0 (Windows NT 6.2; WOW64; rv:32.0) Gecko/20100101 Firefox/32.0"
0:0:0:0:0:0:0:1 - - [24/Sep/2014:14:21:45 +0530] "GET //gadgets/ifr?url=http%3A%2F%2Flocalhost%3A9763%2Fportal%2Fgadgets%2Fgii-2013-business-sophistication%2Fgii-2013-business-sophistication.xml&container=default&view=default&lang=en&country=US&debug=1&nocache=1&sanitize=0&v=d8213105a7083aec18c9bce3596dddd0&testmode=0&parent=https%3A%2F%2Flocalhost%3A9443&mid=0 HTTP/1.1" 304 - "https://localhost:9443/innovation-dashboard/" "Mozilla/5.0 (Windows NT 6.2; WOW64; rv:32.0) Gecko/20100101 Firefox/32.0"
0:0:0:0:0:0:0:1 - - [24/Sep/2014:14:21:45 +0530] "POST //rpc?st=-1%3A-1%3A*%3A*%3A*%3A0%3Adefault HTTP/1.1" 200 1313 "https://localhost:9443/innovation-dashboard/" "Mozilla/5.0 (Windows NT 6.2; WOW64; rv:32.0) Gecko/20100101 Firefox/32.0"
127.0.0.1 - - [24/Sep/2014:14:21:45 +0530] "GET /portal/gadgets/show-assets/css/styles.css HTTP/1.1" 200 2062 "-" "Apache Shindig"
127.0.0.1 - - [24/Sep/2014:14:21:45 +0530] "GET /portal/gadgets/show-assets/css/bootstrap.min.css HTTP/1.1" 200 15959 "-" "Apache Shindig"
127.0.0.1 - - [24/Sep/2014:14:21:45 +0530] "GET /portal/gadgets/publication-chart/publication-chart.xml HTTP/1.1" 200 1390 "-" "Apache Shindig"
127.0.0.1 - - [24/Sep/2014:14:21:45 +0530] "GET /portal/gadgets/global-innovation-index-2013/global-innovation-index-2013.xml HTTP/1.1" 200 916 "-" "Apache Shindig"
127.0.0.1 - - [24/Sep/2014:14:21:45 +0530] "GET /portal/gadgets/show-assets/show-assets.xml HTTP/1.1" 200 1769 "-" "Apache Shindig"
127.0.0.1 - - [24/Sep/2014:14:21:45 +0530] "GET /portal/gadgets/people-chart/people-chart.xml HTTP/1.1" 200 858 "-" "Apache Shindig"
0:0:0:0:0:0:0:1 - - [24/Sep/2014:14:21:45 +0530] "GET //gadgets/ifr?url=http%3A%2F%2Flocalhost%3A9763%2Fportal%2Fgadgets%2Fglobal-innovation-index-2013%2Fglobal-innovation-index-2013.xml&container=default&view=default&lang=en&country=US&debug=1&nocache=1&sanitize=0&v=d8213105a7083aec18c9bce3596dddd0&testmode=0&parent=https%3A%2F%2Flocalhost%3A9443&mid=0 HTTP/1.1" 200 1451 "https://localhost:9443/innovation-dashboard/" "Mozilla/5.0 (Windows NT 6.2; WOW64; rv:32.0) Gecko/20100101 Firefox/32.0"
0:0:0:0:0:0:0:1 - - [24/Sep/2014:14:21:45 +0530] "POST //rpc?st=-1%3A-1%3A*%3A*%3A*%3A0%3Adefault HTTP/1.1" 200 1245 "https://localhost:9443/innovation-dashboard/" "Mozilla/5.0 (Windows NT 6.2; WOW64; rv:32.0) Gecko/20100101 Firefox/32.0"
0:0:0:0:0:0:0:1 - - [24/Sep/2014:14:21:45 +0530] "GET //gadgets/ifr?url=http%3A%2F%2Flocalhost%3A9763%2Fportal%2Fgadgets%2Fpublication-chart%2Fpublication-chart.xml&container=default&view=default&lang=en&country=US&debug=1&nocache=1&sanitize=0&v=d8213105a7083aec18c9bce3596dddd0&testmode=0&parent=https%3A%2F%2Flocalhost%3A9443&mid=0 HTTP/1.1" 304 - "https://localhost:9443/innovation-dashboard/" "Mozilla/5.0 (Windows NT 6.2; WOW64; rv:32.0) Gecko/20100101 Firefox/32.0"
127.0.0.1 - - [24/Sep/2014:14:21:45 +0530] "GET /portal/themes/portal/css/bootstrap.min.css HTTP/1.1" 200 18754 "-" "Apache Shindig"
127.0.0.1 - - [24/Sep/2014:14:21:45 +0530] "GET /portal/themes/portal/css/flot-graph.css HTTP/1.1" 200 1294 "-" "Apache Shindig"
127.0.0.1 - - [24/Sep/2014:14:21:45 +0530] "GET /portal/gadgets/organization-map/organization-map.xml HTTP/1.1" 200 1502 "-" "Apache Shindig"
127.0.0.1 - - [24/Sep/2014:14:21:45 +0530] "GET /portal/gadgets/gii-2013-creative-outputs/css/gii-2013-creative-outputs.css HTTP/1.1" 200 279 "-" "Apache Shindig"
127.0.0.1 - - [24/Sep/2014:14:21:45 +0530] "GET /portal/gadgets/gii-2013-business-sophistication/css/gii-2013-business-sophistication.css HTTP/1.1" 200 279 "-" "Apache Shindig"
127.0.0.1 - - [24/Sep/2014:14:21:45 +0530] "GET /portal/gadgets/gii-2013-creative-outputs/gii-2013-creative-outputs.xml HTTP/1.1" 200 944 "-" "Apache Shindig"
127.0.0.1 - - [24/Sep/2014:14:21:45 +0530] "GET /portal/themes/portal/css/flot-graph.css HTTP/1.1" 200 1294 "-" "Apache Shindig"
127.0.0.1 - - [24/Sep/2014:14:21:45 +0530] "GET /portal/gadgets/gii-2013-business-sophistication/gii-2013-business-sophistication.xml HTTP/1.1" 200 948 "-" "Apache Shindig"
127.0.0.1 - - [24/Sep/2014:14:21:45 +0530] "GET /portal/themes/portal/css/bootstrap.min.css HTTP/1.1" 200 18754 "-" "Apache Shindig"
0:0:0:0:0:0:0:1 - - [24/Sep/2014:14:21:45 +0530] "GET //gadgets/ifr?url=http%3A%2F%2Flocalhost%3A9763%2Fportal%2Fgadgets%2Forganization-map%2Forganization-map.xml&container=default&view=default&lang=en&country=US&debug=1&nocache=1&sanitize=0&v=d8213105a7083aec18c9bce3596dddd0&testmode=0&parent=https%3A%2F%2Flocalhost%3A9443&mid=0 HTTP/1.1" 304 - "https://localhost:9443/innovation-dashboard/" "Mozilla/5.0 (Windows NT 6.2; WOW64; rv:32.0) Gecko/20100101 Firefox/32.0"
127.0.0.1 - - [24/Sep/2014:14:21:45 +0530] "GET /portal/gadgets/gii-2013-creative-outputs/gii-2013-creative-outputs.xml HTTP/1.1" 200 944 "-" "Apache Shindig"
127.0.0.1 - - [24/Sep/2014:14:21:45 +0530] "GET /portal/gadgets/gii-2013-business-sophistication/gii-2013-business-sophistication.xml HTTP/1.1" 200 948 "-" "Apache Shindig"
127.0.0.1 - - [24/Sep/2014:14:21:46 +0530] "GET /portal/themes/portal/css/flot-graph.css HTTP/1.1" 200 1294 "-" "Apache Shindig"
127.0.0.1 - - [24/Sep/2014:14:21:46 +0530] "GET /portal/gadgets/global-innovation-index-2013/global-innovation-index-2013.xml HTTP/1.1" 200 916 "-" "Apache Shindig"
127.0.0.1 - - [24/Sep/2014:14:21:46 +0530] "GET /portal/gadgets/people-chart/people-chart.xml HTTP/1.1" 200 858 "-" "Apache Shindig"
0:0:0:0:0:0:0:1 - - [24/Sep/2014:14:21:46 +0530] "GET //gadgets/ifr?url=http%3A%2F%2Flocalhost%3A9763%2Fportal%2Fgadgets%2Fpeople-chart%2Fpeople-chart.xml&container=default&view=default&lang=en&country=US&debug=1&nocache=1&sanitize=0&v=d8213105a7083aec18c9bce3596dddd0&testmode=0&parent=https%3A%2F%2Flocalhost%3A9443&mid=0 HTTP/1.1" 304 - "https://localhost:9443/innovation-dashboard/" "Mozilla/5.0 (Windows NT 6.2; WOW64; rv:32.0) Gecko/20100101 Firefox/32.0"
127.0.0.1 - - [24/Sep/2014:14:21:46 +0530] "GET /portal/gadgets/publication-chart/jslider/css/jslider.css HTTP/1.1" 200 736 "-" "Apache Shindig"
127.0.0.1 - - [24/Sep/2014:14:21:46 +0530] "GET /portal/gadgets/global-innovation-index-2013/css/global-innovation-index-2013.css HTTP/1.1" 200 279 "-" "Apache Shindig"
127.0.0.1 - - [24/Sep/2014:14:21:46 +0530] "GET /portal/themes/portal/css/bootstrap.min.css HTTP/1.1" 200 18754 "-" "Apache Shindig"
127.0.0.1 - - [24/Sep/2014:14:21:46 +0530] "GET /portal/gadgets/publication-chart/jslider/css/jslider.plastic.css HTTP/1.1" 200 126 "-" "Apache Shindig"
127.0.0.1 - - [24/Sep/2014:14:21:46 +0530] "GET /portal/themes/portal/css/bootstrap.min.css HTTP/1.1" 200 18754 "-" "Apache Shindig"
127.0.0.1 - - [24/Sep/2014:14:21:46 +0530] "GET /portal/gadgets/publication-chart/css/d3-graph.css HTTP/1.1" 200 424 "-" "Apache Shindig"
127.0.0.1 - - [24/Sep/2014:14:21:46 +0530] "GET /portal/gadgets/publication-chart/jslider/css/jslider.round.css HTTP/1.1" 200 216 "-" "Apache Shindig"
127.0.0.1 - - [24/Sep/2014:14:21:46 +0530] "GET /portal/themes/portal/css/flot-graph.css HTTP/1.1" 200 1294 "-" "Apache Shindig"
127.0.0.1 - - [24/Sep/2014:14:21:46 +0530] "GET /portal/gadgets/global-innovation-index-2013/global-innovation-index-2013.xml HTTP/1.1" 200 916 "-" "Apache Shindig"
127.0.0.1 - - [24/Sep/2014:14:21:46 +0530] "GET /portal/gadgets/publication-chart/jslider/css/jslider.round.plastic.css HTTP/1.1" 200 248 "-" "Apache Shindig"
127.0.0.1 - - [24/Sep/2014:14:21:46 +0530] "GET /portal/gadgets/publication-chart/jslider/css/jslider.blue.css HTTP/1.1" 200 119 "-" "Apache Shindig"
127.0.0.1 - - [24/Sep/2014:14:21:46 +0530] "GET /portal/gadgets/publication-chart/publication-chart.xml HTTP/1.1" 200 1390 "-" "Apache Shindig"
127.0.0.1 - - [24/Sep/2014:14:21:46 +0530] "GET /portal/gadgets/publication-chart/publication-chart.xml HTTP/1.1" 200 1390 "-" "Apache Shindig"
127.0.0.1 - - [24/Sep/2014:14:21:46 +0530] "GET /portal/themes/portal/css/bootstrap.min.css HTTP/1.1" 200 18754 "-" "Apache Shindig"
127.0.0.1 - - [24/Sep/2014:14:21:46 +0530] "GET /portal/themes/portal/css/flot-graph.css HTTP/1.1" 200 1294 "-" "Apache Shindig"
127.0.0.1 - - [24/Sep/2014:14:21:46 +0530] "GET /portal/gadgets/organization-map/organization-map.xml HTTP/1.1" 200 1502 "-" "Apache Shindig"
127.0.0.1 - - [24/Sep/2014:14:21:46 +0530] "GET /portal/gadgets/organization-map/organization-map.xml HTTP/1.1" 200 1502 "-" "Apache Shindig"
127.0.0.1 - - [24/Sep/2014:14:21:48 +0530] "GET /portal/gadgets/show-assets/show-assets.xml HTTP/1.1" 200 1769 "-" "Apache Shindig"
0:0:0:0:0:0:0:1 - - [24/Sep/2014:14:21:48 +0530] "GET //gadgets/concat?container=default&gadget=http%3A%2F%2Flocalhost%3A9763%2Fportal%2Fgadgets%2Fshow-assets%2Fshow-assets.xml&debug=1&nocache=1&type=css&1=http%3A%2F%2Flocalhost%3A9763%2Fportal%2Fgadgets%2Fshow-assets%2Fcss%2Fbootstrap.min.css&2=http%3A%2F%2Flocalhost%3A9763%2Fportal%2Fgadgets%2Fshow-assets%2Fcss%2Fstyles.css HTTP/1.1" 304 - "https://localhost:9443//gadgets/ifr?url=http%3A%2F%2Flocalhost%3A9763%2Fportal%2Fgadgets%2Fshow-assets%2Fshow-assets.xml&container=default&view=default&lang=en&country=US&debug=1&nocache=1&sanitize=0&v=d8213105a7083aec18c9bce3596dddd0&testmode=0&parent=https%3A%2F%2Flocalhost%3A9443&mid=0" "Mozilla/5.0 (Windows NT 6.2; WOW64; rv:32.0) Gecko/20100101 Firefox/32.0"
127.0.0.1 - - [24/Sep/2014:14:21:48 +0530] "GET /portal/gadgets/show-assets/js/load-assets.js HTTP/1.1" 200 2901 "-" "Apache Shindig"
0:0:0:0:0:0:0:1 - - [24/Sep/2014:14:21:48 +0530] "GET //gadgets/concat?container=default&gadget=http%3A%2F%2Flocalhost%3A9763%2Fportal%2Fgadgets%2Forganization-map%2Forganization-map.xml&debug=1&nocache=1&type=css&1=http%3A%2F%2Flocalhost%3A9763%2Fportal%2Fthemes%2Fportal%2Fcss%2Fflot-graph.css&2=http%3A%2F%2Flocalhost%3A9763%2Fportal%2Fthemes%2Fportal%2Fcss%2Fbootstrap.min.css HTTP/1.1" 304 - "https://localhost:9443//gadgets/ifr?url=http%3A%2F%2Flocalhost%3A9763%2Fportal%2Fgadgets%2Forganization-map%2Forganization-map.xml&container=default&view=default&lang=en&country=US&debug=1&nocache=1&sanitize=0&v=d8213105a7083aec18c9bce3596dddd0&testmode=0&parent=https%3A%2F%2Flocalhost%3A9443&mid=0" "Mozilla/5.0 (Windows NT 6.2; WOW64; rv:32.0) Gecko/20100101 Firefox/32.0"
127.0.0.1 - - [24/Sep/2014:14:21:48 +0530] "GET /portal/gadgets/show-assets/js/bootstrap.min.js HTTP/1.1" 200 4218 "-" "Apache Shindig"
127.0.0.1 - - [24/Sep/2014:14:21:48 +0530] "GET /portal/gadgets/show-assets/js/jquery.nicescroll.min.js HTTP/1.1" 200 14017 "-" "Apache Shindig"
127.0.0.1 - - [24/Sep/2014:14:21:48 +0530] "GET /portal/gadgets/show-assets/js/jquery-1.8.3.min.js HTTP/1.1" 200 33942 "-" "Apache Shindig"
127.0.0.1 - - [24/Sep/2014:14:21:48 +0530] "GET /portal/gadgets/publication-chart/publication-chart.xml HTTP/1.1" 200 1390 "-" "Apache Shindig"
0:0:0:0:0:0:0:1 - - [24/Sep/2014:14:21:48 +0530] "GET //gadgets/concat?container=default&gadget=http%3A%2F%2Flocalhost%3A9763%2Fportal%2Fgadgets%2Fgii-2013-business-sophistication%2Fgii-2013-business-sophistication.xml&debug=1&nocache=1&type=css&1=http%3A%2F%2Flocalhost%3A9763%2Fportal%2Fthemes%2Fportal%2Fcss%2Fflot-graph.css&2=http%3A%2F%2Flocalhost%3A9763%2Fportal%2Fthemes%2Fportal%2Fcss%2Fbootstrap.min.css&3=http%3A%2F%2Flocalhost%3A9763%2Fportal%2Fgadgets%2Fgii-2013-business-sophistication%2Fcss%2Fgii-2013-business-sophistication.css HTTP/1.1" 304 - "https://localhost:9443//gadgets/ifr?url=http%3A%2F%2Flocalhost%3A9763%2Fportal%2Fgadgets%2Fgii-2013-business-sophistication%2Fgii-2013-business-sophistication.xml&container=default&view=default&lang=en&country=US&debug=1&nocache=1&sanitize=0&v=d8213105a7083aec18c9bce3596dddd0&testmode=0&parent=https%3A%2F%2Flocalhost%3A9443&mid=0" "Mozilla/5.0 (Windows NT 6.2; WOW64; rv:32.0) Gecko/20100101 Firefox/32.0"
127.0.0.1 - - [24/Sep/2014:14:21:48 +0530] "GET /portal/gadgets/organization-map/js/organization-map-core.js HTTP/1.1" 200 1864 "-" "Apache Shindig"
127.0.0.1 - - [24/Sep/2014:14:21:48 +0530] "GET /portal/gadgets/gii-2013-business-sophistication/gii-2013-business-sophistication.xml HTTP/1.1" 200 948 "-" "Apache Shindig"
127.0.0.1 - - [24/Sep/2014:14:21:48 +0530] "GET /portal/gadgets/show-assets/js/jquery.validate.js HTTP/1.1" 200 10011 "-" "Apache Shindig"
127.0.0.1 - - [24/Sep/2014:14:21:48 +0530] "GET /portal/gadgets/gii-2013-creative-outputs/gii-2013-creative-outputs.xml HTTP/1.1" 200 944 "-" "Apache Shindig"
0:0:0:0:0:0:0:1 - - [24/Sep/2014:14:21:48 +0530] "GET //gadgets/concat?container=default&gadget=http%3A%2F%2Flocalhost%3A9763%2Fportal%2Fgadgets%2Fgii-2013-creative-outputs%2Fgii-2013-creative-outputs.xml&debug=1&nocache=1&type=css&1=http%3A%2F%2Flocalhost%3A9763%2Fportal%2Fthemes%2Fportal%2Fcss%2Fflot-graph.css&2=http%3A%2F%2Flocalhost%3A9763%2Fportal%2Fthemes%2Fportal%2Fcss%2Fbootstrap.min.css&3=http%3A%2F%2Flocalhost%3A9763%2Fportal%2Fgadgets%2Fgii-2013-creative-outputs%2Fcss%2Fgii-2013-creative-outputs.css HTTP/1.1" 304 - "https://localhost:9443//gadgets/ifr?url=http%3A%2F%2Flocalhost%3A9763%2Fportal%2Fgadgets%2Fgii-2013-creative-outputs%2Fgii-2013-creative-outputs.xml&container=default&view=default&lang=en&country=US&debug=1&nocache=1&sanitize=0&v=d8213105a7083aec18c9bce3596dddd0&testmode=0&parent=https%3A%2F%2Flocalhost%3A9443&mid=0" "Mozilla/5.0 (Windows NT 6.2; WOW64; rv:32.0) Gecko/20100101 Firefox/32.0"
127.0.0.1 - - [24/Sep/2014:14:21:48 +0530] "GET /portal/gadgets/gii-2013-business-sophistication/js/d3-options-radar.js HTTP/1.1" 404 898 "-" "Apache Shindig"
127.0.0.1 - - [24/Sep/2014:14:21:48 +0530] "GET /portal/gadgets/show-assets/show-assets.xml HTTP/1.1" 200 1769 "-" "Apache Shindig"
127.0.0.1 - - [24/Sep/2014:14:21:48 +0530] "GET /portal/gadgets/show-assets/js/handlebars.js HTTP/1.1" 200 18303 "-" "Apache Shindig"
127.0.0.1 - - [24/Sep/2014:14:21:48 +0530] "GET /portal/gadgets/show-assets/show-assets.xml HTTP/1.1" 200 1769 "-" "Apache Shindig"
127.0.0.1 - - [24/Sep/2014:14:21:48 +0530] "GET /portal/gadgets/publication-chart/publication-chart.xml HTTP/1.1" 200 1390 "-" "Apache Shindig"
127.0.0.1 - - [24/Sep/2014:14:21:48 +0530] "GET /portal/gadgets/global-innovation-index-2013/global-innovation-index-2013.xml HTTP/1.1" 200 916 "-" "Apache Shindig"
127.0.0.1 - - [24/Sep/2014:14:21:48 +0530] "GET /portal/gadgets/publication-chart/publication-chart.xml HTTP/1.1" 200 1390 "-" "Apache Shindig"
127.0.0.1 - - [24/Sep/2014:14:21:48 +0530] "GET /portal/gadgets/show-assets/show-assets.xml HTTP/1.1" 200 1769 "-" "Apache Shindig"
127.0.0.1 - - [24/Sep/2014:14:21:48 +0530] "GET /portal/gadgets/show-assets/show-assets.xml HTTP/1.1" 200 1769 "-" "Apache Shindig"
127.0.0.1 - - [24/Sep/2014:14:21:48 +0530] "GET /portal/gadgets/gii-2013-creative-outputs/js/jquery-1.11.1.min.js HTTP/1.1" 200 33737 "-" "Apache Shindig"
127.0.0.1 - - [24/Sep/2014:14:21:48 +0530] "GET /portal/gadgets/gii-2013-business-sophistication/js/GroupedBarChart.js HTTP/1.1" 200 4084 "-" "Apache Shindig"
127.0.0.1 - - [24/Sep/2014:14:21:48 +0530] "GET /portal/gadgets/gii-2013-business-sophistication/js/gii-2013-business-sophistication-core.js HTTP/1.1" 200 2092 "-" "Apache Shindig"
127.0.0.1 - - [24/Sep/2014:14:21:48 +0530] "GET /portal/gadgets/gii-2013-creative-outputs/js/NormRadarChart.js HTTP/1.1" 200 3766 "-" "Apache Shindig"
127.0.0.1 - - [24/Sep/2014:14:21:48 +0530] "GET /portal/gadgets/gii-2013-business-sophistication/js/d3.min.js HTTP/1.1" 200 52005 "-" "Apache Shindig"
127.0.0.1 - - [24/Sep/2014:14:21:48 +0530] "GET /portal/gadgets/gii-2013-business-sophistication/js/jquery-1.11.1.min.js HTTP/1.1" 200 33737 "-" "Apache Shindig"
127.0.0.1 - - [24/Sep/2014:14:21:48 +0530] "GET /portal/gadgets/gii-2013-creative-outputs/js/gii-2013-creative-outputs-core.js HTTP/1.1" 200 2087 "-" "Apache Shindig"
127.0.0.1 - - [24/Sep/2014:14:21:48 +0530] "GET /portal/gadgets/gii-2013-business-sophistication/js/NormRadarChart.js HTTP/1.1" 200 3766 "-" "Apache Shindig"
127.0.0.1 - - [24/Sep/2014:14:21:48 +0530] "GET /portal/js/flot/jquery.js HTTP/1.1" 200 81076 "-" "Apache Shindig"
127.0.0.1 - - [24/Sep/2014:14:21:48 +0530] "GET /portal/gadgets/gii-2013-creative-outputs/js/d3-options-radar.js HTTP/1.1" 404 898 "-" "Apache Shindig"
127.0.0.1 - - [24/Sep/2014:14:21:48 +0530] "GET /portal/gadgets/gii-2013-business-sophistication/gii-2013-business-sophistication.xml HTTP/1.1" 200 948 "-" "Apache Shindig"
127.0.0.1 - - [24/Sep/2014:14:21:48 +0530] "GET /portal/gadgets/gii-2013-business-sophistication/gii-2013-business-sophistication.xml HTTP/1.1" 200 948 "-" "Apache Shindig"
127.0.0.1 - - [24/Sep/2014:14:21:48 +0530] "GET /portal/gadgets/organization-map/organization-map.xml HTTP/1.1" 200 1502 "-" "Apache Shindig"
127.0.0.1 - - [24/Sep/2014:14:21:48 +0530] "GET /portal/gadgets/gii-2013-creative-outputs/js/d3.min.js HTTP/1.1" 200 52005 "-" "Apache Shindig"
127.0.0.1 - - [24/Sep/2014:14:21:48 +0530] "GET /portal/gadgets/gii-2013-business-sophistication/gii-2013-business-sophistication.xml HTTP/1.1" 200 948 "-" "Apache Shindig"
0:0:0:0:0:0:0:1 - - [24/Sep/2014:14:21:48 +0530] "GET //gadgets/concat?container=default&gadget=http%3A%2F%2Flocalhost%3A9763%2Fportal%2Fgadgets%2Fglobal-innovation-index-2013%2Fglobal-innovation-index-2013.xml&debug=1&nocache=1&type=css&1=http%3A%2F%2Flocalhost%3A9763%2Fportal%2Fthemes%2Fportal%2Fcss%2Fflot-graph.css&2=http%3A%2F%2Flocalhost%3A9763%2Fportal%2Fthemes%2Fportal%2Fcss%2Fbootstrap.min.css&3=http%3A%2F%2Flocalhost%3A9763%2Fportal%2Fgadgets%2Fglobal-innovation-index-2013%2Fcss%2Fglobal-innovation-index-2013.css HTTP/1.1" 304 - "https://localhost:9443//gadgets/ifr?url=http%3A%2F%2Flocalhost%3A9763%2Fportal%2Fgadgets%2Fglobal-innovation-index-2013%2Fglobal-innovation-index-2013.xml&container=default&view=default&lang=en&country=US&debug=1&nocache=1&sanitize=0&v=d8213105a7083aec18c9bce3596dddd0&testmode=0&parent=https%3A%2F%2Flocalhost%3A9443&mid=0" "Mozilla/5.0 (Windows NT 6.2; WOW64; rv:32.0) Gecko/20100101 Firefox/32.0"
127.0.0.1 - - [24/Sep/2014:14:21:48 +0530] "GET /portal/gadgets/gii-2013-business-sophistication/gii-2013-business-sophistication.xml HTTP/1.1" 200 948 "-" "Apache Shindig"
127.0.0.1 - - [24/Sep/2014:14:21:48 +0530] "GET /portal/gadgets/global-innovation-index-2013/js/NormRadarChart.js HTTP/1.1" 200 3763 "-" "Apache Shindig"
127.0.0.1 - - [24/Sep/2014:14:21:48 +0530] "GET /portal/gadgets/global-innovation-index-2013/js/jquery-1.11.1.min.js HTTP/1.1" 200 33737 "-" "Apache Shindig"
127.0.0.1 - - [24/Sep/2014:14:21:48 +0530] "GET /portal/gadgets/global-innovation-index-2013/js/d3-options-radar.js HTTP/1.1" 404 898 "-" "Apache Shindig"
127.0.0.1 - - [24/Sep/2014:14:21:48 +0530] "GET /portal/gadgets/global-innovation-index-2013/js/global-innovation-index-2013-core.js HTTP/1.1" 200 2062 "-" "Apache Shindig"
127.0.0.1 - - [24/Sep/2014:14:21:48 +0530] "GET /portal/gadgets/global-innovation-index-2013/js/GroupedBarChart.js HTTP/1.1" 200 4084 "-" "Apache Shindig"
127.0.0.1 - - [24/Sep/2014:14:21:48 +0530] "GET /portal/gadgets/global-innovation-index-2013/js/d3.min.js HTTP/1.1" 200 52005 "-" "Apache Shindig"
127.0.0.1 - - [24/Sep/2014:14:21:48 +0530] "GET /portal/gadgets/global-innovation-index-2013/global-innovation-index-2013.xml HTTP/1.1" 200 916 "-" "Apache Shindig"
127.0.0.1 - - [24/Sep/2014:14:21:48 +0530] "GET /portal/gadgets/gii-2013-business-sophistication/gii-2013-business-sophistication.xml HTTP/1.1" 200 948 "-" "Apache Shindig"
127.0.0.1 - - [24/Sep/2014:14:21:48 +0530] "GET /portal/gadgets/gii-2013-business-sophistication/gii-2013-business-sophistication.xml HTTP/1.1" 200 948 "-" "Apache Shindig"
127.0.0.1 - - [24/Sep/2014:14:21:48 +0530] "GET /portal/gadgets/show-assets/show-assets.xml HTTP/1.1" 200 1769 "-" "Apache Shindig"
127.0.0.1 - - [24/Sep/2014:14:21:48 +0530] "GET /portal/gadgets/gii-2013-creative-outputs/gii-2013-creative-outputs.xml HTTP/1.1" 200 944 "-" "Apache Shindig"
127.0.0.1 - - [24/Sep/2014:14:21:48 +0530] "GET /portal/gadgets/global-innovation-index-2013/global-innovation-index-2013.xml HTTP/1.1" 200 916 "-" "Apache Shindig"
127.0.0.1 - - [24/Sep/2014:14:21:48 +0530] "GET /portal/gadgets/show-assets/show-assets.xml HTTP/1.1" 200 1769 "-" "Apache Shindig"
127.0.0.1 - - [24/Sep/2014:14:21:48 +0530] "GET /portal/gadgets/gii-2013-creative-outputs/gii-2013-creative-outputs.xml HTTP/1.1" 200 944 "-" "Apache Shindig"
0:0:0:0:0:0:0:1 - - [24/Sep/2014:14:21:48 +0530] "GET //gadgets/concat?container=default&gadget=http%3A%2F%2Flocalhost%3A9763%2Fportal%2Fgadgets%2Fgii-2013-business-sophistication%2Fgii-2013-business-sophistication.xml&debug=1&nocache=1&type=js&1=http%3A%2F%2Flocalhost%3A9763%2Fportal%2Fgadgets%2Fgii-2013-business-sophistication%2Fjs%2Fjquery-1.11.1.min.js&2=http%3A%2F%2Flocalhost%3A9763%2Fportal%2Fgadgets%2Fgii-2013-business-sophistication%2Fjs%2Fd3.min.js&3=http%3A%2F%2Flocalhost%3A9763%2Fportal%2Fgadgets%2Fgii-2013-business-sophistication%2Fjs%2FNormRadarChart.js&4=http%3A%2F%2Flocalhost%3A9763%2Fportal%2Fgadgets%2Fgii-2013-business-sophistication%2Fjs%2FGroupedBarChart.js&5=http%3A%2F%2Flocalhost%3A9763%2Fportal%2Fgadgets%2Fgii-2013-business-sophistication%2Fjs%2Fd3-options-radar.js&6=http%3A%2F%2Flocalhost%3A9763%2Fportal%2Fgadgets%2Fgii-2013-business-sophistication%2Fjs%2Fgii-2013-business-sophistication-core.js HTTP/1.1" 304 - "https://localhost:9443//gadgets/ifr?url=http%3A%2F%2Flocalhost%3A9763%2Fportal%2Fgadgets%2Fgii-2013-business-sophistication%2Fgii-2013-business-sophistication.xml&container=default&view=default&lang=en&country=US&debug=1&nocache=1&sanitize=0&v=d8213105a7083aec18c9bce3596dddd0&testmode=0&parent=https%3A%2F%2Flocalhost%3A9443&mid=0" "Mozilla/5.0 (Windows NT 6.2; WOW64; rv:32.0) Gecko/20100101 Firefox/32.0"
127.0.0.1 - - [24/Sep/2014:14:21:48 +0530] "GET /portal/gadgets/global-innovation-index-2013/global-innovation-index-2013.xml HTTP/1.1" 200 916 "-" "Apache Shindig"
127.0.0.1 - - [24/Sep/2014:14:21:48 +0530] "GET /portal/gadgets/publication-chart/publication-chart.xml HTTP/1.1" 200 1390 "-" "Apache Shindig"
127.0.0.1 - - [24/Sep/2014:14:21:48 +0530] "GET /portal/gadgets/gii-2013-creative-outputs/js/GroupedBarChart.js HTTP/1.1" 200 4084 "-" "Apache Shindig"
127.0.0.1 - - [24/Sep/2014:14:21:48 +0530] "GET /portal/gadgets/global-innovation-index-2013/global-innovation-index-2013.xml HTTP/1.1" 200 916 "-" "Apache Shindig"
127.0.0.1 - - [24/Sep/2014:14:21:48 +0530] "GET /portal/gadgets/publication-chart/publication-chart.xml HTTP/1.1" 200 1390 "-" "Apache Shindig"
127.0.0.1 - - [24/Sep/2014:14:21:48 +0530] "GET /portal/gadgets/gii-2013-creative-outputs/gii-2013-creative-outputs.xml HTTP/1.1" 200 944 "-" "Apache Shindig"
0:0:0:0:0:0:0:1 - - [24/Sep/2014:14:21:48 +0530] "GET //gadgets/concat?container=default&gadget=http%3A%2F%2Flocalhost%3A9763%2Fportal%2Fgadgets%2Fshow-assets%2Fshow-assets.xml&debug=1&nocache=1&type=js&1=http%3A%2F%2Flocalhost%3A9763%2Fportal%2Fgadgets%2Fshow-assets%2Fjs%2Fjquery-1.8.3.min.js&2=http%3A%2F%2Flocalhost%3A9763%2Fportal%2Fgadgets%2Fshow-assets%2Fjs%2Fjquery.validate.js&3=http%3A%2F%2Flocalhost%3A9763%2Fportal%2Fgadgets%2Fshow-assets%2Fjs%2Fhandlebars.js&4=http%3A%2F%2Flocalhost%3A9763%2Fportal%2Fgadgets%2Fshow-assets%2Fjs%2Fbootstrap.min.js&5=http%3A%2F%2Flocalhost%3A9763%2Fportal%2Fgadgets%2Fshow-assets%2Fjs%2Fload-assets.js&6=http%3A%2F%2Flocalhost%3A9763%2Fportal%2Fgadgets%2Fshow-assets%2Fjs%2Fjquery.nicescroll.min.js HTTP/1.1" 304 - "https://localhost:9443//gadgets/ifr?url=http%3A%2F%2Flocalhost%3A9763%2Fportal%2Fgadgets%2Fshow-assets%2Fshow-assets.xml&container=default&view=default&lang=en&country=US&debug=1&nocache=1&sanitize=0&v=d8213105a7083aec18c9bce3596dddd0&testmode=0&parent=https%3A%2F%2Flocalhost%3A9443&mid=0" "Mozilla/5.0 (Windows NT 6.2; WOW64; rv:32.0) Gecko/20100101 Firefox/32.0"
127.0.0.1 - - [24/Sep/2014:14:21:48 +0530] "GET /portal/gadgets/people-chart/css/d3-graph.css HTTP/1.1" 200 279 "-" "Apache Shindig"
127.0.0.1 - - [24/Sep/2014:14:21:48 +0530] "GET /portal/gadgets/global-innovation-index-2013/global-innovation-index-2013.xml HTTP/1.1" 200 916 "-" "Apache Shindig"
127.0.0.1 - - [24/Sep/2014:14:21:48 +0530] "GET /portal/gadgets/people-chart/people-chart.xml HTTP/1.1" 200 858 "-" "Apache Shindig"
127.0.0.1 - - [24/Sep/2014:14:21:48 +0530] "GET /portal/gadgets/publication-chart/publication-chart.xml HTTP/1.1" 200 1390 "-" "Apache Shindig"
127.0.0.1 - - [24/Sep/2014:14:21:48 +0530] "GET /portal/themes/portal/css/flot-graph.css HTTP/1.1" 200 1294 "-" "Apache Shindig"
0:0:0:0:0:0:0:1 - - [24/Sep/2014:14:21:48 +0530] "GET //gadgets/concat?container=default&gadget=http%3A%2F%2Flocalhost%3A9763%2Fportal%2Fgadgets%2Fpublication-chart%2Fpublication-chart.xml&debug=1&nocache=1&type=css&1=http%3A%2F%2Flocalhost%3A9763%2Fportal%2Fthemes%2Fportal%2Fcss%2Fflot-graph.css&2=http%3A%2F%2Flocalhost%3A9763%2Fportal%2Fthemes%2Fportal%2Fcss%2Fbootstrap.min.css&3=http%3A%2F%2Flocalhost%3A9763%2Fportal%2Fgadgets%2Fpublication-chart%2Fcss%2Fd3-graph.css&4=http%3A%2F%2Flocalhost%3A9763%2Fportal%2Fgadgets%2Fpublication-chart%2Fjslider%2Fcss%2Fjslider.css&5=http%3A%2F%2Flocalhost%3A9763%2Fportal%2Fgadgets%2Fpublication-chart%2Fjslider%2Fcss%2Fjslider.blue.css&6=http%3A%2F%2Flocalhost%3A9763%2Fportal%2Fgadgets%2Fpublication-chart%2Fjslider%2Fcss%2Fjslider.plastic.css&7=http%3A%2F%2Flocalhost%3A9763%2Fportal%2Fgadgets%2Fpublication-chart%2Fjslider%2Fcss%2Fjslider.round.css&8=http%3A%2F%2Flocalhost%3A9763%2Fportal%2Fgadgets%2Fpublication-chart%2Fjslider%2Fcss%2Fjslider.round.plastic.css HTTP/1.1" 304 - "https://localhost:9443//gadgets/ifr?url=http%3A%2F%2Flocalhost%3A9763%2Fportal%2Fgadgets%2Fpublication-chart%2Fpublication-chart.xml&container=default&view=default&lang=en&country=US&debug=1&nocache=1&sanitize=0&v=d8213105a7083aec18c9bce3596dddd0&testmode=0&parent=https%3A%2F%2Flocalhost%3A9443&mid=0" "Mozilla/5.0 (Windows NT 6.2; WOW64; rv:32.0) Gecko/20100101 Firefox/32.0"
127.0.0.1 - - [24/Sep/2014:14:21:48 +0530] "GET /portal/gadgets/gii-2013-creative-outputs/gii-2013-creative-outputs.xml HTTP/1.1" 200 944 "-" "Apache Shindig"
127.0.0.1 - - [24/Sep/2014:14:21:48 +0530] "GET /portal/gadgets/global-innovation-index-2013/global-innovation-index-2013.xml HTTP/1.1" 200 916 "-" "Apache Shindig"
127.0.0.1 - - [24/Sep/2014:14:21:48 +0530] "GET /portal/themes/portal/css/bootstrap.min.css HTTP/1.1" 200 18754 "-" "Apache Shindig"
127.0.0.1 - - [24/Sep/2014:14:21:48 +0530] "GET /portal/gadgets/publication-chart/jslider/js/tmpl.js HTTP/1.1" 200 1195 "-" "Apache Shindig"
127.0.0.1 - - [24/Sep/2014:14:21:48 +0530] "GET /portal/gadgets/publication-chart/jslider/js/jshashtable-2.1_src.js HTTP/1.1" 200 3039 "-" "Apache Shindig"
127.0.0.1 - - [24/Sep/2014:14:21:48 +0530] "GET /portal/gadgets/publication-chart/jslider/js/jquery.dependClass-0.1.js HTTP/1.1" 200 1412 "-" "Apache Shindig"
127.0.0.1 - - [24/Sep/2014:14:21:48 +0530] "GET /portal/gadgets/publication-chart/jslider/js/jquery.slider.js HTTP/1.1" 200 4851 "-" "Apache Shindig"
127.0.0.1 - - [24/Sep/2014:14:21:48 +0530] "GET /portal/gadgets/gii-2013-creative-outputs/gii-2013-creative-outputs.xml HTTP/1.1" 200 944 "-" "Apache Shindig"
127.0.0.1 - - [24/Sep/2014:14:21:48 +0530] "GET /portal/gadgets/publication-chart/jslider/js/jquery.numberformatter-1.2.3.js HTTP/1.1" 200 4811 "-" "Apache Shindig"
127.0.0.1 - - [24/Sep/2014:14:21:48 +0530] "GET /portal/gadgets/publication-chart/jslider/js/draggable-0.1.js HTTP/1.1" 200 1357 "-" "Apache Shindig"
127.0.0.1 - - [24/Sep/2014:14:21:48 +0530] "GET /portal/gadgets/publication-chart/js/BarChart.js HTTP/1.1" 200 2859 "-" "Apache Shindig"
127.0.0.1 - - [24/Sep/2014:14:21:48 +0530] "GET /portal/gadgets/publication-chart/js/publication-chart-core.js HTTP/1.1" 200 2739 "-" "Apache Shindig"
127.0.0.1 - - [24/Sep/2014:14:21:48 +0530] "GET /portal/gadgets/people-chart/people-chart.xml HTTP/1.1" 200 858 "-" "Apache Shindig"
127.0.0.1 - - [24/Sep/2014:14:21:48 +0530] "GET /portal/js/flot/jquery.js HTTP/1.1" 200 81076 "-" "Apache Shindig"
127.0.0.1 - - [24/Sep/2014:14:21:48 +0530] "GET /portal/gadgets/publication-chart/js/PieChart.js HTTP/1.1" 200 2569 "-" "Apache Shindig"
127.0.0.1 - - [24/Sep/2014:14:21:48 +0530] "GET /portal/gadgets/gii-2013-creative-outputs/gii-2013-creative-outputs.xml HTTP/1.1" 200 944 "-" "Apache Shindig"
0:0:0:0:0:0:0:1 - - [24/Sep/2014:14:21:48 +0530] "GET //gadgets/concat?container=default&gadget=http%3A%2F%2Flocalhost%3A9763%2Fportal%2Fgadgets%2Fglobal-innovation-index-2013%2Fglobal-innovation-index-2013.xml&debug=1&nocache=1&type=js&1=http%3A%2F%2Flocalhost%3A9763%2Fportal%2Fgadgets%2Fglobal-innovation-index-2013%2Fjs%2Fjquery-1.11.1.min.js&2=http%3A%2F%2Flocalhost%3A9763%2Fportal%2Fgadgets%2Fglobal-innovation-index-2013%2Fjs%2Fd3.min.js&3=http%3A%2F%2Flocalhost%3A9763%2Fportal%2Fgadgets%2Fglobal-innovation-index-2013%2Fjs%2FNormRadarChart.js&4=http%3A%2F%2Flocalhost%3A9763%2Fportal%2Fgadgets%2Fglobal-innovation-index-2013%2Fjs%2FGroupedBarChart.js&5=http%3A%2F%2Flocalhost%3A9763%2Fportal%2Fgadgets%2Fglobal-innovation-index-2013%2Fjs%2Fd3-options-radar.js&6=http%3A%2F%2Flocalhost%3A9763%2Fportal%2Fgadgets%2Fglobal-innovation-index-2013%2Fjs%2Fglobal-innovation-index-2013-core.js HTTP/1.1" 304 - "https://localhost:9443//gadgets/ifr?url=http%3A%2F%2Flocalhost%3A9763%2Fportal%2Fgadgets%2Fglobal-innovation-index-2013%2Fglobal-innovation-index-2013.xml&container=default&view=default&lang=en&country=US&debug=1&nocache=1&sanitize=0&v=d8213105a7083aec18c9bce3596dddd0&testmode=0&parent=https%3A%2F%2Flocalhost%3A9443&mid=0" "Mozilla/5.0 (Windows NT 6.2; WOW64; rv:32.0) Gecko/20100101 Firefox/32.0"
127.0.0.1 - - [24/Sep/2014:14:21:48 +0530] "GET /portal/gadgets/publication-chart/publication-chart.xml HTTP/1.1" 200 1390 "-" "Apache Shindig"
0:0:0:0:0:0:0:1 - - [24/Sep/2014:14:21:48 +0530] "GET //gadgets/concat?container=default&gadget=http%3A%2F%2Flocalhost%3A9763%2Fportal%2Fgadgets%2Fgii-2013-creative-outputs%2Fgii-2013-creative-outputs.xml&debug=1&nocache=1&type=js&1=http%3A%2F%2Flocalhost%3A9763%2Fportal%2Fgadgets%2Fgii-2013-creative-outputs%2Fjs%2Fjquery-1.11.1.min.js&2=http%3A%2F%2Flocalhost%3A9763%2Fportal%2Fgadgets%2Fgii-2013-creative-outputs%2Fjs%2Fd3.min.js&3=http%3A%2F%2Flocalhost%3A9763%2Fportal%2Fgadgets%2Fgii-2013-creative-outputs%2Fjs%2FNormRadarChart.js&4=http%3A%2F%2Flocalhost%3A9763%2Fportal%2Fgadgets%2Fgii-2013-creative-outputs%2Fjs%2FGroupedBarChart.js&5=http%3A%2F%2Flocalhost%3A9763%2Fportal%2Fgadgets%2Fgii-2013-creative-outputs%2Fjs%2Fd3-options-radar.js&6=http%3A%2F%2Flocalhost%3A9763%2Fportal%2Fgadgets%2Fgii-2013-creative-outputs%2Fjs%2Fgii-2013-creative-outputs-core.js HTTP/1.1" 304 - "https://localhost:9443//gadgets/ifr?url=http%3A%2F%2Flocalhost%3A9763%2Fportal%2Fgadgets%2Fgii-2013-creative-outputs%2Fgii-2013-creative-outputs.xml&container=default&view=default&lang=en&country=US&debug=1&nocache=1&sanitize=0&v=d8213105a7083aec18c9bce3596dddd0&testmode=0&parent=https%3A%2F%2Flocalhost%3A9443&mid=0" "Mozilla/5.0 (Windows NT 6.2; WOW64; rv:32.0) Gecko/20100101 Firefox/32.0"
127.0.0.1 - - [24/Sep/2014:14:21:48 +0530] "GET /portal/gadgets/publication-chart/js/LineChart.js HTTP/1.1" 200 2878 "-" "Apache Shindig"
127.0.0.1 - - [24/Sep/2014:14:21:48 +0530] "GET /portal/gadgets/publication-chart/js/d3.min.js HTTP/1.1" 200 52005 "-" "Apache Shindig"
127.0.0.1 - - [24/Sep/2014:14:21:48 +0530] "GET /portal/gadgets/publication-chart/publication-chart.xml HTTP/1.1" 200 1390 "-" "Apache Shindig"
127.0.0.1 - - [24/Sep/2014:14:21:48 +0530] "GET /portal/gadgets/publication-chart/publication-chart.xml HTTP/1.1" 200 1390 "-" "Apache Shindig"
127.0.0.1 - - [24/Sep/2014:14:21:48 +0530] "GET /portal/gadgets/publication-chart/publication-chart.xml HTTP/1.1" 200 1390 "-" "Apache Shindig"
127.0.0.1 - - [24/Sep/2014:14:21:48 +0530] "GET /portal/gadgets/people-chart/people-chart.xml HTTP/1.1" 200 858 "-" "Apache Shindig"
127.0.0.1 - - [24/Sep/2014:14:21:48 +0530] "GET /portal/gadgets/publication-chart/publication-chart.xml HTTP/1.1" 200 1390 "-" "Apache Shindig"
127.0.0.1 - - [24/Sep/2014:14:21:48 +0530] "GET /portal/gadgets/publication-chart/publication-chart.xml HTTP/1.1" 200 1390 "-" "Apache Shindig"
0:0:0:0:0:0:0:1 - - [24/Sep/2014:14:21:48 +0530] "GET //gadgets/concat?container=default&gadget=http%3A%2F%2Flocalhost%3A9763%2Fportal%2Fgadgets%2Fpeople-chart%2Fpeople-chart.xml&debug=1&nocache=1&type=css&1=http%3A%2F%2Flocalhost%3A9763%2Fportal%2Fthemes%2Fportal%2Fcss%2Fflot-graph.css&2=http%3A%2F%2Flocalhost%3A9763%2Fportal%2Fthemes%2Fportal%2Fcss%2Fbootstrap.min.css&3=http%3A%2F%2Flocalhost%3A9763%2Fportal%2Fgadgets%2Fpeople-chart%2Fcss%2Fd3-graph.css HTTP/1.1" 304 - "https://localhost:9443//gadgets/ifr?url=http%3A%2F%2Flocalhost%3A9763%2Fportal%2Fgadgets%2Fpeople-chart%2Fpeople-chart.xml&container=default&view=default&lang=en&country=US&debug=1&nocache=1&sanitize=0&v=d8213105a7083aec18c9bce3596dddd0&testmode=0&parent=https%3A%2F%2Flocalhost%3A9443&mid=0" "Mozilla/5.0 (Windows NT 6.2; WOW64; rv:32.0) Gecko/20100101 Firefox/32.0"
127.0.0.1 - - [24/Sep/2014:14:21:48 +0530] "GET /portal/gadgets/publication-chart/publication-chart.xml HTTP/1.1" 200 1390 "-" "Apache Shindig"
127.0.0.1 - - [24/Sep/2014:14:21:48 +0530] "GET /portal/gadgets/people-chart/js/people-chart-core.js HTTP/1.1" 200 1650 "-" "Apache Shindig"
127.0.0.1 - - [24/Sep/2014:14:21:48 +0530] "GET /portal/gadgets/publication-chart/publication-chart.xml HTTP/1.1" 200 1390 "-" "Apache Shindig"
127.0.0.1 - - [24/Sep/2014:14:21:48 +0530] "GET /portal/gadgets/people-chart/js/d3-options-bar.js HTTP/1.1" 200 857 "-" "Apache Shindig"
127.0.0.1 - - [24/Sep/2014:14:21:48 +0530] "GET /portal/gadgets/people-chart/js/PieChart.js HTTP/1.1" 200 2520 "-" "Apache Shindig"
127.0.0.1 - - [24/Sep/2014:14:21:48 +0530] "GET /portal/gadgets/publication-chart/publication-chart.xml HTTP/1.1" 200 1390 "-" "Apache Shindig"
127.0.0.1 - - [24/Sep/2014:14:21:48 +0530] "GET /portal/gadgets/publication-chart/publication-chart.xml HTTP/1.1" 200 1390 "-" "Apache Shindig"
127.0.0.1 - - [24/Sep/2014:14:21:48 +0530] "GET /portal/gadgets/people-chart/js/LineChart.js HTTP/1.1" 200 2836 "-" "Apache Shindig"
127.0.0.1 - - [24/Sep/2014:14:21:48 +0530] "GET /portal/gadgets/publication-chart/publication-chart.xml HTTP/1.1" 200 1390 "-" "Apache Shindig"
127.0.0.1 - - [24/Sep/2014:14:21:48 +0530] "GET /portal/gadgets/people-chart/js/d3.min.js HTTP/1.1" 200 52005 "-" "Apache Shindig"
127.0.0.1 - - [24/Sep/2014:14:21:48 +0530] "GET /portal/gadgets/publication-chart/publication-chart.xml HTTP/1.1" 200 1390 "-" "Apache Shindig"
127.0.0.1 - - [24/Sep/2014:14:21:48 +0530] "GET /portal/js/flot/jquery.js HTTP/1.1" 200 81076 "-" "Apache Shindig"
127.0.0.1 - - [24/Sep/2014:14:21:48 +0530] "GET /portal/gadgets/people-chart/js/BarChart.js HTTP/1.1" 200 2717 "-" "Apache Shindig"
127.0.0.1 - - [24/Sep/2014:14:21:48 +0530] "GET /portal/gadgets/people-chart/people-chart.xml HTTP/1.1" 200 858 "-" "Apache Shindig"
127.0.0.1 - - [24/Sep/2014:14:21:48 +0530] "GET /portal/gadgets/people-chart/people-chart.xml HTTP/1.1" 200 858 "-" "Apache Shindig"
127.0.0.1 - - [24/Sep/2014:14:21:48 +0530] "GET /portal/gadgets/people-chart/people-chart.xml HTTP/1.1" 200 858 "-" "Apache Shindig"
127.0.0.1 - - [24/Sep/2014:14:21:48 +0530] "GET /portal/gadgets/people-chart/people-chart.xml HTTP/1.1" 200 858 "-" "Apache Shindig"
0:0:0:0:0:0:0:1 - - [24/Sep/2014:14:21:48 +0530] "GET //gadgets/concat?container=default&gadget=http%3A%2F%2Flocalhost%3A9763%2Fportal%2Fgadgets%2Fpublication-chart%2Fpublication-chart.xml&debug=1&nocache=1&type=js&1=http%3A%2F%2Flocalhost%3A9763%2Fportal%2Fjs%2Fflot%2Fjquery.js&2=http%3A%2F%2Flocalhost%3A9763%2Fportal%2Fgadgets%2Fpublication-chart%2Fjs%2Fd3.min.js&3=http%3A%2F%2Flocalhost%3A9763%2Fportal%2Fgadgets%2Fpublication-chart%2Fjslider%2Fjs%2Fjshashtable-2.1_src.js&4=http%3A%2F%2Flocalhost%3A9763%2Fportal%2Fgadgets%2Fpublication-chart%2Fjslider%2Fjs%2Fjquery.numberformatter-1.2.3.js&5=http%3A%2F%2Flocalhost%3A9763%2Fportal%2Fgadgets%2Fpublication-chart%2Fjslider%2Fjs%2Ftmpl.js&6=http%3A%2F%2Flocalhost%3A9763%2Fportal%2Fgadgets%2Fpublication-chart%2Fjslider%2Fjs%2Fjquery.dependClass-0.1.js&7=http%3A%2F%2Flocalhost%3A9763%2Fportal%2Fgadgets%2Fpublication-chart%2Fjslider%2Fjs%2Fdraggable-0.1.js&8=http%3A%2F%2Flocalhost%3A9763%2Fportal%2Fgadgets%2Fpublication-chart%2Fjslider%2Fjs%2Fjquery.slider.js&9=http%3A%2F%2Flocalhost%3A9763%2Fportal%2Fgadgets%2Fpublication-chart%2Fjs%2FBarChart.js&10=http%3A%2F%2Flocalhost%3A9763%2Fportal%2Fgadgets%2Fpublication-chart%2Fjs%2FLineChart.js&11=http%3A%2F%2Flocalhost%3A9763%2Fportal%2Fgadgets%2Fpublication-chart%2Fjs%2FPieChart.js&12=http%3A%2F%2Flocalhost%3A9763%2Fportal%2Fgadgets%2Fpublication-chart%2Fjs%2Fpublication-chart-core.js HTTP/1.1" 304 - "https://localhost:9443//gadgets/ifr?url=http%3A%2F%2Flocalhost%3A9763%2Fportal%2Fgadgets%2Fpublication-chart%2Fpublication-chart.xml&container=default&view=default&lang=en&country=US&debug=1&nocache=1&sanitize=0&v=d8213105a7083aec18c9bce3596dddd0&testmode=0&parent=https%3A%2F%2Flocalhost%3A9443&mid=0" "Mozilla/5.0 (Windows NT 6.2; WOW64; rv:32.0) Gecko/20100101 Firefox/32.0"
127.0.0.1 - - [24/Sep/2014:14:21:48 +0530] "GET /portal/gadgets/people-chart/people-chart.xml HTTP/1.1" 200 858 "-" "Apache Shindig"
127.0.0.1 - - [24/Sep/2014:14:21:48 +0530] "GET /portal/gadgets/people-chart/people-chart.xml HTTP/1.1" 200 858 "-" "Apache Shindig"
127.0.0.1 - - [24/Sep/2014:14:21:48 +0530] "GET /portal/gadgets/people-chart/people-chart.xml HTTP/1.1" 200 858 "-" "Apache Shindig"
0:0:0:0:0:0:0:1 - - [24/Sep/2014:14:21:48 +0530] "GET //gadgets/concat?container=default&gadget=http%3A%2F%2Flocalhost%3A9763%2Fportal%2Fgadgets%2Fpeople-chart%2Fpeople-chart.xml&debug=1&nocache=1&type=js&1=http%3A%2F%2Flocalhost%3A9763%2Fportal%2Fjs%2Fflot%2Fjquery.js&2=http%3A%2F%2Flocalhost%3A9763%2Fportal%2Fgadgets%2Fpeople-chart%2Fjs%2Fd3.min.js&3=http%3A%2F%2Flocalhost%3A9763%2Fportal%2Fgadgets%2Fpeople-chart%2Fjs%2FBarChart.js&4=http%3A%2F%2Flocalhost%3A9763%2Fportal%2Fgadgets%2Fpeople-chart%2Fjs%2FLineChart.js&5=http%3A%2F%2Flocalhost%3A9763%2Fportal%2Fgadgets%2Fpeople-chart%2Fjs%2FPieChart.js&6=http%3A%2F%2Flocalhost%3A9763%2Fportal%2Fgadgets%2Fpeople-chart%2Fjs%2Fd3-options-bar.js&7=http%3A%2F%2Flocalhost%3A9763%2Fportal%2Fgadgets%2Fpeople-chart%2Fjs%2Fpeople-chart-core.js HTTP/1.1" 304 - "https://localhost:9443//gadgets/ifr?url=http%3A%2F%2Flocalhost%3A9763%2Fportal%2Fgadgets%2Fpeople-chart%2Fpeople-chart.xml&container=default&view=default&lang=en&country=US&debug=1&nocache=1&sanitize=0&v=d8213105a7083aec18c9bce3596dddd0&testmode=0&parent=https%3A%2F%2Flocalhost%3A9443&mid=0" "Mozilla/5.0 (Windows NT 6.2; WOW64; rv:32.0) Gecko/20100101 Firefox/32.0"
127.0.0.1 - - [24/Sep/2014:14:21:49 +0530] "GET /portal/gadgets/organization-map/organization-map.xml HTTP/1.1" 200 1502 "-" "Apache Shindig"
127.0.0.1 - - [24/Sep/2014:14:21:49 +0530] "GET /portal/gadgets/organization-map/organization-map.xml HTTP/1.1" 200 1502 "-" "Apache Shindig"
0:0:0:0:0:0:0:1 - - [24/Sep/2014:14:21:49 +0530] "GET //gadgets/concat?container=default&gadget=http%3A%2F%2Flocalhost%3A9763%2Fportal%2Fgadgets%2Forganization-map%2Forganization-map.xml&debug=1&nocache=1&type=js&1=http%3A%2F%2Flocalhost%3A9763%2Fportal%2Fjs%2Fflot%2Fjquery.js&2=https%3A%2F%2Fmaps.googleapis.com%2Fmaps%2Fapi%2Fjs%3Fkey%3DAIzaSyBh-rKFkb1hhmElavDCGaaUQnITpIw3-MI&3=http%3A%2F%2Flocalhost%3A9763%2Fportal%2Fgadgets%2Forganization-map%2Fjs%2Forganization-map-core.js HTTP/1.1" 304 - "https://localhost:9443//gadgets/ifr?url=http%3A%2F%2Flocalhost%3A9763%2Fportal%2Fgadgets%2Forganization-map%2Forganization-map.xml&container=default&view=default&lang=en&country=US&debug=1&nocache=1&sanitize=0&v=d8213105a7083aec18c9bce3596dddd0&testmode=0&parent=https%3A%2F%2Flocalhost%3A9443&mid=0" "Mozilla/5.0 (Windows NT 6.2; WOW64; rv:32.0) Gecko/20100101 Firefox/32.0"
0:0:0:0:0:0:0:1 - - [24/Sep/2014:14:21:49 +0530] "GET /store/apis/myAsset/ HTTP/1.1" 401 975 "https://localhost:9443//gadgets/ifr?url=http%3A%2F%2Flocalhost%3A9763%2Fportal%2Fgadgets%2Fshow-assets%2Fshow-assets.xml&container=default&view=default&lang=en&country=US&debug=1&nocache=1&sanitize=0&v=d8213105a7083aec18c9bce3596dddd0&testmode=0&parent=https%3A%2F%2Flocalhost%3A9443&mid=0" "Mozilla/5.0 (Windows NT 6.2; WOW64; rv:32.0) Gecko/20100101 Firefox/32.0"
0:0:0:0:0:0:0:1 - - [24/Sep/2014:14:21:50 +0530] "GET /portal/gadgets/publication-chart/data-files/publication-dataFile1.jag?axis=org&aoiId=0&saoiId=0&ssaoiId=0 HTTP/1.1" 200 1114 "https://localhost:9443//gadgets/ifr?url=http%3A%2F%2Flocalhost%3A9763%2Fportal%2Fgadgets%2Fpublication-chart%2Fpublication-chart.xml&container=default&view=default&lang=en&country=US&debug=1&nocache=1&sanitize=0&v=d8213105a7083aec18c9bce3596dddd0&testmode=0&parent=https%3A%2F%2Flocalhost%3A9443&mid=0" "Mozilla/5.0 (Windows NT 6.2; WOW64; rv:32.0) Gecko/20100101 Firefox/32.0"
0:0:0:0:0:0:0:1 - - [24/Sep/2014:14:21:50 +0530] "GET /portal/gadgets/global-innovation-index-2013/data-files/global-innovation-index-2013-data.jag?giId=2 HTTP/1.1" 200 656 "https://localhost:9443//gadgets/ifr?url=http%3A%2F%2Flocalhost%3A9763%2Fportal%2Fgadgets%2Fglobal-innovation-index-2013%2Fglobal-innovation-index-2013.xml&container=default&view=default&lang=en&country=US&debug=1&nocache=1&sanitize=0&v=d8213105a7083aec18c9bce3596dddd0&testmode=0&parent=https%3A%2F%2Flocalhost%3A9443&mid=0" "Mozilla/5.0 (Windows NT 6.2; WOW64; rv:32.0) Gecko/20100101 Firefox/32.0"
0:0:0:0:0:0:0:1 - - [24/Sep/2014:14:21:50 +0530] "GET /portal/gadgets/gii-2013-business-sophistication/data-files/gii-2013-business-sophistication-data.jag?pillarId=12 HTTP/1.1" 200 1525 "https://localhost:9443//gadgets/ifr?url=http%3A%2F%2Flocalhost%3A9763%2Fportal%2Fgadgets%2Fgii-2013-business-sophistication%2Fgii-2013-business-sophistication.xml&container=default&view=default&lang=en&country=US&debug=1&nocache=1&sanitize=0&v=d8213105a7083aec18c9bce3596dddd0&testmode=0&parent=https%3A%2F%2Flocalhost%3A9443&mid=0" "Mozilla/5.0 (Windows NT 6.2; WOW64; rv:32.0) Gecko/20100101 Firefox/32.0"
0:0:0:0:0:0:0:1 - - [24/Sep/2014:14:21:50 +0530] "GET /portal/gadgets/gii-2013-creative-outputs/data-files/gii-2013-creative-outputs-data.jag?pillarId=14 HTTP/1.1" 200 1410 "https://localhost:9443//gadgets/ifr?url=http%3A%2F%2Flocalhost%3A9763%2Fportal%2Fgadgets%2Fgii-2013-creative-outputs%2Fgii-2013-creative-outputs.xml&container=default&view=default&lang=en&country=US&debug=1&nocache=1&sanitize=0&v=d8213105a7083aec18c9bce3596dddd0&testmode=0&parent=https%3A%2F%2Flocalhost%3A9443&mid=0" "Mozilla/5.0 (Windows NT 6.2; WOW64; rv:32.0) Gecko/20100101 Firefox/32.0"
0:0:0:0:0:0:0:1 - - [24/Sep/2014:14:21:50 +0530] "GET /portal/gadgets/organization-map/data-files/organization-map-data.jag HTTP/1.1" 200 545 "https://localhost:9443//gadgets/ifr?url=http%3A%2F%2Flocalhost%3A9763%2Fportal%2Fgadgets%2Forganization-map%2Forganization-map.xml&container=default&view=default&lang=en&country=US&debug=1&nocache=1&sanitize=0&v=d8213105a7083aec18c9bce3596dddd0&testmode=0&parent=https%3A%2F%2Flocalhost%3A9443&mid=0" "Mozilla/5.0 (Windows NT 6.2; WOW64; rv:32.0) Gecko/20100101 Firefox/32.0"
0:0:0:0:0:0:0:1 - - [24/Sep/2014:14:21:50 +0530] "GET /store/apis/tag/gadget HTTP/1.1" 200 284 "https://localhost:9443//gadgets/ifr?url=http%3A%2F%2Flocalhost%3A9763%2Fportal%2Fgadgets%2Fshow-assets%2Fshow-assets.xml&container=default&view=default&lang=en&country=US&debug=1&nocache=1&sanitize=0&v=d8213105a7083aec18c9bce3596dddd0&testmode=0&parent=https%3A%2F%2Flocalhost%3A9443&mid=0" "Mozilla/5.0 (Windows NT 6.2; WOW64; rv:32.0) Gecko/20100101 Firefox/32.0"
